<html>
<body>
<pre>
<h1>礦ision Build Log</h1>
<h2>Tool Versions:</h2>
IDE-Version: μVision V5.23.0.0
Copyright (C) 2017 ARM Ltd and ARM Germany GmbH. All rights reserved.
License Information: JP Microsoft, Microsoft, LIC=RC9PC-7E8C7-4SPY4-FWVJ4-C9LMU-3BG43
 
Tool Versions:
Toolchain:       MDK-ARM Plus  Version: 5.23
Toolchain Path:  C:\Keil_v5\ARM\ARMCC\Bin
C Compiler:      Armcc.exe V5.06 update 4 (build 422)
Assembler:       Armasm.exe V5.06 update 4 (build 422)
Linker/Locator:  ArmLink.exe V5.06 update 4 (build 422)
Library Manager: ArmAr.exe V5.06 update 4 (build 422)
Hex Converter:   FromElf.exe V5.06 update 4 (build 422)
CPU DLL:         SARMCM3.DLL V5.23
Dialog DLL:      DCM.DLL V1.15.0.0
Target DLL:      Segger\JL2CM3.dll V2.99.23.0
Dialog DLL:      TCM.DLL V1.27.0.0
 
<h2>Project:</h2>
D:\兔顽科技\固件开发\4代\GIGA_MP1_PLUS_2023\MP2_useLIB\MDK-ARM\tuwan3g.uvprojx
Project File Date:  08/26/2022

<h2>Output:</h2>
*** Using Compiler 'V5.06 update 4 (build 422)', folder: 'C:\Keil_v5\ARM\ARMCC\Bin'
Build target 'tuwan3g'
compiling stm32f4xx_hal_i2c_ex.c...
compiling stm32f4xx_hal_cortex.c...
compiling stm32f4xx_hal_uart.c...
compiling stm32f4xx_hal.c...
compiling stm32f4xx_hal_rcc.c...
compiling stm32f4xx_hal_i2c.c...
compiling stm32f4xx_hal_flash_ramfunc.c...
compiling stm32f4xx_hal_gpio.c...
compiling stm32f4xx_hal_dma_ex.c...
compiling stm32f4xx_hal_rcc_ex.c...
compiling stm32f4xx_hal_i2s.c...
compiling stm32f4xx_hal_dma.c...
compiling stm32f4xx_hal_pwr.c...
compiling stm32f4xx_hal_tim.c...
compiling stm32f4xx_hal_spi.c...
compiling stm32f4xx_hal_tim_ex.c...
compiling stm32f4xx_hal_flash.c...
compiling stm32f4xx_hal_pwr_ex.c...
compiling stm32f4xx_hal_i2s_ex.c...
compiling stm32f4xx_hal_flash_ex.c...
compiling stm32f4xx_hal_adc.c...
compiling stm32f4xx_hal_adc_ex.c...
compiling stm32f4xx_hal_rtc_ex.c...
compiling stm32f4xx_hal_rtc.c...
compiling ForthTeminal.c...
compiling freertos.c...
compiling ForthDecode.c...
../Inc/config.h(6): warning:  #1-D: last line of file ends without a newline
  #endif
../Inc/SpiFlashFileSys.h(106): warning:  #1-D: last line of file ends without a newline
  unsigned char Read_Backup_RTC_test(void);
..\Src\Forth\ForthDecode.c(66): warning:  #940-D: missing return statement at end of non-void function "strnlen2" 
  }
..\Src\Forth\ForthDecode.c: 3 warnings, 0 errors
compiling ForthWords.c...
compiling stm32f4xx_it.c...
compiling stm32f4xx_hal_msp.c...
compiling main.c...
../Inc/config.h(6): warning:  #1-D: last line of file ends without a newline
  #endif
../Inc/SpiFlashFileSys.h(106): warning:  #1-D: last line of file ends without a newline
  unsigned char Read_Backup_RTC_test(void);
../Src/main.c(131): warning:  #177-D: variable "I_delay"  was declared but never referenced
  	uint32_t I_delay=0,k;
../Src/main.c(131): warning:  #177-D: variable "k"  was declared but never referenced
  	uint32_t I_delay=0,k;
../Src/main.c(1281): warning:  #174-D: expression has no effect
  			  
_NOP;
../Src/main.c(1285): warning:  #174-D: expression has no effect
  			  
_NOP;
../Src/main.c(1291): warning:  #174-D: expression has no effect
  			  
_NOP;
../Src/main.c(1297): warning:  #174-D: expression has no effect
  			  
_NOP;
../Src/main.c(1324): warning:  #174-D: expression has no effect
  			  
_NOP;
../Src/main.c(1328): warning:  #174-D: expression has no effect
  			  
_NOP;
../Src/main.c(1334): warning:  #174-D: expression has no effect
  			  
_NOP;
../Src/main.c(1340): warning:  #174-D: expression has no effect
  			  
_NOP;
../Src/main.c(507): warning:  #177-D: function "MX_I2C1_Init"  was declared but never referenced
  extern void MX_I2C1_Init(void)
../Src/main.c: 13 warnings, 0 errors
compiling stm32f4xx_hal_timebase_TIM.c...
compiling flash.c...
../Inc/config.h(6): warning:  #1-D: last line of file ends without a newline
  #endif
../Inc/SpiFlashFileSys.h(106): warning:  #1-D: last line of file ends without a newline
  unsigned char Read_Backup_RTC_test(void);
..\Src\flash.c: 2 warnings, 0 errors
compiling I2S.c...
../Inc/config.h(6): warning:  #1-D: last line of file ends without a newline
  #endif
../Inc/SpiFlashFileSys.h(106): warning:  #1-D: last line of file ends without a newline
  unsigned char Read_Backup_RTC_test(void);
..\Src\I2S.c: 2 warnings, 0 errors
compiling snore.c...
../Inc/config.h(6): warning:  #1-D: last line of file ends without a newline
  #endif
../Inc/SpiFlashFileSys.h(106): warning:  #1-D: last line of file ends without a newline
  unsigned char Read_Backup_RTC_test(void);
..\Src\snore.c(209): warning:  #177-D: variable "i"  was declared but never referenced
      int i;
..\Src\snore.c(786): warning:  #1035-D: single-precision operand implicitly converted to double-precision
         dynamic_weight= (int)(max_temp_weight/1000.0);
..\Src\snore.c(768): warning:  #177-D: variable "j"  was declared but never referenced
  	 int i,j;
..\Src\snore.c(1150): warning:  #550-D: variable "highlowEn"  was set but never used
          uint8_t  highlowEn=0;
..\Src\snore.c(1733): warning:  #177-D: variable "k"  was declared but never referenced
  	static unsigned char k=0;
..\Src\snore.c: 7 warnings, 0 errors
compiling InputOutput.c...
../Inc/config.h(6): warning:  #1-D: last line of file ends without a newline
  #endif
../Inc/SpiFlashFileSys.h(106): warning:  #1-D: last line of file ends without a newline
  unsigned char Read_Backup_RTC_test(void);
..\Src\InputOutput.c(301): warning:  #188-D: enumerated type mixed with another type
  			HAL_GPIO_WritePin(
PIOC,
PIO_PIN_4, 0);
..\Src\InputOutput.c(302): warning:  #188-D: enumerated type mixed with another type
  			HAL_GPIO_WritePin(
PIOC,
PIO_PIN_5, 0);
..\Src\InputOutput.c(306): warning:  #188-D: enumerated type mixed with another type
  			HAL_GPIO_WritePin(
PIOC,
PIO_PIN_4, state);
..\Src\InputOutput.c(307): warning:  #188-D: enumerated type mixed with another type
  			HAL_GPIO_WritePin(
PIOC,
PIO_PIN_5, 0);
..\Src\InputOutput.c(313): warning:  #188-D: enumerated type mixed with another type
  			HAL_GPIO_WritePin(
PIOC,
PIO_PIN_5, state);
..\Src\InputOutput.c(314): warning:  #188-D: enumerated type mixed with another type
  			HAL_GPIO_WritePin(
PIOC,
PIO_PIN_4, state);
..\Src\InputOutput.c: 8 warnings, 0 errors
compiling tuwan.c...
../Inc/config.h(6): warning:  #1-D: last line of file ends without a newline
  #endif
../Inc/SpiFlashFileSys.h(106): warning:  #1-D: last line of file ends without a newline
  unsigned char Read_Backup_RTC_test(void);
../Inc/SpiFlashFileSys.h(106): warning:  #1-D: last line of file ends without a newline
  unsigned char Read_Backup_RTC_test(void);
..\Src\tuwan.c(481): warning:  #177-D: variable "tick"  was declared but never referenced
  	  unsigned short tick;
..\Src\tuwan.c(1016): warning:  #167-D: argument of type "unsigned char *" is incompatible with parameter of type "char *restrict"
  	offset += sprintf(SendData+offset,"Upgrade Finished,will restart firmware again...\n");  	 
..\Src\tuwan.c(1017): warning:  #167-D: argument of type "unsigned char *" is incompatible with parameter of type "const char *"
  	uart_send(SendData, strlen(SendData));
..\Src\tuwan.c(1027): warning:  #167-D: argument of type "unsigned char *" is incompatible with parameter of type "char *restrict"
  		   offset += sprintf(SendData+offset,"IMAGE A Upgrade To: %1d.%1d.%3d\n",NeedUpgradePara.ver3,NeedUpgradePara.ver2,NeedUpgradePara.ver1);  
..\Src\tuwan.c(1031): warning:  #167-D: argument of type "unsigned char *" is incompatible with parameter of type "char *restrict"
  			 offset += sprintf(SendData+offset,"IMAGE B Upgrade To: %1d.%1d.%3d\n",NeedUpgradePara.ver3,NeedUpgradePara.ver2,NeedUpgradePara.ver1); 
..\Src\tuwan.c(1034): warning:  #167-D: argument of type "unsigned char *" is incompatible with parameter of type "char *restrict"
  	offset += sprintf(SendData+offset,"Firmware Size: %7d\n",NeedUpgradePara.firmwareSize); 
..\Src\tuwan.c(1035): warning:  #167-D: argument of type "unsigned char *" is incompatible with parameter of type "char *restrict"
  	offset += sprintf(SendData+offset,"Checksum: %7x\n",NeedUpgradePara.checksum);	
..\Src\tuwan.c(1036): warning:  #167-D: argument of type "unsigned char *" is incompatible with parameter of type "char *restrict"
    offset += sprintf(SendData+offset,"Receiving data and upgrading...\n");  	 
..\Src\tuwan.c(1037): warning:  #167-D: argument of type "unsigned char *" is incompatible with parameter of type "const char *"
  	uart_send(SendData, strlen(SendData));									
..\Src\tuwan.c(1047): warning:  #167-D: argument of type "unsigned char *" is incompatible with parameter of type "char *restrict"
   	 	 offset += sprintf(SendData+offset,"System Poweron or Software Restart!\n");
..\Src\tuwan.c(1051): warning:  #167-D: argument of type "unsigned char *" is incompatible with parameter of type "char *restrict"
  		   offset += sprintf(SendData+offset,"RUN IMAGE B\n"); 
..\Src\tuwan.c(1055): warning:  #167-D: argument of type "unsigned char *" is incompatible with parameter of type "char *restrict"
  			 offset += sprintf(SendData+offset,"RUN IMAGE A\n");
..\Src\tuwan.c(1058): warning:  #167-D: argument of type "unsigned char *" is incompatible with parameter of type "char *restrict"
  			offset += sprintf(SendData+offset,"IMAGE A VERSION: %4d\n",g_systemParameter.imgAver); 
..\Src\tuwan.c(1059): warning:  #167-D: argument of type "unsigned char *" is incompatible with parameter of type "char *restrict"
        offset += sprintf(SendData+offset,"IMAGE B VERSION: %4d\n",g_systemParameter.imgBver);
..\Src\tuwan.c(1060): warning:  #167-D: argument of type "unsigned char *" is incompatible with parameter of type "char *restrict"
  			offset += sprintf(SendData+offset,"Latest Upgrade Version: %4d\n",g_systemParameter.upgradeType);
..\Src\tuwan.c(1064): warning:  #167-D: argument of type "unsigned char *" is incompatible with parameter of type "const char *"
  	   uart_send(SendData, strlen(SendData));
..\Src\tuwan.c(1115): warning:  #174-D: expression has no effect
  					  
_NOP;
..\Src\tuwan.c(1099): warning:  #550-D: variable "new_option_byte"  was set but never used
  		uint16_t old_option_byte,new_option_byte,k;
..\Src\tuwan.c(1099): warning:  #177-D: variable "k"  was declared but never referenced
  		uint16_t old_option_byte,new_option_byte,k;
..\Src\tuwan.c(1129): warning:  #167-D: argument of type "unsigned char *" is incompatible with parameter of type "char *restrict"
   	 	 offset += sprintf(SendData+offset,"RUN1\n");
..\Src\tuwan.c(1132): warning:  #167-D: argument of type "unsigned char *" is incompatible with parameter of type "char *restrict"
  			offset += sprintf(SendData+offset,"g_systemParameter.upgradeType: %4d\n",g_systemParameter.upgradeType); 
..\Src\tuwan.c(1133): warning:  #167-D: argument of type "unsigned char *" is incompatible with parameter of type "char *restrict"
        offset += sprintf(SendData+offset,"SOFTWARE_VERSION: %4d\n",
OFTWARE_VERSION);
..\Src\tuwan.c(1135): warning:  #167-D: argument of type "unsigned char *" is incompatible with parameter of type "const char *"
  	   uart_send(SendData, strlen(SendData));
..\Src\tuwan.c(1143): warning:  #167-D: argument of type "unsigned char *" is incompatible with parameter of type "char *restrict"
   	 	 offset += sprintf(SendData+offset,"RUN2\n");
..\Src\tuwan.c(1146): warning:  #167-D: argument of type "unsigned char *" is incompatible with parameter of type "char *restrict"
  			offset += sprintf(SendData+offset,"g_systemParameter.imgBver: %4d\n",g_systemParameter.imgBver); 
..\Src\tuwan.c(1147): warning:  #167-D: argument of type "unsigned char *" is incompatible with parameter of type "char *restrict"
        offset += sprintf(SendData+offset,"SOFTWARE_VERSION: %4d\n",
OFTWARE_VERSION);
..\Src\tuwan.c(1149): warning:  #167-D: argument of type "unsigned char *" is incompatible with parameter of type "const char *"
  	   uart_send(SendData, strlen(SendData));
..\Src\tuwan.c(1158): warning:  #167-D: argument of type "unsigned char *" is incompatible with parameter of type "char *restrict"
   	 	 offset += sprintf(SendData+offset,"RUN3\n");
..\Src\tuwan.c(1161): warning:  #167-D: argument of type "unsigned char *" is incompatible with parameter of type "char *restrict"
  			offset += sprintf(SendData+offset,"g_systemParameter.imgAver: %4d\n",g_systemParameter.imgAver); 
..\Src\tuwan.c(1162): warning:  #167-D: argument of type "unsigned char *" is incompatible with parameter of type "char *restrict"
        offset += sprintf(SendData+offset,"SOFTWARE_VERSION: %4d\n",
OFTWARE_VERSION);
..\Src\tuwan.c(1164): warning:  #167-D: argument of type "unsigned char *" is incompatible with parameter of type "const char *"
  	   uart_send(SendData, strlen(SendData));
..\Src\tuwan.c(1171): warning:  #177-D: variable "cureent_version"  was declared but never referenced
  	 int cureent_version;
..\Src\tuwan.c(1383): warning:  #167-D: argument of type "unsigned char *" is incompatible with parameter of type "char *restrict"
  	    offset += sprintf(SendData+offset,"SPI Year: %4d\n",sdatestructure.Year); 
..\Src\tuwan.c(1384): warning:  #167-D: argument of type "unsigned char *" is incompatible with parameter of type "char *restrict"
  	    offset += sprintf(SendData+offset,"SPI Month: %4d\n",sdatestructure.Month);
..\Src\tuwan.c(1385): warning:  #167-D: argument of type "unsigned char *" is incompatible with parameter of type "char *restrict"
  			offset += sprintf(SendData+offset,"SPI Day: %4d\n",sdatestructure.Date);
..\Src\tuwan.c(1391): warning:  #167-D: argument of type "unsigned char *" is incompatible with parameter of type "const char *"
  	   uart_send(SendData, strlen(SendData));
..\Src\tuwan.c(1436): warning:  #177-D: variable "year"  was declared but never referenced
  		uint16_t d1_year,d2_year,year;
..\Src\tuwan.c(1437): warning:  #177-D: variable "month"  was declared but never referenced
  	  uint8_t d1_month,d2_month,month;
..\Src\tuwan.c(1438): warning:  #177-D: variable "day"  was declared but never referenced
  	  uint8_t d1_day,d2_day,day;
..\Src\tuwan.c(1439): warning:  #550-D: variable "hour"  was set but never used
  	  uint8_t d1_hour,d2_hour,hour;
..\Src\tuwan.c(1440): warning:  #550-D: variable "minute"  was set but never used
  		uint8_t d1_minute,d2_minute,minute;
..\Src\tuwan.c(1441): warning:  #550-D: variable "second"  was set but never used
  		uint8_t d1_second,d2_second,second;
..\Src\tuwan.c(1770): warning:  #167-D: argument of type "unsigned char *" is incompatible with parameter of type "char *restrict"
  		    offset += sprintf(SendData+offset,"%2d ",sdatestructure.Year);
..\Src\tuwan.c(1771): warning:  #167-D: argument of type "unsigned char *" is incompatible with parameter of type "char *restrict"
  		    offset += sprintf(SendData+offset,"%2d ",sdatestructure.Month);	
..\Src\tuwan.c(1772): warning:  #167-D: argument of type "unsigned char *" is incompatible with parameter of type "char *restrict"
  		    offset += sprintf(SendData+offset,"%d ",sdatestructure.Date);
..\Src\tuwan.c(1773): warning:  #167-D: argument of type "unsigned char *" is incompatible with parameter of type "char *restrict"
  	      offset += sprintf(SendData+offset,"%2d ",stimestructure.Hours);
..\Src\tuwan.c(1774): warning:  #167-D: argument of type "unsigned char *" is incompatible with parameter of type "char *restrict"
  		    offset += sprintf(SendData+offset,"%2d ",stimestructure.Minutes);	
..\Src\tuwan.c(1775): warning:  #167-D: argument of type "unsigned char *" is incompatible with parameter of type "char *restrict"
  		    offset += sprintf(SendData+offset,"%d ",stimestructure.Seconds);		    	
..\Src\tuwan.c(1776): warning:  #167-D: argument of type "unsigned char *" is incompatible with parameter of type "char *restrict"
  	      offset += sprintf(SendData+offset,"#\n");		 
..\Src\tuwan.c(1777): warning:  #167-D: argument of type "unsigned char *" is incompatible with parameter of type "const char *"
  	      uart_send(SendData, strlen(SendData));
..\Src\tuwan.c(1785): warning:  #167-D: argument of type "unsigned char *" is incompatible with parameter of type "char *restrict"
  	      offset += sprintf(SendData+offset,"\n\n");
..\Src\tuwan.c(1786): warning:  #167-D: argument of type "unsigned char *" is incompatible with parameter of type "char *restrict"
  		    offset += sprintf(SendData+offset,"%2d ",gStorageData.Snore.StartTime[0]);
..\Src\tuwan.c(1787): warning:  #167-D: argument of type "unsigned char *" is incompatible with parameter of type "char *restrict"
  		    offset += sprintf(SendData+offset,"%2d ",gStorageData.Snore.StartTime[1]);	
..\Src\tuwan.c(1788): warning:  #167-D: argument of type "unsigned char *" is incompatible with parameter of type "char *restrict"
  		    offset += sprintf(SendData+offset,"%2d ",gStorageData.Snore.StartTime[2]);
..\Src\tuwan.c(1789): warning:  #167-D: argument of type "unsigned char *" is incompatible with parameter of type "char *restrict"
  	      offset += sprintf(SendData+offset,"%2d ",gStorageData.Snore.StartTime[3]);
..\Src\tuwan.c(1790): warning:  #167-D: argument of type "unsigned char *" is incompatible with parameter of type "char *restrict"
  		    offset += sprintf(SendData+offset,"%2d ",gStorageData.Snore.StartTime[4]);	
..\Src\tuwan.c(1791): warning:  #167-D: argument of type "unsigned char *" is incompatible with parameter of type "char *restrict"
  		    offset += sprintf(SendData+offset,"%2d ",0);		    	
..\Src\tuwan.c(1793): warning:  #167-D: argument of type "unsigned char *" is incompatible with parameter of type "const char *"
  	      uart_send(SendData, strlen(SendData));
..\Src\tuwan.c(1805): warning:  #167-D: argument of type "unsigned char *" is incompatible with parameter of type "char *restrict"
  		    offset += sprintf(SendData+offset,"%2d ",detailed_snore.StartTime[0]);
..\Src\tuwan.c(1806): warning:  #167-D: argument of type "unsigned char *" is incompatible with parameter of type "char *restrict"
  		    offset += sprintf(SendData+offset,"%2d ",detailed_snore.StartTime[1]);	
..\Src\tuwan.c(1807): warning:  #167-D: argument of type "unsigned char *" is incompatible with parameter of type "char *restrict"
  		    offset += sprintf(SendData+offset,"%2d ",detailed_snore.StartTime[2]);
..\Src\tuwan.c(1808): warning:  #167-D: argument of type "unsigned char *" is incompatible with parameter of type "char *restrict"
  	      offset += sprintf(SendData+offset,"%2d ",detailed_snore.StartTime[3]);
..\Src\tuwan.c(1811): warning:  #167-D: argument of type "unsigned char *" is incompatible with parameter of type "char *restrict"
  					offset += sprintf(SendData+offset,"%2d ",detailed_snore.StartTime[4]);
..\Src\tuwan.c(1812): warning:  #167-D: argument of type "unsigned char *" is incompatible with parameter of type "char *restrict"
  		      offset += sprintf(SendData+offset,"%2d ",detailed_snore.SSnoreTimes);	
..\Src\tuwan.c(1813): warning:  #167-D: argument of type "unsigned char *" is incompatible with parameter of type "char *restrict"
  		      offset += sprintf(SendData+offset,"%2d ",detailed_snore.MSnoreTimes);
..\Src\tuwan.c(1814): warning:  #167-D: argument of type "unsigned char *" is incompatible with parameter of type "char *restrict"
  	        offset += sprintf(SendData+offset,"%2d ",detailed_snore.LSnoreTimes);
..\Src\tuwan.c(1817): warning:  #167-D: argument of type "unsigned char *" is incompatible with parameter of type "char *restrict"
  					  offset += sprintf(SendData+offset,"%2d ",detailed_snore.Airbag1Times);
..\Src\tuwan.c(1818): warning:  #167-D: argument of type "unsigned char *" is incompatible with parameter of type "char *restrict"
  		        offset += sprintf(SendData+offset,"%2d ",detailed_snore.Airbag2Times);	
..\Src\tuwan.c(1819): warning:  #167-D: argument of type "unsigned char *" is incompatible with parameter of type "char *restrict"
  		        offset += sprintf(SendData+offset,"%2d ",detailed_snore.Airbag3Times);
..\Src\tuwan.c(1820): warning:  #167-D: argument of type "unsigned char *" is incompatible with parameter of type "char *restrict"
  	          offset += sprintf(SendData+offset,"%2d ",detailed_snore.Airbag4Times);	
..\Src\tuwan.c(1824): warning:  #167-D: argument of type "unsigned char *" is incompatible with parameter of type "char *restrict"
  					  offset += sprintf(SendData+offset,"%2d ",detailed_snore.person_on_minute);
..\Src\tuwan.c(1825): warning:  #167-D: argument of type "unsigned char *" is incompatible with parameter of type "char *restrict"
  		        offset += sprintf(SendData+offset,"%2d ",detailed_snore.person_on_second);	
..\Src\tuwan.c(1826): warning:  #167-D: argument of type "unsigned char *" is incompatible with parameter of type "char *restrict"
  		        offset += sprintf(SendData+offset,"%2d ",detailed_snore.person_off_minute);
..\Src\tuwan.c(1827): warning:  #167-D: argument of type "unsigned char *" is incompatible with parameter of type "char *restrict"
  	          offset += sprintf(SendData+offset,"%2d ",detailed_snore.person_off_second);
..\Src\tuwan.c(1832): warning:  #167-D: argument of type "unsigned char *" is incompatible with parameter of type "char *restrict"
  	      offset += sprintf(SendData+offset,"\n");		 
..\Src\tuwan.c(1833): warning:  #167-D: argument of type "unsigned char *" is incompatible with parameter of type "const char *"
  	      uart_send(SendData, strlen(SendData));
..\Src\tuwan.c(1844): warning:  #167-D: argument of type "unsigned char *" is incompatible with parameter of type "char *restrict"
  	      offset += sprintf(SendData+offset,"\n");
..\Src\tuwan.c(1845): warning:  #167-D: argument of type "unsigned char *" is incompatible with parameter of type "char *restrict"
  		    offset += sprintf(SendData+offset,"%2d ",pump_record_process_repaet_flag);
..\Src\tuwan.c(1846): warning:  #167-D: argument of type "unsigned char *" is incompatible with parameter of type "char *restrict"
  		    offset += sprintf(SendData+offset,"%2d ",pump_operation_time_read_pointer);	
..\Src\tuwan.c(1847): warning:  #167-D: argument of type "unsigned char *" is incompatible with parameter of type "char *restrict"
  		    offset += sprintf(SendData+offset,"%2d ",pump_operation_time_write_pointer);
..\Src\tuwan.c(1848): warning:  #167-D: argument of type "unsigned char *" is incompatible with parameter of type "char *restrict"
  	      offset += sprintf(SendData+offset,"%2d ",pump_operation_time[pump_operation_time_read_pointer][0]);
..\Src\tuwan.c(1850): warning:  #167-D: argument of type "unsigned char *" is incompatible with parameter of type "char *restrict"
  					offset += sprintf(SendData+offset,"%2d ",pump_operation_time[0][0]);
..\Src\tuwan.c(1852): warning:  #167-D: argument of type "unsigned char *" is incompatible with parameter of type "char *restrict"
  	        offset += sprintf(SendData+offset,"%2d ",pump_operation_time[pump_operation_time_read_pointer+1][0]);
..\Src\tuwan.c(1854): warning:  #167-D: argument of type "unsigned char *" is incompatible with parameter of type "char *restrict"
  					offset += sprintf(SendData+offset,"%2d ",pump_operation_time[0][0]);
..\Src\tuwan.c(1856): warning:  #167-D: argument of type "unsigned char *" is incompatible with parameter of type "char *restrict"
  					offset += sprintf(SendData+offset,"%2d ",pump_operation_time[1][0]);
..\Src\tuwan.c(1858): warning:  #167-D: argument of type "unsigned char *" is incompatible with parameter of type "char *restrict"
  					offset += sprintf(SendData+offset,"%2d ",pump_operation_time[pump_operation_time_read_pointer+2][0]);
..\Src\tuwan.c(1859): warning:  #167-D: argument of type "unsigned char *" is incompatible with parameter of type "char *restrict"
  	      offset += sprintf(SendData+offset,"\n");
..\Src\tuwan.c(1863): warning:  #167-D: argument of type "unsigned char *" is incompatible with parameter of type "const char *"
  	      uart_send(SendData, strlen(SendData));
..\Src\tuwan.c(1875): warning:  #167-D: argument of type "unsigned char *" is incompatible with parameter of type "char *restrict"
  	      offset += sprintf(SendData+offset,"Device Date&Time: ");
..\Src\tuwan.c(1876): warning:  #167-D: argument of type "unsigned char *" is incompatible with parameter of type "char *restrict"
  		    offset += sprintf(SendData+offset,"%2d ",snoreData.StartTime[0]);
..\Src\tuwan.c(1877): warning:  #167-D: argument of type "unsigned char *" is incompatible with parameter of type "char *restrict"
  		    offset += sprintf(SendData+offset,"%2d ",snoreData.StartTime[1]);	
..\Src\tuwan.c(1878): warning:  #167-D: argument of type "unsigned char *" is incompatible with parameter of type "char *restrict"
  		    offset += sprintf(SendData+offset,"%2d ",snoreData.StartTime[2]);
..\Src\tuwan.c(1879): warning:  #167-D: argument of type "unsigned char *" is incompatible with parameter of type "char *restrict"
  	      offset += sprintf(SendData+offset,"%2d ",snoreData.StartTime[3]);
..\Src\tuwan.c(1880): warning:  #167-D: argument of type "unsigned char *" is incompatible with parameter of type "char *restrict"
  	      offset += sprintf(SendData+offset,"%2d ",snoreData.StartTime[4]);
..\Src\tuwan.c(1882): warning:  #167-D: argument of type "unsigned char *" is incompatible with parameter of type "char *restrict"
  	      offset += sprintf(SendData+offset,"Ontime: ");
..\Src\tuwan.c(1886): warning:  #167-D: argument of type "unsigned char *" is incompatible with parameter of type "char *restrict"
  					offset += sprintf(SendData+offset,"No ");
..\Src\tuwan.c(1906): warning:  #167-D: argument of type "unsigned char *" is incompatible with parameter of type "char *restrict"
              offset += sprintf(SendData+offset,"%2d ",minute);
..\Src\tuwan.c(1907): warning:  #167-D: argument of type "unsigned char *" is incompatible with parameter of type "char *restrict"
  	          offset += sprintf(SendData+offset,"%2d ",second);						
..\Src\tuwan.c(1911): warning:  #167-D: argument of type "unsigned char *" is incompatible with parameter of type "char *restrict"
  	      offset += sprintf(SendData+offset,"Offtime: ");
..\Src\tuwan.c(1916): warning:  #167-D: argument of type "unsigned char *" is incompatible with parameter of type "char *restrict"
  					offset += sprintf(SendData+offset,"No ");
..\Src\tuwan.c(1936): warning:  #167-D: argument of type "unsigned char *" is incompatible with parameter of type "char *restrict"
              offset += sprintf(SendData+offset,"%2d ",minute);
..\Src\tuwan.c(1937): warning:  #167-D: argument of type "unsigned char *" is incompatible with parameter of type "char *restrict"
  	          offset += sprintf(SendData+offset,"%2d ",second);						
..\Src\tuwan.c(1943): warning:  #167-D: argument of type "unsigned char *" is incompatible with parameter of type "char *restrict"
  	      offset += sprintf(SendData+offset,"\n");	      
..\Src\tuwan.c(1946): warning:  #167-D: argument of type "unsigned char *" is incompatible with parameter of type "const char *"
  	      uart_send(SendData, strlen(SendData));	
..\Src\tuwan.c(2000): warning:  #177-D: variable "s"  was declared but never referenced
  	char s[100];
..\Src\tuwan.c(2321): warning:  #111-D: statement is unreachable
  										break;									
..\Src\tuwan.c(2417): warning:  #111-D: statement is unreachable
  										break;
..\Src\tuwan.c(3836): warning:  #111-D: statement is unreachable
  									  break;
..\Src\tuwan.c(2029): warning:  #177-D: variable "snoreAver"  was declared but never referenced
   	unsigned short temp,snoreAver=0,recordTotal=100;
..\Src\tuwan.c(2029): warning:  #177-D: variable "recordTotal"  was declared but never referenced
   	unsigned short temp,snoreAver=0,recordTotal=100;
..\Src\tuwan.c(2031): warning:  #177-D: variable "flashBuf"  was declared but never referenced
  	unsigned int  flashBuf[4],i;
..\Src\tuwan.c(2032): warning:  #550-D: variable "j"  was set but never used
  	uint8_t pump_time_read_temp,j,k,state,pump_temp;	
..\Src\tuwan.c(4990): warning:  #223-D: function "AirSensor_person_detect_init" declared implicitly
  										AirSensor_person_detect_init();
..\Src\tuwan.c(5172): warning:  #223-D: function "AirSensor_person_detect_init" declared implicitly
  										AirSensor_person_detect_init();
..\Src\tuwan.c(4881): warning:  #177-D: variable "t"  was declared but never referenced
  	unsigned char t,j;
..\Src\tuwan.c(4881): warning:  #177-D: variable "j"  was declared but never referenced
  	unsigned char t,j;
..\Src\tuwan.c: 119 warnings, 0 errors
compiling W25Q16.c...
../Inc/config.h(6): warning:  #1-D: last line of file ends without a newline
  #endif
../Inc/SpiFlashFileSys.h(106): warning:  #1-D: last line of file ends without a newline
  unsigned char Read_Backup_RTC_test(void);
..\Src\W25Q16.c(197): warning:  #550-D: variable "i"  was set but never used
  	  unsigned short i=0;
..\Src\W25Q16.c: 3 warnings, 0 errors
compiling position.c...
../Inc/config.h(6): warning:  #1-D: last line of file ends without a newline
  #endif
../Inc/SpiFlashFileSys.h(106): warning:  #1-D: last line of file ends without a newline
  unsigned char Read_Backup_RTC_test(void);
../Inc/snortask.h(7): warning:  #1-D: last line of file ends without a newline
  #endif
../Inc/SpiFlashFileSys.h(106): warning:  #1-D: last line of file ends without a newline
  unsigned char Read_Backup_RTC_test(void);
..\Src\position.c(958): warning:  #167-D: argument of type "unsigned char *" is incompatible with parameter of type "char *restrict"
  		 offset += sprintf(SendData+offset,"%6d ",MIC_data_MAX[0]);
..\Src\position.c(959): warning:  #167-D: argument of type "unsigned char *" is incompatible with parameter of type "char *restrict"
  	   offset += sprintf(SendData+offset,"%6d ",MIC_data_Min[0]);
..\Src\position.c(960): warning:  #167-D: argument of type "unsigned char *" is incompatible with parameter of type "char *restrict"
  	   offset += sprintf(SendData+offset,"%6d ",MIC_data_MAX[1]);
..\Src\position.c(961): warning:  #167-D: argument of type "unsigned char *" is incompatible with parameter of type "char *restrict"
  	   offset += sprintf(SendData+offset,"%6d ",MIC_data_Min[1]);
..\Src\position.c(963): warning:  #167-D: argument of type "unsigned char *" is incompatible with parameter of type "char *restrict"
  	   offset += sprintf(SendData+offset,"%6d ",Walve_poweron_time);
..\Src\position.c(964): warning:  #167-D: argument of type "unsigned char *" is incompatible with parameter of type "char *restrict"
  	   offset += sprintf(SendData+offset,"%6d ",Walve_poweroff_time);
..\Src\position.c(968): warning:  #167-D: argument of type "unsigned char *" is incompatible with parameter of type "char *restrict"
  		 offset += sprintf(SendData+offset,"|\n");
..\Src\position.c(971): warning:  #223-D: function "strlen" declared implicitly
  	   uart_send(SendData, strlen(SendData));
..\Src\position.c(979): warning:  #167-D: argument of type "unsigned char *" is incompatible with parameter of type "char *restrict"
  	offset += sprintf(SendData+offset,"\nSystem Power ON or Software Reset Error! Error_Code=%3d\n\n",Error_Code);	 
..\Src\position.c(980): warning:  #223-D: function "strlen" declared implicitly
  	uart_send(SendData, strlen(SendData));	
..\Src\position.c(990): warning:  #167-D: argument of type "unsigned char *" is incompatible with parameter of type "char *restrict"
  	 offset += sprintf(SendData+offset,"System Power ON or Software Restart!\n");	 
..\Src\position.c(991): warning:  #223-D: function "strlen" declared implicitly
  	 uart_send(SendData, strlen(SendData));	
..\Src\position.c(1003): warning:  #167-D: argument of type "unsigned char *" is incompatible with parameter of type "char *restrict"
  			offset += sprintf(SendData+offset,"1");
..\Src\position.c(1005): warning:  #167-D: argument of type "unsigned char *" is incompatible with parameter of type "char *restrict"
  			offset += sprintf(SendData+offset,"0");
..\Src\position.c(1007): warning:  #167-D: argument of type "unsigned char *" is incompatible with parameter of type "char *restrict"
  		 offset += sprintf(SendData+offset,"|");
..\Src\position.c(1011): warning:  #167-D: argument of type "unsigned char *" is incompatible with parameter of type "char *restrict"
  		 offset += sprintf(SendData+offset,"%4d ",Airsensor.AirSensor_Avgvalue);
..\Src\position.c(1012): warning:  #167-D: argument of type "unsigned char *" is incompatible with parameter of type "char *restrict"
  		 offset += sprintf(SendData+offset,"%4d",Airsensor.AirSensor_pressure_sample_avg);
..\Src\position.c(1018): warning:  #167-D: argument of type "unsigned char *" is incompatible with parameter of type "char *restrict"
  		 offset += sprintf(SendData+offset,"|");
..\Src\position.c(1023): warning:  #167-D: argument of type "unsigned char *" is incompatible with parameter of type "char *restrict"
  		 offset += sprintf(SendData+offset,"%d",Airsensor.AirSensor_step_stable_flag);
..\Src\position.c(1024): warning:  #167-D: argument of type "unsigned char *" is incompatible with parameter of type "char *restrict"
  		 offset += sprintf(SendData+offset,"| ");
..\Src\position.c(1034): warning:  #167-D: argument of type "unsigned char *" is incompatible with parameter of type "char *restrict"
  		 offset += sprintf(SendData+offset,"%4d ",Airsensor.pressure_stable_value_diff_between_now_before);
..\Src\position.c(1036): warning:  #167-D: argument of type "unsigned char *" is incompatible with parameter of type "char *restrict"
  		 offset += sprintf(SendData+offset,"%4d",Airsensor.AirSensor_stepnum_between_twostablestate);	 
..\Src\position.c(1044): warning:  #167-D: argument of type "unsigned char *" is incompatible with parameter of type "char *restrict"
  		 offset += sprintf(SendData+offset,"|");
..\Src\position.c(1059): warning:  #167-D: argument of type "unsigned char *" is incompatible with parameter of type "char *restrict"
  		 offset += sprintf(SendData+offset,"%1d",Airsensor.personon_by_positioncheck_flag);
..\Src\position.c(1060): warning:  #167-D: argument of type "unsigned char *" is incompatible with parameter of type "char *restrict"
  		 offset += sprintf(SendData+offset,"|");
..\Src\position.c(1062): warning:  #167-D: argument of type "unsigned char *" is incompatible with parameter of type "char *restrict"
  		 offset += sprintf(SendData+offset,"%3d",PVEvol8*2);     //real音量
..\Src\position.c(1063): warning:  #167-D: argument of type "unsigned char *" is incompatible with parameter of type "char *restrict"
  		 offset += sprintf(SendData+offset,"%2d",PillowControl.SnoreOn);
..\Src\position.c(1074): warning:  #167-D: argument of type "unsigned char *" is incompatible with parameter of type "char *restrict"
  		 offset += sprintf(SendData+offset,"|");
..\Src\position.c(1076): warning:  #167-D: argument of type "unsigned char *" is incompatible with parameter of type "char *restrict"
  		 offset += sprintf(SendData+offset,"%1d",ActionSteps);		 
..\Src\position.c(1077): warning:  #167-D: argument of type "unsigned char *" is incompatible with parameter of type "char *restrict"
  		 offset += sprintf(SendData+offset,"%2d",AppCtrlBag.enable);
..\Src\position.c(1079): warning:  #167-D: argument of type "unsigned char *" is incompatible with parameter of type "char *restrict"
  		 offset += sprintf(SendData+offset,"|");
..\Src\position.c(1082): warning:  #167-D: argument of type "unsigned char *" is incompatible with parameter of type "char *restrict"
       offset += sprintf(SendData+offset,"%4d",sdatestructure.Year);
..\Src\position.c(1083): warning:  #167-D: argument of type "unsigned char *" is incompatible with parameter of type "char *restrict"
  		 offset += sprintf(SendData+offset,"/");
..\Src\position.c(1084): warning:  #167-D: argument of type "unsigned char *" is incompatible with parameter of type "char *restrict"
  		 offset += sprintf(SendData+offset,"%2d",sdatestructure.Month);
..\Src\position.c(1085): warning:  #167-D: argument of type "unsigned char *" is incompatible with parameter of type "char *restrict"
  		 offset += sprintf(SendData+offset,"/");
..\Src\position.c(1086): warning:  #167-D: argument of type "unsigned char *" is incompatible with parameter of type "char *restrict"
  		 offset += sprintf(SendData+offset,"%2d",sdatestructure.Date);
..\Src\position.c(1087): warning:  #167-D: argument of type "unsigned char *" is incompatible with parameter of type "char *restrict"
  		 offset += sprintf(SendData+offset," ");
..\Src\position.c(1088): warning:  #167-D: argument of type "unsigned char *" is incompatible with parameter of type "char *restrict"
       offset += sprintf(SendData+offset,"%2d",stimestructure.Hours); 
..\Src\position.c(1089): warning:  #167-D: argument of type "unsigned char *" is incompatible with parameter of type "char *restrict"
       offset += sprintf(SendData+offset,":"); 		 
..\Src\position.c(1090): warning:  #167-D: argument of type "unsigned char *" is incompatible with parameter of type "char *restrict"
       offset += sprintf(SendData+offset,"%2d",stimestructure.Minutes);
..\Src\position.c(1091): warning:  #167-D: argument of type "unsigned char *" is incompatible with parameter of type "char *restrict"
  		 offset += sprintf(SendData+offset,":");
..\Src\position.c(1092): warning:  #167-D: argument of type "unsigned char *" is incompatible with parameter of type "char *restrict"
  		 offset += sprintf(SendData+offset,"%2d",stimestructure.Seconds);
..\Src\position.c(1094): warning:  #167-D: argument of type "unsigned char *" is incompatible with parameter of type "char *restrict"
  		 offset += sprintf(SendData+offset,"|");
..\Src\position.c(1096): warning:  #167-D: argument of type "unsigned char *" is incompatible with parameter of type "char *restrict"
       offset += sprintf(SendData+offset,"%1d ",gStorageData.SensorLevel); 
..\Src\position.c(1097): warning:  #167-D: argument of type "unsigned char *" is incompatible with parameter of type "char *restrict"
       offset += sprintf(SendData+offset,"%1d",gStorageData.HeadpositionLevel);		 
..\Src\position.c(1101): warning:  #167-D: argument of type "unsigned char *" is incompatible with parameter of type "char *restrict"
  		 offset += sprintf(SendData+offset,"|");
..\Src\position.c(1107): warning:  #167-D: argument of type "unsigned char *" is incompatible with parameter of type "char *restrict"
         offset += sprintf(SendData+offset,"%5d",gStorageData.SPIFlashAddress-gStorageData.SPIFlashOutAddress);
..\Src\position.c(1111): warning:  #167-D: argument of type "unsigned char *" is incompatible with parameter of type "char *restrict"
         offset += sprintf(SendData+offset,"%5d",gStorageData.SPIFlashAddress+
NORE_DATA_CNT-gStorageData.SPIFlashOutAddress);
..\Src\position.c(1113): warning:  #167-D: argument of type "unsigned char *" is incompatible with parameter of type "char *restrict"
  		 offset += sprintf(SendData+offset,"|");
..\Src\position.c(1126): warning:  #167-D: argument of type "unsigned char *" is incompatible with parameter of type "char *restrict"
  		 offset += sprintf(SendData+offset,"%2d",study_hour_start);
..\Src\position.c(1127): warning:  #167-D: argument of type "unsigned char *" is incompatible with parameter of type "char *restrict"
  		 offset += sprintf(SendData+offset,":");
..\Src\position.c(1128): warning:  #167-D: argument of type "unsigned char *" is incompatible with parameter of type "char *restrict"
  		 offset += sprintf(SendData+offset,"%2d ",study_min_start);
..\Src\position.c(1129): warning:  #167-D: argument of type "unsigned char *" is incompatible with parameter of type "char *restrict"
  		 offset += sprintf(SendData+offset,"%2d",study_hour_end);
..\Src\position.c(1130): warning:  #167-D: argument of type "unsigned char *" is incompatible with parameter of type "char *restrict"
  		 offset += sprintf(SendData+offset,":");
..\Src\position.c(1131): warning:  #167-D: argument of type "unsigned char *" is incompatible with parameter of type "char *restrict"
  		 offset += sprintf(SendData+offset,"%2d ",study_min_end);
..\Src\position.c(1133): warning:  #167-D: argument of type "unsigned char *" is incompatible with parameter of type "char *restrict"
  		 offset += sprintf(SendData+offset,"%2d ",Airsensor.Sleep_snore_study_flag);
..\Src\position.c(1139): warning:  #167-D: argument of type "unsigned char *" is incompatible with parameter of type "char *restrict"
  		 offset += sprintf(SendData+offset,"|");
..\Src\position.c(1166): warning:  #167-D: argument of type "unsigned char *" is incompatible with parameter of type "char *restrict"
  		 offset += sprintf(SendData+offset,"%2d ",vectors_num_temp);
..\Src\position.c(1167): warning:  #167-D: argument of type "unsigned char *" is incompatible with parameter of type "char *restrict"
  		 offset += sprintf(SendData+offset,"%2d",valid_vcetors_num_temp);
..\Src\position.c(1168): warning:  #167-D: argument of type "unsigned char *" is incompatible with parameter of type "char *restrict"
  		 offset += sprintf(SendData+offset,"|");
..\Src\position.c(1169): warning:  #167-D: argument of type "unsigned char *" is incompatible with parameter of type "char *restrict"
  		 offset += sprintf(SendData+offset,"%5d",snore_times_every_sleep);
..\Src\position.c(1170): warning:  #167-D: argument of type "unsigned char *" is incompatible with parameter of type "char *restrict"
  		 offset += sprintf(SendData+offset,"|");
..\Src\position.c(1171): warning:  #167-D: argument of type "unsigned char *" is incompatible with parameter of type "char *restrict"
  		 offset += sprintf(SendData+offset,"%1d ",Config.autostudy);
..\Src\position.c(1172): warning:  #167-D: argument of type "unsigned char *" is incompatible with parameter of type "char *restrict"
  		 offset += sprintf(SendData+offset,"%5d ",max_vectorweight_inLIB);
..\Src\position.c(1173): warning:  #167-D: argument of type "unsigned char *" is incompatible with parameter of type "char *restrict"
  		 offset += sprintf(SendData+offset,"%4d ",dynamic_weight);
..\Src\position.c(1174): warning:  #167-D: argument of type "unsigned char *" is incompatible with parameter of type "char *restrict"
  		 offset += sprintf(SendData+offset,"%3d",Snore_MaxDB_Detected);
..\Src\position.c(1178): warning:  #167-D: argument of type "unsigned char *" is incompatible with parameter of type "char *restrict"
  		 offset += sprintf(SendData+offset,"|");
..\Src\position.c(1202): warning:  #167-D: argument of type "unsigned char *" is incompatible with parameter of type "char *restrict"
  			 offset += sprintf(SendData+offset,"0 ");
..\Src\position.c(1204): warning:  #167-D: argument of type "unsigned char *" is incompatible with parameter of type "char *restrict"
  			 offset += sprintf(SendData+offset,"1 ");
..\Src\position.c(1206): warning:  #167-D: argument of type "unsigned char *" is incompatible with parameter of type "char *restrict"
  			 offset += sprintf(SendData+offset,"2 ");
..\Src\position.c(1207): warning:  #167-D: argument of type "unsigned char *" is incompatible with parameter of type "char *restrict"
  		 offset += sprintf(SendData+offset,"%1d ",Airsensor.period_snore_checkposition_counter);
..\Src\position.c(1221): warning:  #167-D: argument of type "unsigned char *" is incompatible with parameter of type "char *restrict"
  		 offset += sprintf(SendData+offset,"V");
..\Src\position.c(1222): warning:  #167-D: argument of type "unsigned char *" is incompatible with parameter of type "char *restrict"
  		 offset += sprintf(SendData+offset,"%1d",
OARD_VERSION);
..\Src\position.c(1223): warning:  #167-D: argument of type "unsigned char *" is incompatible with parameter of type "char *restrict"
  		 offset += sprintf(SendData+offset,".");
..\Src\position.c(1224): warning:  #167-D: argument of type "unsigned char *" is incompatible with parameter of type "char *restrict"
  		 offset += sprintf(SendData+offset,"%1d",
ASTER_VERSION);
..\Src\position.c(1225): warning:  #167-D: argument of type "unsigned char *" is incompatible with parameter of type "char *restrict"
  		 offset += sprintf(SendData+offset,"."); 
..\Src\position.c(1226): warning:  #167-D: argument of type "unsigned char *" is incompatible with parameter of type "char *restrict"
  		 offset += sprintf(SendData+offset,"%2d",
OFTWARE_VERSION);
..\Src\position.c(1227): warning:  #167-D: argument of type "unsigned char *" is incompatible with parameter of type "char *restrict"
  		 offset += sprintf(SendData+offset,"\n");
..\Src\position.c(1235): warning:  #167-D: argument of type "unsigned char *" is incompatible with parameter of type "char *restrict"
  			 offset += sprintf(SendData+offset,"\n");
..\Src\position.c(1247): warning:  #167-D: argument of type "unsigned char *" is incompatible with parameter of type "char *restrict"
  						 offset += sprintf(SendData+offset,"  (R)\n");
..\Src\position.c(1252): warning:  #167-D: argument of type "unsigned char *" is incompatible with parameter of type "char *restrict"
  				 offset += sprintf(SendData+offset,"%3x",BT_Recieved_Data_From_App_Buffer[i]);
..\Src\position.c(1255): warning:  #167-D: argument of type "unsigned char *" is incompatible with parameter of type "char *restrict"
  			 offset += sprintf(SendData+offset,"  (R)\n\n");
..\Src\position.c(1261): warning:  #167-D: argument of type "unsigned char *" is incompatible with parameter of type "char *restrict"
  			 offset += sprintf(SendData+offset,"\n");
..\Src\position.c(1273): warning:  #167-D: argument of type "unsigned char *" is incompatible with parameter of type "char *restrict"
  						 offset += sprintf(SendData+offset,"  (S)\n");
..\Src\position.c(1278): warning:  #167-D: argument of type "unsigned char *" is incompatible with parameter of type "char *restrict"
  				 offset += sprintf(SendData+offset,"%3x",BT_Sent_Data_To_App_Buffer[i]);
..\Src\position.c(1281): warning:  #167-D: argument of type "unsigned char *" is incompatible with parameter of type "char *restrict"
  			 offset += sprintf(SendData+offset,"  (S)\n\n");
..\Src\position.c(1306): warning:  #167-D: argument of type "unsigned char *" is incompatible with parameter of type "char *restrict"
  		    offset += sprintf(SendData+offset,"%2d ",PillowMaxOne_Willbesend);
..\Src\position.c(1307): warning:  #167-D: argument of type "unsigned char *" is incompatible with parameter of type "char *restrict"
  		    offset += sprintf(SendData+offset,"%2d ",Pillow2ndMaxOne_Willbesend);
..\Src\position.c(1309): warning:  #167-D: argument of type "unsigned char *" is incompatible with parameter of type "char *restrict"
  		    offset += sprintf(SendData+offset,"%d ",secondtest);
..\Src\position.c(1310): warning:  #167-D: argument of type "unsigned char *" is incompatible with parameter of type "char *restrict"
  		    offset += sprintf(SendData+offset,"# ");
..\Src\position.c(1311): warning:  #167-D: argument of type "unsigned char *" is incompatible with parameter of type "char *restrict"
  		    offset += sprintf(SendData+offset,"%4d ",Airsensor.AirSensor_PressureValueAvg[0]);
..\Src\position.c(1312): warning:  #167-D: argument of type "unsigned char *" is incompatible with parameter of type "char *restrict"
  		    offset += sprintf(SendData+offset,"%4d ",Airsensor.AirSensor_PressureValueAvg[1]);
..\Src\position.c(1313): warning:  #167-D: argument of type "unsigned char *" is incompatible with parameter of type "char *restrict"
  		    offset += sprintf(SendData+offset,"%4d ",Airsensor.AirSensor_PressureValueAvg[2]);
..\Src\position.c(1314): warning:  #167-D: argument of type "unsigned char *" is incompatible with parameter of type "char *restrict"
  		    offset += sprintf(SendData+offset,"%4d ",Airsensor.AirSensor_PressureValueAvg[3]);
..\Src\position.c(1315): warning:  #167-D: argument of type "unsigned char *" is incompatible with parameter of type "char *restrict"
  		    offset += sprintf(SendData+offset,"# ");
..\Src\position.c(1316): warning:  #167-D: argument of type "unsigned char *" is incompatible with parameter of type "char *restrict"
  		    offset += sprintf(SendData+offset,"%4d ",Airsensor.AirSensor_PressureValue_Diff[0]);
..\Src\position.c(1317): warning:  #167-D: argument of type "unsigned char *" is incompatible with parameter of type "char *restrict"
  	      offset += sprintf(SendData+offset,"%4d ",Airsensor.AirSensor_PressureValue_Diff[1]);
..\Src\position.c(1318): warning:  #167-D: argument of type "unsigned char *" is incompatible with parameter of type "char *restrict"
  		    offset += sprintf(SendData+offset,"%4d ",Airsensor.AirSensor_PressureValue_Diff[2]);
..\Src\position.c(1319): warning:  #167-D: argument of type "unsigned char *" is incompatible with parameter of type "char *restrict"
  		    offset += sprintf(SendData+offset,"%4d ",Airsensor.AirSensor_PressureValue_Diff[3]);
..\Src\position.c(1320): warning:  #167-D: argument of type "unsigned char *" is incompatible with parameter of type "char *restrict"
  	      offset += sprintf(SendData+offset,"| ");
..\Src\position.c(1334): warning:  #167-D: argument of type "unsigned char *" is incompatible with parameter of type "char *restrict"
  	      offset += sprintf(SendData+offset,"%4d ",Airsensor.AirSensor_PressureValue_Diff_filtered[0]);
..\Src\position.c(1335): warning:  #167-D: argument of type "unsigned char *" is incompatible with parameter of type "char *restrict"
  	      offset += sprintf(SendData+offset,"%4d ",Airsensor.AirSensor_PressureValue_Diff_filtered[1]);
..\Src\position.c(1336): warning:  #167-D: argument of type "unsigned char *" is incompatible with parameter of type "char *restrict"
  	      offset += sprintf(SendData+offset,"%4d ",Airsensor.AirSensor_PressureValue_Diff_filtered[2]);
..\Src\position.c(1337): warning:  #167-D: argument of type "unsigned char *" is incompatible with parameter of type "char *restrict"
  				offset += sprintf(SendData+offset,"%4d ",Airsensor.AirSensor_PressureValue_Diff_filtered[3]);	
..\Src\position.c(1338): warning:  #167-D: argument of type "unsigned char *" is incompatible with parameter of type "char *restrict"
  	      offset += sprintf(SendData+offset,"| ");
..\Src\position.c(1339): warning:  #167-D: argument of type "unsigned char *" is incompatible with parameter of type "char *restrict"
  		    offset += sprintf(SendData+offset,"%4d ",Airsensor.AvgDiff);
..\Src\position.c(1340): warning:  #167-D: argument of type "unsigned char *" is incompatible with parameter of type "char *restrict"
  		    offset += sprintf(SendData+offset,"%4d ",Airsensor.AvgDiff1);
..\Src\position.c(1341): warning:  #167-D: argument of type "unsigned char *" is incompatible with parameter of type "char *restrict"
  		    offset += sprintf(SendData+offset,"%4d ",Airsensor.AvgDiff_Total);
..\Src\position.c(1342): warning:  #167-D: argument of type "unsigned char *" is incompatible with parameter of type "char *restrict"
  		    offset += sprintf(SendData+offset,"# ");	
..\Src\position.c(1344): warning:  #167-D: argument of type "unsigned char *" is incompatible with parameter of type "char *restrict"
  		    offset += sprintf(SendData+offset,"%4d ",Airsensor.AirSensor_fast_check_mode);
..\Src\position.c(1346): warning:  #167-D: argument of type "unsigned char *" is incompatible with parameter of type "char *restrict"
          offset += sprintf(SendData+offset,"%4d ",PVEvol8);     //real音量
..\Src\position.c(1348): warning:  #167-D: argument of type "unsigned char *" is incompatible with parameter of type "char *restrict"
          offset += sprintf(SendData+offset,"%2d ",Airsensor.personon_by_positioncheck_flag);
..\Src\position.c(1350): warning:  #167-D: argument of type "unsigned char *" is incompatible with parameter of type "char *restrict"
  				offset += sprintf(SendData+offset,"$*#\n");		 
..\Src\position.c(1353): warning:  #223-D: function "strlen" declared implicitly
  	      uart_send(SendData, strlen(SendData)); //总共106个ASCII字节
..\Src\position.c(1363): warning:  #177-D: variable "tt"  was declared but never referenced
        uint8_t tt;
..\Src\position.c(1440): warning:  #177-D: variable "j"  was declared but never referenced
  	uint16_t i,j;
..\Src\position.c(2310): warning:  #177-D: variable "i"  was declared but never referenced
      uint8_t i;
..\Src\position.c(2311): warning:  #177-D: variable "sum"  was declared but never referenced
  	  uint16_t sum=0;
..\Src\position.c(2439): warning:  #177-D: variable "tt"  was declared but never referenced
  	  uint8_t tt=0;
..\Src\position.c(2663): warning:  #167-D: argument of type "unsigned char *" is incompatible with parameter of type "char *restrict"
  	   offset += sprintf(SendData+offset,"BLE S/N:"); 
..\Src\position.c(2671): warning:  #167-D: argument of type "unsigned char *" is incompatible with parameter of type "char *restrict"
  		 offset += sprintf(SendData+offset,"\n");
..\Src\position.c(2673): warning:  #167-D: argument of type "unsigned char *" is incompatible with parameter of type "char *restrict"
  		 offset += sprintf(SendData+offset,"BLE S/N NAME Set OK!\n");
..\Src\position.c(2675): warning:  #223-D: function "strlen" declared implicitly
  	   uart_send(SendData, strlen(SendData));
..\Src\position.c(2684): warning:  #167-D: argument of type "unsigned char *" is incompatible with parameter of type "char *restrict"
  	   offset += sprintf(SendData+offset,"BLE S/N:"); 
..\Src\position.c(2692): warning:  #167-D: argument of type "unsigned char *" is incompatible with parameter of type "char *restrict"
  		 offset += sprintf(SendData+offset,"\n");
..\Src\position.c(2694): warning:  #167-D: argument of type "unsigned char *" is incompatible with parameter of type "char *restrict"
  		 offset += sprintf(SendData+offset,"BLE S/N NAME Set NG!\n");
..\Src\position.c(2696): warning:  #223-D: function "strlen" declared implicitly
  	   uart_send(SendData, strlen(SendData));
..\Src\position.c(2702): warning:  #550-D: variable "d"  was set but never used
  	unsigned short a,b,c,d,e;
..\Src\position.c(2702): warning:  #550-D: variable "e"  was set but never used
  	unsigned short a,b,c,d,e;
..\Src\position.c(3118): warning:  #223-D: function "memset" declared implicitly
  					memset(&gStorageData.Snore,0,sizeof(SnoreData_def));
..\Src\position.c(3160): warning:  #177-D: variable "hourtemp"  was declared but never referenced
  					uint16_t hourtemp=0,mintemp=0;
..\Src\position.c(2718): warning:  #177-D: variable "i"  was declared but never referenced
  	  uint8_t i,j;
..\Src\position.c(2718): warning:  #177-D: variable "j"  was declared but never referenced
  	  uint8_t i,j;
..\Src\position.c(2719): warning:  #177-D: variable "pump_record_process_repaet_flag"  was declared but never referenced
  	  uint8_t pump_record_process_repaet_flag=0;
..\Src\position.c(2720): warning:  #177-D: variable "pump_time_read_temp"  was declared but never referenced
  	  uint8_t pump_time_read_temp;
..\Src\position.c(2721): warning:  #177-D: variable "no_snore_recently_flag1"  was declared but never referenced
  	  uint8_t no_snore_recently_flag1=0;
..\Src\position.c(3542): warning:  #167-D: argument of type "unsigned char *" is incompatible with parameter of type "char *restrict"
  	      offset += sprintf(SendData+offset,"\n\n");
..\Src\position.c(3543): warning:  #167-D: argument of type "unsigned char *" is incompatible with parameter of type "char *restrict"
  		    offset += sprintf(SendData+offset,"%2d ",snoreData_temp.StartTime[0]);
..\Src\position.c(3544): warning:  #167-D: argument of type "unsigned char *" is incompatible with parameter of type "char *restrict"
  		    offset += sprintf(SendData+offset,"%2d ",snoreData_temp.StartTime[1]);	
..\Src\position.c(3545): warning:  #167-D: argument of type "unsigned char *" is incompatible with parameter of type "char *restrict"
  		    offset += sprintf(SendData+offset,"%2d ",snoreData_temp.StartTime[2]);
..\Src\position.c(3546): warning:  #167-D: argument of type "unsigned char *" is incompatible with parameter of type "char *restrict"
  	      offset += sprintf(SendData+offset,"%2d ",snoreData_temp.StartTime[3]);
..\Src\position.c(3547): warning:  #167-D: argument of type "unsigned char *" is incompatible with parameter of type "char *restrict"
  		    offset += sprintf(SendData+offset,"%2d ",snoreData_temp.StartTime[4]);	
..\Src\position.c(3548): warning:  #167-D: argument of type "unsigned char *" is incompatible with parameter of type "char *restrict"
  		    offset += sprintf(SendData+offset,"%2d ",0);		    	
..\Src\position.c(3550): warning:  #223-D: function "strlen" declared implicitly
  	      uart_send(SendData, strlen(SendData));
..\Src\position.c(3560): warning:  #167-D: argument of type "unsigned char *" is incompatible with parameter of type "char *restrict"
  		    offset += sprintf(SendData+offset,"%2d ",snoreData_temp.StartTime[0]);
..\Src\position.c(3561): warning:  #167-D: argument of type "unsigned char *" is incompatible with parameter of type "char *restrict"
  		    offset += sprintf(SendData+offset,"%2d ",snoreData_temp.StartTime[1]);	
..\Src\position.c(3562): warning:  #167-D: argument of type "unsigned char *" is incompatible with parameter of type "char *restrict"
  		    offset += sprintf(SendData+offset,"%2d ",snoreData_temp.StartTime[2]);
..\Src\position.c(3563): warning:  #167-D: argument of type "unsigned char *" is incompatible with parameter of type "char *restrict"
  	      offset += sprintf(SendData+offset,"%2d ",snoreData_temp.StartTime[3]);
..\Src\position.c(3566): warning:  #167-D: argument of type "unsigned char *" is incompatible with parameter of type "char *restrict"
  					offset += sprintf(SendData+offset,"%2d ",snoreData_temp.StartTime[4]);
..\Src\position.c(3567): warning:  #167-D: argument of type "unsigned char *" is incompatible with parameter of type "char *restrict"
  		      offset += sprintf(SendData+offset,"%2d ",snoreData_temp.SSnoreTimes);	
..\Src\position.c(3568): warning:  #167-D: argument of type "unsigned char *" is incompatible with parameter of type "char *restrict"
  		      offset += sprintf(SendData+offset,"%2d ",snoreData_temp.MSnoreTimes);
..\Src\position.c(3569): warning:  #167-D: argument of type "unsigned char *" is incompatible with parameter of type "char *restrict"
  	        offset += sprintf(SendData+offset,"%2d ",snoreData_temp.LSnoreTimes);
..\Src\position.c(3572): warning:  #167-D: argument of type "unsigned char *" is incompatible with parameter of type "char *restrict"
  					  offset += sprintf(SendData+offset,"%2d ",snoreData_temp.Airbag1Times);
..\Src\position.c(3573): warning:  #167-D: argument of type "unsigned char *" is incompatible with parameter of type "char *restrict"
  		        offset += sprintf(SendData+offset,"%2d ",snoreData_temp.Airbag2Times);	
..\Src\position.c(3574): warning:  #167-D: argument of type "unsigned char *" is incompatible with parameter of type "char *restrict"
  		        offset += sprintf(SendData+offset,"%2d ",snoreData_temp.Airbag3Times);
..\Src\position.c(3575): warning:  #167-D: argument of type "unsigned char *" is incompatible with parameter of type "char *restrict"
  	          offset += sprintf(SendData+offset,"%2d ",snoreData_temp.Airbag4Times);			
..\Src\position.c(3578): warning:  #167-D: argument of type "unsigned char *" is incompatible with parameter of type "char *restrict"
  					    offset += sprintf(SendData+offset,"%2d ",snoreData_temp.person_on_minute);
..\Src\position.c(3579): warning:  #167-D: argument of type "unsigned char *" is incompatible with parameter of type "char *restrict"
  		          offset += sprintf(SendData+offset,"%2d ",snoreData_temp.person_on_second);	
..\Src\position.c(3580): warning:  #167-D: argument of type "unsigned char *" is incompatible with parameter of type "char *restrict"
  		          offset += sprintf(SendData+offset,"%2d ",snoreData_temp.person_off_minute);
..\Src\position.c(3581): warning:  #167-D: argument of type "unsigned char *" is incompatible with parameter of type "char *restrict"
  	            offset += sprintf(SendData+offset,"%2d ",snoreData_temp.person_off_second);
..\Src\position.c(3588): warning:  #223-D: function "strlen" declared implicitly
  	      uart_send(SendData, strlen(SendData));
..\Src\position.c(3597): warning:  #167-D: argument of type "unsigned char *" is incompatible with parameter of type "char *restrict"
  	      offset += sprintf(SendData+offset,"\n");		 
..\Src\position.c(3598): warning:  #223-D: function "strlen" declared implicitly
  	      uart_send(SendData, strlen(SendData));
..\Src\position.c(3609): warning:  #550-D: variable "tt"  was set but never used
  	   uint8_t tt=0;
..\Src\position.c(3723): warning:  #550-D: variable "tt"  was set but never used
  	      uint8_t tt;
..\Src\position.c(3737): warning:  #550-D: variable "tt"  was set but never used
  	      uint8_t tt;
..\Src\position.c: 170 warnings, 0 errors
compiling Qstruct.c...
compiling ActionTask.c...
../Inc/config.h(6): warning:  #1-D: last line of file ends without a newline
  #endif
../Inc/SpiFlashFileSys.h(106): warning:  #1-D: last line of file ends without a newline
  unsigned char Read_Backup_RTC_test(void);
..\Src\ActionTask.c(614): warning:  #177-D: variable "total"  was declared but never referenced
  	unsigned int total,time=0;
..\Src\ActionTask.c(734): warning:  #550-D: variable "total"  was set but never used
  	unsigned int total,time=0;
..\Src\ActionTask.c(1799): warning:  #167-D: argument of type "uint8_t *" is incompatible with parameter of type "char *restrict"
  		    offset += sprintf(SendData+offset,"%2d ",sdatestructure_snore.Year);
..\Src\ActionTask.c(1800): warning:  #167-D: argument of type "uint8_t *" is incompatible with parameter of type "char *restrict"
  		    offset += sprintf(SendData+offset,"%2d ",sdatestructure_snore.Month);	
..\Src\ActionTask.c(1801): warning:  #167-D: argument of type "uint8_t *" is incompatible with parameter of type "char *restrict"
  		    offset += sprintf(SendData+offset,"%2d ",sdatestructure_snore.Date);
..\Src\ActionTask.c(1802): warning:  #167-D: argument of type "uint8_t *" is incompatible with parameter of type "char *restrict"
  	      offset += sprintf(SendData+offset,"%2d ",stimestructure_snore.Hours);
..\Src\ActionTask.c(1803): warning:  #167-D: argument of type "uint8_t *" is incompatible with parameter of type "char *restrict"
  		    offset += sprintf(SendData+offset,"%2d ",stimestructure_snore.Minutes);	
..\Src\ActionTask.c(1804): warning:  #167-D: argument of type "uint8_t *" is incompatible with parameter of type "char *restrict"
  		    offset += sprintf(SendData+offset,"%2d ",stimestructure_snore.Seconds);		    	
..\Src\ActionTask.c(1805): warning:  #167-D: argument of type "uint8_t *" is incompatible with parameter of type "char *restrict"
  	      offset += sprintf(SendData+offset,"\n");		 
..\Src\ActionTask.c(1806): warning:  #167-D: argument of type "uint8_t *" is incompatible with parameter of type "const char *"
  	      uart_send(SendData, strlen(SendData));
..\Src\ActionTask.c(1813): warning:  #167-D: argument of type "uint8_t *" is incompatible with parameter of type "char *restrict"
  	      offset += sprintf(SendData+offset,"%2d ",sdatestructure_snore.Year);
..\Src\ActionTask.c(1814): warning:  #167-D: argument of type "uint8_t *" is incompatible with parameter of type "char *restrict"
  		    offset += sprintf(SendData+offset,"%2d ",sdatestructure_snore.Month);	
..\Src\ActionTask.c(1815): warning:  #167-D: argument of type "uint8_t *" is incompatible with parameter of type "char *restrict"
  		    offset += sprintf(SendData+offset,"%2d ",sdatestructure_snore.Date);
..\Src\ActionTask.c(1816): warning:  #167-D: argument of type "uint8_t *" is incompatible with parameter of type "char *restrict"
  	      offset += sprintf(SendData+offset,"%2d ",stimestructure_snore.Hours);
..\Src\ActionTask.c(1817): warning:  #167-D: argument of type "uint8_t *" is incompatible with parameter of type "char *restrict"
  		    offset += sprintf(SendData+offset,"%2d ",stimestructure_snore.Minutes);	
..\Src\ActionTask.c(1818): warning:  #167-D: argument of type "uint8_t *" is incompatible with parameter of type "char *restrict"
  		    offset += sprintf(SendData+offset,"%2d | ",stimestructure_snore.Seconds);	
..\Src\ActionTask.c(1821): warning:  #167-D: argument of type "uint8_t *" is incompatible with parameter of type "char *restrict"
  					offset += sprintf(SendData+offset,"%2d ",19);	
..\Src\ActionTask.c(1822): warning:  #167-D: argument of type "uint8_t *" is incompatible with parameter of type "char *restrict"
            offset += sprintf(SendData+offset,"%2d ",pump_operation_time[19][0]); 
..\Src\ActionTask.c(1826): warning:  #167-D: argument of type "uint8_t *" is incompatible with parameter of type "char *restrict"
  	       offset += sprintf(SendData+offset,"%2d ",pump_operation_time_write_pointer-1);	
..\Src\ActionTask.c(1827): warning:  #167-D: argument of type "uint8_t *" is incompatible with parameter of type "char *restrict"
           offset += sprintf(SendData+offset,"%2d ",pump_operation_time[pump_operation_time_write_pointer-1][0]); 
..\Src\ActionTask.c(1829): warning:  #167-D: argument of type "uint8_t *" is incompatible with parameter of type "char *restrict"
  	      offset += sprintf(SendData+offset,"\n\n");		 
..\Src\ActionTask.c(1830): warning:  #167-D: argument of type "uint8_t *" is incompatible with parameter of type "const char *"
  	      uart_send(SendData, strlen(SendData));
..\Src\ActionTask.c(2417): warning:  #177-D: variable "temp_flag"  was declared but never referenced
  								uint8_t temp_flag=0;
..\Src\ActionTask.c(2662): warning:  #177-D: variable "temp_flag"  was declared but never referenced
  									uint8_t temp_flag=0;
..\Src\ActionTask.c(2819): warning:  #550-D: variable "temp_flag"  was set but never used
  					uint8_t temp_flag=0;
..\Src\ActionTask.c(3004): warning:  #174-D: expression has no effect
  					   PillowControl.SnoreOn==
alse;
..\Src\ActionTask.c(3033): warning:  #174-D: expression has no effect
  				PillowControl.SnoreOn==
alse;
..\Src\ActionTask.c(1840): warning:  #177-D: variable "mode"  was declared but never referenced
  	unsigned char mode=0,headRunTime=0;
..\Src\ActionTask.c(1840): warning:  #177-D: variable "headRunTime"  was declared but never referenced
  	unsigned char mode=0,headRunTime=0;
..\Src\ActionTask.c(1841): warning:  #177-D: variable "t2"  was declared but never referenced
    	unsigned int t2=0,ti=0,temp,aTime=0;
..\Src\ActionTask.c(1841): warning:  #177-D: variable "ti"  was declared but never referenced
    	unsigned int t2=0,ti=0,temp,aTime=0;
..\Src\ActionTask.c(1841): warning:  #177-D: variable "aTime"  was declared but never referenced
    	unsigned int t2=0,ti=0,temp,aTime=0;
..\Src\ActionTask.c: 34 warnings, 0 errors
compiling SnoreTask.c...
../Inc/config.h(6): warning:  #1-D: last line of file ends without a newline
  #endif
../Inc/SpiFlashFileSys.h(106): warning:  #1-D: last line of file ends without a newline
  unsigned char Read_Backup_RTC_test(void);
..\Src\SnoreTask.c: 2 warnings, 0 errors
compiling SpiFlashFileSys.c...
../Inc/config.h(6): warning:  #1-D: last line of file ends without a newline
  #endif
../Inc/SpiFlashFileSys.h(106): warning:  #1-D: last line of file ends without a newline
  unsigned char Read_Backup_RTC_test(void);
..\Src\SpiFlashFileSys.c(643): warning:  #177-D: variable "i"  was declared but never referenced
  	int offset=0,i;
..\Src\SpiFlashFileSys.c: 3 warnings, 0 errors
assembling startup_stm32f405xx.s...
compiling imageJump.c...
../Inc/config.h(6): warning:  #1-D: last line of file ends without a newline
  #endif
../Inc/SpiFlashFileSys.h(106): warning:  #1-D: last line of file ends without a newline
  unsigned char Read_Backup_RTC_test(void);
..\Src\imageJump.c: 2 warnings, 0 errors
compiling cmsis_os.c...
compiling heap_4.c...
compiling event_groups.c...
compiling timers.c...
compiling bluetooth.c...
../Inc/config.h(6): warning:  #1-D: last line of file ends without a newline
  #endif
../Inc/SpiFlashFileSys.h(106): warning:  #1-D: last line of file ends without a newline
  unsigned char Read_Backup_RTC_test(void);
..\Src\bluetooth.c(204): warning:  #550-D: variable "RetError"  was set but never used
      uint8_t RetError=0;
..\Src\bluetooth.c(373): warning:  #177-D: variable "RetError"  was declared but never referenced
  	  uint8_t RetError=0;
..\Src\bluetooth.c(374): warning:  #177-D: variable "len"  was declared but never referenced
  	  uint8_t len,i,j,temp,counter;
..\Src\bluetooth.c(374): warning:  #177-D: variable "i"  was declared but never referenced
  	  uint8_t len,i,j,temp,counter;
..\Src\bluetooth.c(374): warning:  #177-D: variable "temp"  was declared but never referenced
  	  uint8_t len,i,j,temp,counter;
..\Src\bluetooth.c(449): warning:  #177-D: variable "RetError"  was declared but never referenced
  	  uint8_t RetError=0;
..\Src\bluetooth.c(450): warning:  #177-D: variable "len"  was declared but never referenced
  	  uint8_t len,i,j,temp,counter;
..\Src\bluetooth.c(450): warning:  #177-D: variable "j"  was declared but never referenced
  	  uint8_t len,i,j,temp,counter;
..\Src\bluetooth.c: 10 warnings, 0 errors
compiling list.c...
compiling croutine.c...
compiling queue.c...
compiling tasks.c...
compiling port.c...
compiling system_stm32f4xx.c...
linking...
Program Size: Code=73376 RO-data=18492 RW-data=1404 ZI-data=125484  
After Build - User command #1: fromelf.exe --bin -o "tuwan3g\tuwan3g.bin" "tuwan3g\tuwan3g.axf"
"tuwan3g\tuwan3g.axf" - 0 Error(s), 378 Warning(s).

<h2>Software Packages used:</h2>

Package Vendor: ARM
                http://www.keil.com/pack/ARM.CMSIS.5.9.0.pack
                ARM::CMSIS:CORE:5.6.0
                CMSIS (Common Microcontroller Software Interface Standard)
   * Component: CORE Version: 5.6.0

<h2>Collection of Component include folders:</h2>
  .\RTE\_tuwan3g
  D:\Arm\Packs\ARM\CMSIS\5.9.0\CMSIS\Core\Include
  D:\Arm\Packs\Keil\STM32F4xx_DFP\2.16.0\Drivers\CMSIS\Device\ST\STM32F4xx\Include

<h2>Collection of Component Files used:</h2>

   * Component: ARM::CMSIS:CORE:5.6.0
Build Time Elapsed:  00:00:54
</pre>
</body>
</html>
