<html>
<body>
<pre>
<h1>礦ision Build Log</h1>
<h2>Tool Versions:</h2>
IDE-Version: μVision V5.23.0.0
Copyright (C) 2017 ARM Ltd and ARM Germany GmbH. All rights reserved.
License Information: JP Microsoft, Microsoft, LIC=RC9PC-7E8C7-4SPY4-FWVJ4-C9LMU-3BG43
 
Tool Versions:
Toolchain:       MDK-ARM Plus  Version: 5.23
Toolchain Path:  C:\Keil_v5\ARM\ARMCC\Bin
C Compiler:      Armcc.exe V5.06 update 4 (build 422)
Assembler:       Armasm.exe V5.06 update 4 (build 422)
Linker/Locator:  ArmLink.exe V5.06 update 4 (build 422)
Library Manager: ArmAr.exe V5.06 update 4 (build 422)
Hex Converter:   FromElf.exe V5.06 update 4 (build 422)
CPU DLL:         SARMCM3.DLL V5.23
Dialog DLL:      DCM.DLL V1.15.0.0
Target DLL:      STLink\ST-LINKIII-KEIL_SWO.dll V2.0.18.0
Dialog DLL:      TCM.DLL V1.27.0.0
 
<h2>Project:</h2>
D:\兔顽科技\固件开发\4代\GIGA_MP1_PLUS_AUTO_NEW\MP2_useLIB\MDK-ARM_bak\tuwan3g.uvprojx
Project File Date:  01/06/2021

<h2>Output:</h2>
*** Using Compiler 'V5.06 update 4 (build 422)', folder: 'C:\Keil_v5\ARM\ARMCC\Bin'
Build target 'tuwan3g'
compiling stm32f4xx_hal_i2c_ex.c...
compiling stm32f4xx_hal_cortex.c...
compiling stm32f4xx_hal_uart.c...
compiling stm32f4xx_hal.c...
compiling stm32f4xx_hal_rcc.c...
compiling stm32f4xx_hal_i2c.c...
compiling stm32f4xx_hal_flash_ramfunc.c...
compiling stm32f4xx_hal_gpio.c...
compiling stm32f4xx_hal_dma_ex.c...
compiling stm32f4xx_hal_rcc_ex.c...
compiling stm32f4xx_hal_i2s.c...
compiling stm32f4xx_hal_dma.c...
compiling stm32f4xx_hal_pwr.c...
compiling stm32f4xx_hal_tim.c...
compiling stm32f4xx_hal_spi.c...
compiling stm32f4xx_hal_tim_ex.c...
compiling stm32f4xx_hal_flash.c...
compiling stm32f4xx_hal_pwr_ex.c...
compiling stm32f4xx_hal_flash_ex.c...
compiling stm32f4xx_hal_i2s_ex.c...
compiling stm32f4xx_hal_adc.c...
compiling stm32f4xx_hal_adc_ex.c...
compiling stm32f4xx_hal_rtc_ex.c...
compiling stm32f4xx_hal_rtc.c...
compiling ForthTeminal.c...
compiling freertos.c...
compiling ForthWords.c...
compiling ForthDecode.c...
../Inc/config.h(6): warning:  #1-D: last line of file ends without a newline
  #endif
../Inc/SpiFlashFileSys.h(101): warning:  #1-D: last line of file ends without a newline
  unsigned char Read_Backup_RTC_test(void);
..\Src\Forth\ForthDecode.c(66): warning:  #940-D: missing return statement at end of non-void function "strnlen2" 
  }
..\Src\Forth\ForthDecode.c: 3 warnings, 0 errors
compiling stm32f4xx_it.c...
compiling stm32f4xx_hal_msp.c...
compiling main.c...
../Inc/config.h(6): warning:  #1-D: last line of file ends without a newline
  #endif
../Inc/SpiFlashFileSys.h(101): warning:  #1-D: last line of file ends without a newline
  unsigned char Read_Backup_RTC_test(void);
../Src/main.c(129): warning:  #177-D: variable "I_delay"  was declared but never referenced
  	uint32_t I_delay=0,k;
../Src/main.c(129): warning:  #177-D: variable "k"  was declared but never referenced
  	uint32_t I_delay=0,k;
../Src/main.c(1276): warning:  #174-D: expression has no effect
  			  
_NOP;
../Src/main.c(1280): warning:  #174-D: expression has no effect
  			  
_NOP;
../Src/main.c(1286): warning:  #174-D: expression has no effect
  			  
_NOP;
../Src/main.c(1292): warning:  #174-D: expression has no effect
  			  
_NOP;
../Src/main.c(1319): warning:  #174-D: expression has no effect
  			  
_NOP;
../Src/main.c(1323): warning:  #174-D: expression has no effect
  			  
_NOP;
../Src/main.c(1329): warning:  #174-D: expression has no effect
  			  
_NOP;
../Src/main.c(1335): warning:  #174-D: expression has no effect
  			  
_NOP;
../Src/main.c(502): warning:  #177-D: function "MX_I2C1_Init"  was declared but never referenced
  extern void MX_I2C1_Init(void)
../Src/main.c: 13 warnings, 0 errors
compiling stm32f4xx_hal_timebase_TIM.c...
compiling flash.c...
../Inc/config.h(6): warning:  #1-D: last line of file ends without a newline
  #endif
../Inc/SpiFlashFileSys.h(101): warning:  #1-D: last line of file ends without a newline
  unsigned char Read_Backup_RTC_test(void);
..\Src\flash.c: 2 warnings, 0 errors
compiling I2S.c...
../Inc/config.h(6): warning:  #1-D: last line of file ends without a newline
  #endif
../Inc/SpiFlashFileSys.h(101): warning:  #1-D: last line of file ends without a newline
  unsigned char Read_Backup_RTC_test(void);
..\Src\I2S.c: 2 warnings, 0 errors
compiling InputOutput.c...
../Inc/config.h(6): warning:  #1-D: last line of file ends without a newline
  #endif
../Inc/SpiFlashFileSys.h(101): warning:  #1-D: last line of file ends without a newline
  unsigned char Read_Backup_RTC_test(void);
..\Src\InputOutput.c(299): warning:  #188-D: enumerated type mixed with another type
  			HAL_GPIO_WritePin(
PIOC,
PIO_PIN_4, 0);
..\Src\InputOutput.c(300): warning:  #188-D: enumerated type mixed with another type
  			HAL_GPIO_WritePin(
PIOC,
PIO_PIN_5, 0);
..\Src\InputOutput.c(304): warning:  #188-D: enumerated type mixed with another type
  			HAL_GPIO_WritePin(
PIOC,
PIO_PIN_4, state);
..\Src\InputOutput.c(305): warning:  #188-D: enumerated type mixed with another type
  			HAL_GPIO_WritePin(
PIOC,
PIO_PIN_5, 0);
..\Src\InputOutput.c(311): warning:  #188-D: enumerated type mixed with another type
  			HAL_GPIO_WritePin(
PIOC,
PIO_PIN_5, state);
..\Src\InputOutput.c(312): warning:  #188-D: enumerated type mixed with another type
  			HAL_GPIO_WritePin(
PIOC,
PIO_PIN_4, state);
..\Src\InputOutput.c: 8 warnings, 0 errors
compiling snore.c...
../Inc/config.h(6): warning:  #1-D: last line of file ends without a newline
  #endif
../Inc/SpiFlashFileSys.h(101): warning:  #1-D: last line of file ends without a newline
  unsigned char Read_Backup_RTC_test(void);
..\Src\snore.c(205): warning:  #177-D: variable "i"  was declared but never referenced
      int i;
..\Src\snore.c(775): warning:  #1035-D: single-precision operand implicitly converted to double-precision
         dynamic_weight= (int)(max_temp_weight/1000.0);
..\Src\snore.c(757): warning:  #177-D: variable "j"  was declared but never referenced
  	 int i,j;
..\Src\snore.c(1139): warning:  #550-D: variable "highlowEn"  was set but never used
          uint8_t  highlowEn=0;
..\Src\snore.c(1722): warning:  #177-D: variable "k"  was declared but never referenced
  	static unsigned char k=0;
..\Src\snore.c: 7 warnings, 0 errors
compiling tuwan.c...
../Inc/config.h(6): warning:  #1-D: last line of file ends without a newline
  #endif
../Inc/SpiFlashFileSys.h(101): warning:  #1-D: last line of file ends without a newline
  unsigned char Read_Backup_RTC_test(void);
../Inc/SpiFlashFileSys.h(101): warning:  #1-D: last line of file ends without a newline
  unsigned char Read_Backup_RTC_test(void);
..\Src\tuwan.c(400): warning:  #177-D: variable "tick"  was declared but never referenced
  	  unsigned short tick;
..\Src\tuwan.c(935): warning:  #167-D: argument of type "unsigned char *" is incompatible with parameter of type "char *restrict"
  	offset += sprintf(SendData+offset,"Upgrade Finished,will restart firmware again...\n");  	 
..\Src\tuwan.c(936): warning:  #167-D: argument of type "unsigned char *" is incompatible with parameter of type "const char *"
  	uart_send(SendData, strlen(SendData));
..\Src\tuwan.c(946): warning:  #167-D: argument of type "unsigned char *" is incompatible with parameter of type "char *restrict"
  		   offset += sprintf(SendData+offset,"IMAGE A Upgrade To: %1d.%1d.%3d\n",NeedUpgradePara.ver3,NeedUpgradePara.ver2,NeedUpgradePara.ver1);  
..\Src\tuwan.c(950): warning:  #167-D: argument of type "unsigned char *" is incompatible with parameter of type "char *restrict"
  			 offset += sprintf(SendData+offset,"IMAGE B Upgrade To: %1d.%1d.%3d\n",NeedUpgradePara.ver3,NeedUpgradePara.ver2,NeedUpgradePara.ver1); 
..\Src\tuwan.c(953): warning:  #167-D: argument of type "unsigned char *" is incompatible with parameter of type "char *restrict"
  	offset += sprintf(SendData+offset,"Firmware Size: %7d\n",NeedUpgradePara.firmwareSize); 
..\Src\tuwan.c(954): warning:  #167-D: argument of type "unsigned char *" is incompatible with parameter of type "char *restrict"
  	offset += sprintf(SendData+offset,"Checksum: %7x\n",NeedUpgradePara.checksum);	
..\Src\tuwan.c(955): warning:  #167-D: argument of type "unsigned char *" is incompatible with parameter of type "char *restrict"
    offset += sprintf(SendData+offset,"Receiving data and upgrading...\n");  	 
..\Src\tuwan.c(956): warning:  #167-D: argument of type "unsigned char *" is incompatible with parameter of type "const char *"
  	uart_send(SendData, strlen(SendData));									
..\Src\tuwan.c(966): warning:  #167-D: argument of type "unsigned char *" is incompatible with parameter of type "char *restrict"
   	 	 offset += sprintf(SendData+offset,"System Poweron or Software Restart!\n");
..\Src\tuwan.c(970): warning:  #167-D: argument of type "unsigned char *" is incompatible with parameter of type "char *restrict"
  		   offset += sprintf(SendData+offset,"RUN IMAGE B\n"); 
..\Src\tuwan.c(974): warning:  #167-D: argument of type "unsigned char *" is incompatible with parameter of type "char *restrict"
  			 offset += sprintf(SendData+offset,"RUN IMAGE A\n");
..\Src\tuwan.c(977): warning:  #167-D: argument of type "unsigned char *" is incompatible with parameter of type "char *restrict"
  			offset += sprintf(SendData+offset,"IMAGE A VERSION: %4d\n",g_systemParameter.imgAver); 
..\Src\tuwan.c(978): warning:  #167-D: argument of type "unsigned char *" is incompatible with parameter of type "char *restrict"
        offset += sprintf(SendData+offset,"IMAGE B VERSION: %4d\n",g_systemParameter.imgBver);
..\Src\tuwan.c(979): warning:  #167-D: argument of type "unsigned char *" is incompatible with parameter of type "char *restrict"
  			offset += sprintf(SendData+offset,"Latest Upgrade Version: %4d\n",g_systemParameter.upgradeType);
..\Src\tuwan.c(983): warning:  #167-D: argument of type "unsigned char *" is incompatible with parameter of type "const char *"
  	   uart_send(SendData, strlen(SendData));
..\Src\tuwan.c(1033): warning:  #174-D: expression has no effect
  					  
_NOP;
..\Src\tuwan.c(1018): warning:  #550-D: variable "new_option_byte"  was set but never used
  		uint16_t old_option_byte,new_option_byte,k;
..\Src\tuwan.c(1018): warning:  #177-D: variable "k"  was declared but never referenced
  		uint16_t old_option_byte,new_option_byte,k;
..\Src\tuwan.c(1047): warning:  #167-D: argument of type "unsigned char *" is incompatible with parameter of type "char *restrict"
   	 	 offset += sprintf(SendData+offset,"RUN1\n");
..\Src\tuwan.c(1050): warning:  #167-D: argument of type "unsigned char *" is incompatible with parameter of type "char *restrict"
  			offset += sprintf(SendData+offset,"g_systemParameter.upgradeType: %4d\n",g_systemParameter.upgradeType); 
..\Src\tuwan.c(1051): warning:  #167-D: argument of type "unsigned char *" is incompatible with parameter of type "char *restrict"
        offset += sprintf(SendData+offset,"SOFTWARE_VERSION: %4d\n",
OFTWARE_VERSION);
..\Src\tuwan.c(1053): warning:  #167-D: argument of type "unsigned char *" is incompatible with parameter of type "const char *"
  	   uart_send(SendData, strlen(SendData));
..\Src\tuwan.c(1061): warning:  #167-D: argument of type "unsigned char *" is incompatible with parameter of type "char *restrict"
   	 	 offset += sprintf(SendData+offset,"RUN2\n");
..\Src\tuwan.c(1064): warning:  #167-D: argument of type "unsigned char *" is incompatible with parameter of type "char *restrict"
  			offset += sprintf(SendData+offset,"g_systemParameter.imgBver: %4d\n",g_systemParameter.imgBver); 
..\Src\tuwan.c(1065): warning:  #167-D: argument of type "unsigned char *" is incompatible with parameter of type "char *restrict"
        offset += sprintf(SendData+offset,"SOFTWARE_VERSION: %4d\n",
OFTWARE_VERSION);
..\Src\tuwan.c(1067): warning:  #167-D: argument of type "unsigned char *" is incompatible with parameter of type "const char *"
  	   uart_send(SendData, strlen(SendData));
..\Src\tuwan.c(1076): warning:  #167-D: argument of type "unsigned char *" is incompatible with parameter of type "char *restrict"
   	 	 offset += sprintf(SendData+offset,"RUN3\n");
..\Src\tuwan.c(1079): warning:  #167-D: argument of type "unsigned char *" is incompatible with parameter of type "char *restrict"
  			offset += sprintf(SendData+offset,"g_systemParameter.imgAver: %4d\n",g_systemParameter.imgAver); 
..\Src\tuwan.c(1080): warning:  #167-D: argument of type "unsigned char *" is incompatible with parameter of type "char *restrict"
        offset += sprintf(SendData+offset,"SOFTWARE_VERSION: %4d\n",
OFTWARE_VERSION);
..\Src\tuwan.c(1082): warning:  #167-D: argument of type "unsigned char *" is incompatible with parameter of type "const char *"
  	   uart_send(SendData, strlen(SendData));
..\Src\tuwan.c(1276): warning:  #167-D: argument of type "unsigned char *" is incompatible with parameter of type "char *restrict"
  	    offset += sprintf(SendData+offset,"SPI Year: %4d\n",sdatestructure.Year); 
..\Src\tuwan.c(1277): warning:  #167-D: argument of type "unsigned char *" is incompatible with parameter of type "char *restrict"
  	    offset += sprintf(SendData+offset,"SPI Month: %4d\n",sdatestructure.Month);
..\Src\tuwan.c(1278): warning:  #167-D: argument of type "unsigned char *" is incompatible with parameter of type "char *restrict"
  			offset += sprintf(SendData+offset,"SPI Day: %4d\n",sdatestructure.Date);
..\Src\tuwan.c(1284): warning:  #167-D: argument of type "unsigned char *" is incompatible with parameter of type "const char *"
  	   uart_send(SendData, strlen(SendData));
..\Src\tuwan.c(1329): warning:  #177-D: variable "year"  was declared but never referenced
  		uint16_t d1_year,d2_year,year;
..\Src\tuwan.c(1330): warning:  #177-D: variable "month"  was declared but never referenced
  	  uint8_t d1_month,d2_month,month;
..\Src\tuwan.c(1331): warning:  #177-D: variable "day"  was declared but never referenced
  	  uint8_t d1_day,d2_day,day;
..\Src\tuwan.c(1332): warning:  #550-D: variable "hour"  was set but never used
  	  uint8_t d1_hour,d2_hour,hour;
..\Src\tuwan.c(1333): warning:  #550-D: variable "minute"  was set but never used
  		uint8_t d1_minute,d2_minute,minute;
..\Src\tuwan.c(1334): warning:  #550-D: variable "second"  was set but never used
  		uint8_t d1_second,d2_second,second;
..\Src\tuwan.c(1663): warning:  #167-D: argument of type "unsigned char *" is incompatible with parameter of type "char *restrict"
  		    offset += sprintf(SendData+offset,"%2d ",sdatestructure.Year);
..\Src\tuwan.c(1664): warning:  #167-D: argument of type "unsigned char *" is incompatible with parameter of type "char *restrict"
  		    offset += sprintf(SendData+offset,"%2d ",sdatestructure.Month);	
..\Src\tuwan.c(1665): warning:  #167-D: argument of type "unsigned char *" is incompatible with parameter of type "char *restrict"
  		    offset += sprintf(SendData+offset,"%d ",sdatestructure.Date);
..\Src\tuwan.c(1666): warning:  #167-D: argument of type "unsigned char *" is incompatible with parameter of type "char *restrict"
  	      offset += sprintf(SendData+offset,"%2d ",stimestructure.Hours);
..\Src\tuwan.c(1667): warning:  #167-D: argument of type "unsigned char *" is incompatible with parameter of type "char *restrict"
  		    offset += sprintf(SendData+offset,"%2d ",stimestructure.Minutes);	
..\Src\tuwan.c(1668): warning:  #167-D: argument of type "unsigned char *" is incompatible with parameter of type "char *restrict"
  		    offset += sprintf(SendData+offset,"%d ",stimestructure.Seconds);		    	
..\Src\tuwan.c(1669): warning:  #167-D: argument of type "unsigned char *" is incompatible with parameter of type "char *restrict"
  	      offset += sprintf(SendData+offset,"#\n");		 
..\Src\tuwan.c(1670): warning:  #167-D: argument of type "unsigned char *" is incompatible with parameter of type "const char *"
  	      uart_send(SendData, strlen(SendData));
..\Src\tuwan.c(1678): warning:  #167-D: argument of type "unsigned char *" is incompatible with parameter of type "char *restrict"
  	      offset += sprintf(SendData+offset,"\n\n");
..\Src\tuwan.c(1679): warning:  #167-D: argument of type "unsigned char *" is incompatible with parameter of type "char *restrict"
  		    offset += sprintf(SendData+offset,"%2d ",gStorageData.Snore.StartTime[0]);
..\Src\tuwan.c(1680): warning:  #167-D: argument of type "unsigned char *" is incompatible with parameter of type "char *restrict"
  		    offset += sprintf(SendData+offset,"%2d ",gStorageData.Snore.StartTime[1]);	
..\Src\tuwan.c(1681): warning:  #167-D: argument of type "unsigned char *" is incompatible with parameter of type "char *restrict"
  		    offset += sprintf(SendData+offset,"%2d ",gStorageData.Snore.StartTime[2]);
..\Src\tuwan.c(1682): warning:  #167-D: argument of type "unsigned char *" is incompatible with parameter of type "char *restrict"
  	      offset += sprintf(SendData+offset,"%2d ",gStorageData.Snore.StartTime[3]);
..\Src\tuwan.c(1683): warning:  #167-D: argument of type "unsigned char *" is incompatible with parameter of type "char *restrict"
  		    offset += sprintf(SendData+offset,"%2d ",gStorageData.Snore.StartTime[4]);	
..\Src\tuwan.c(1684): warning:  #167-D: argument of type "unsigned char *" is incompatible with parameter of type "char *restrict"
  		    offset += sprintf(SendData+offset,"%2d ",0);		    	
..\Src\tuwan.c(1686): warning:  #167-D: argument of type "unsigned char *" is incompatible with parameter of type "const char *"
  	      uart_send(SendData, strlen(SendData));
..\Src\tuwan.c(1698): warning:  #167-D: argument of type "unsigned char *" is incompatible with parameter of type "char *restrict"
  		    offset += sprintf(SendData+offset,"%2d ",detailed_snore.StartTime[0]);
..\Src\tuwan.c(1699): warning:  #167-D: argument of type "unsigned char *" is incompatible with parameter of type "char *restrict"
  		    offset += sprintf(SendData+offset,"%2d ",detailed_snore.StartTime[1]);	
..\Src\tuwan.c(1700): warning:  #167-D: argument of type "unsigned char *" is incompatible with parameter of type "char *restrict"
  		    offset += sprintf(SendData+offset,"%2d ",detailed_snore.StartTime[2]);
..\Src\tuwan.c(1701): warning:  #167-D: argument of type "unsigned char *" is incompatible with parameter of type "char *restrict"
  	      offset += sprintf(SendData+offset,"%2d ",detailed_snore.StartTime[3]);
..\Src\tuwan.c(1704): warning:  #167-D: argument of type "unsigned char *" is incompatible with parameter of type "char *restrict"
  					offset += sprintf(SendData+offset,"%2d ",detailed_snore.StartTime[4]);
..\Src\tuwan.c(1705): warning:  #167-D: argument of type "unsigned char *" is incompatible with parameter of type "char *restrict"
  		      offset += sprintf(SendData+offset,"%2d ",detailed_snore.SSnoreTimes);	
..\Src\tuwan.c(1706): warning:  #167-D: argument of type "unsigned char *" is incompatible with parameter of type "char *restrict"
  		      offset += sprintf(SendData+offset,"%2d ",detailed_snore.MSnoreTimes);
..\Src\tuwan.c(1707): warning:  #167-D: argument of type "unsigned char *" is incompatible with parameter of type "char *restrict"
  	        offset += sprintf(SendData+offset,"%2d ",detailed_snore.LSnoreTimes);
..\Src\tuwan.c(1710): warning:  #167-D: argument of type "unsigned char *" is incompatible with parameter of type "char *restrict"
  					  offset += sprintf(SendData+offset,"%2d ",detailed_snore.Airbag1Times);
..\Src\tuwan.c(1711): warning:  #167-D: argument of type "unsigned char *" is incompatible with parameter of type "char *restrict"
  		        offset += sprintf(SendData+offset,"%2d ",detailed_snore.Airbag2Times);	
..\Src\tuwan.c(1712): warning:  #167-D: argument of type "unsigned char *" is incompatible with parameter of type "char *restrict"
  		        offset += sprintf(SendData+offset,"%2d ",detailed_snore.Airbag3Times);
..\Src\tuwan.c(1713): warning:  #167-D: argument of type "unsigned char *" is incompatible with parameter of type "char *restrict"
  	          offset += sprintf(SendData+offset,"%2d ",detailed_snore.Airbag4Times);	
..\Src\tuwan.c(1717): warning:  #167-D: argument of type "unsigned char *" is incompatible with parameter of type "char *restrict"
  					  offset += sprintf(SendData+offset,"%2d ",detailed_snore.person_on_minute);
..\Src\tuwan.c(1718): warning:  #167-D: argument of type "unsigned char *" is incompatible with parameter of type "char *restrict"
  		        offset += sprintf(SendData+offset,"%2d ",detailed_snore.person_on_second);	
..\Src\tuwan.c(1719): warning:  #167-D: argument of type "unsigned char *" is incompatible with parameter of type "char *restrict"
  		        offset += sprintf(SendData+offset,"%2d ",detailed_snore.person_off_minute);
..\Src\tuwan.c(1720): warning:  #167-D: argument of type "unsigned char *" is incompatible with parameter of type "char *restrict"
  	          offset += sprintf(SendData+offset,"%2d ",detailed_snore.person_off_second);
..\Src\tuwan.c(1725): warning:  #167-D: argument of type "unsigned char *" is incompatible with parameter of type "char *restrict"
  	      offset += sprintf(SendData+offset,"\n");		 
..\Src\tuwan.c(1726): warning:  #167-D: argument of type "unsigned char *" is incompatible with parameter of type "const char *"
  	      uart_send(SendData, strlen(SendData));
..\Src\tuwan.c(1737): warning:  #167-D: argument of type "unsigned char *" is incompatible with parameter of type "char *restrict"
  	      offset += sprintf(SendData+offset,"\n");
..\Src\tuwan.c(1738): warning:  #167-D: argument of type "unsigned char *" is incompatible with parameter of type "char *restrict"
  		    offset += sprintf(SendData+offset,"%2d ",pump_record_process_repaet_flag);
..\Src\tuwan.c(1739): warning:  #167-D: argument of type "unsigned char *" is incompatible with parameter of type "char *restrict"
  		    offset += sprintf(SendData+offset,"%2d ",pump_operation_time_read_pointer);	
..\Src\tuwan.c(1740): warning:  #167-D: argument of type "unsigned char *" is incompatible with parameter of type "char *restrict"
  		    offset += sprintf(SendData+offset,"%2d ",pump_operation_time_write_pointer);
..\Src\tuwan.c(1741): warning:  #167-D: argument of type "unsigned char *" is incompatible with parameter of type "char *restrict"
  	      offset += sprintf(SendData+offset,"%2d ",pump_operation_time[pump_operation_time_read_pointer][0]);
..\Src\tuwan.c(1743): warning:  #167-D: argument of type "unsigned char *" is incompatible with parameter of type "char *restrict"
  					offset += sprintf(SendData+offset,"%2d ",pump_operation_time[0][0]);
..\Src\tuwan.c(1745): warning:  #167-D: argument of type "unsigned char *" is incompatible with parameter of type "char *restrict"
  	        offset += sprintf(SendData+offset,"%2d ",pump_operation_time[pump_operation_time_read_pointer+1][0]);
..\Src\tuwan.c(1747): warning:  #167-D: argument of type "unsigned char *" is incompatible with parameter of type "char *restrict"
  					offset += sprintf(SendData+offset,"%2d ",pump_operation_time[0][0]);
..\Src\tuwan.c(1749): warning:  #167-D: argument of type "unsigned char *" is incompatible with parameter of type "char *restrict"
  					offset += sprintf(SendData+offset,"%2d ",pump_operation_time[1][0]);
..\Src\tuwan.c(1751): warning:  #167-D: argument of type "unsigned char *" is incompatible with parameter of type "char *restrict"
  					offset += sprintf(SendData+offset,"%2d ",pump_operation_time[pump_operation_time_read_pointer+2][0]);
..\Src\tuwan.c(1752): warning:  #167-D: argument of type "unsigned char *" is incompatible with parameter of type "char *restrict"
  	      offset += sprintf(SendData+offset,"\n");
..\Src\tuwan.c(1756): warning:  #167-D: argument of type "unsigned char *" is incompatible with parameter of type "const char *"
  	      uart_send(SendData, strlen(SendData));
..\Src\tuwan.c(1768): warning:  #167-D: argument of type "unsigned char *" is incompatible with parameter of type "char *restrict"
  	      offset += sprintf(SendData+offset,"Device Date&Time: ");
..\Src\tuwan.c(1769): warning:  #167-D: argument of type "unsigned char *" is incompatible with parameter of type "char *restrict"
  		    offset += sprintf(SendData+offset,"%2d ",snoreData.StartTime[0]);
..\Src\tuwan.c(1770): warning:  #167-D: argument of type "unsigned char *" is incompatible with parameter of type "char *restrict"
  		    offset += sprintf(SendData+offset,"%2d ",snoreData.StartTime[1]);	
..\Src\tuwan.c(1771): warning:  #167-D: argument of type "unsigned char *" is incompatible with parameter of type "char *restrict"
  		    offset += sprintf(SendData+offset,"%2d ",snoreData.StartTime[2]);
..\Src\tuwan.c(1772): warning:  #167-D: argument of type "unsigned char *" is incompatible with parameter of type "char *restrict"
  	      offset += sprintf(SendData+offset,"%2d ",snoreData.StartTime[3]);
..\Src\tuwan.c(1773): warning:  #167-D: argument of type "unsigned char *" is incompatible with parameter of type "char *restrict"
  	      offset += sprintf(SendData+offset,"%2d ",snoreData.StartTime[4]);
..\Src\tuwan.c(1775): warning:  #167-D: argument of type "unsigned char *" is incompatible with parameter of type "char *restrict"
  	      offset += sprintf(SendData+offset,"Ontime: ");
..\Src\tuwan.c(1779): warning:  #167-D: argument of type "unsigned char *" is incompatible with parameter of type "char *restrict"
  					offset += sprintf(SendData+offset,"No ");
..\Src\tuwan.c(1799): warning:  #167-D: argument of type "unsigned char *" is incompatible with parameter of type "char *restrict"
              offset += sprintf(SendData+offset,"%2d ",minute);
..\Src\tuwan.c(1800): warning:  #167-D: argument of type "unsigned char *" is incompatible with parameter of type "char *restrict"
  	          offset += sprintf(SendData+offset,"%2d ",second);						
..\Src\tuwan.c(1804): warning:  #167-D: argument of type "unsigned char *" is incompatible with parameter of type "char *restrict"
  	      offset += sprintf(SendData+offset,"Offtime: ");
..\Src\tuwan.c(1809): warning:  #167-D: argument of type "unsigned char *" is incompatible with parameter of type "char *restrict"
  					offset += sprintf(SendData+offset,"No ");
..\Src\tuwan.c(1829): warning:  #167-D: argument of type "unsigned char *" is incompatible with parameter of type "char *restrict"
              offset += sprintf(SendData+offset,"%2d ",minute);
..\Src\tuwan.c(1830): warning:  #167-D: argument of type "unsigned char *" is incompatible with parameter of type "char *restrict"
  	          offset += sprintf(SendData+offset,"%2d ",second);						
..\Src\tuwan.c(1836): warning:  #167-D: argument of type "unsigned char *" is incompatible with parameter of type "char *restrict"
  	      offset += sprintf(SendData+offset,"\n");	      
..\Src\tuwan.c(1839): warning:  #167-D: argument of type "unsigned char *" is incompatible with parameter of type "const char *"
  	      uart_send(SendData, strlen(SendData));	
..\Src\tuwan.c(2070): warning:  #111-D: statement is unreachable
  										break;									
..\Src\tuwan.c(1850): warning:  #177-D: variable "snoreAver"  was declared but never referenced
   	unsigned short temp,snoreAver=0,recordTotal=100;
..\Src\tuwan.c(1850): warning:  #177-D: variable "recordTotal"  was declared but never referenced
   	unsigned short temp,snoreAver=0,recordTotal=100;
..\Src\tuwan.c(1852): warning:  #177-D: variable "flashBuf"  was declared but never referenced
  	unsigned int  flashBuf[4],i;
..\Src\tuwan.c(1853): warning:  #550-D: variable "j"  was set but never used
  	uint8_t pump_time_read_temp,j,k,state,pump_temp;
..\Src\tuwan.c(4479): warning:  #223-D: function "AirSensor_person_detect_init" declared implicitly
    					    AirSensor_person_detect_init();
..\Src\tuwan.c(4625): warning:  #223-D: function "AirSensor_person_detect_init" declared implicitly
    					    AirSensor_person_detect_init();
..\Src\tuwan.c(4371): warning:  #177-D: variable "t"  was declared but never referenced
  	unsigned char t,j;
..\Src\tuwan.c(4371): warning:  #177-D: variable "j"  was declared but never referenced
  	unsigned char t,j;
..\Src\tuwan.c: 115 warnings, 0 errors
compiling W25Q16.c...
../Inc/config.h(6): warning:  #1-D: last line of file ends without a newline
  #endif
../Inc/SpiFlashFileSys.h(101): warning:  #1-D: last line of file ends without a newline
  unsigned char Read_Backup_RTC_test(void);
..\Src\W25Q16.c(197): warning:  #550-D: variable "i"  was set but never used
  	  unsigned short i=0;
..\Src\W25Q16.c: 3 warnings, 0 errors
compiling Qstruct.c...
compiling position.c...
../Inc/config.h(6): warning:  #1-D: last line of file ends without a newline
  #endif
../Inc/SpiFlashFileSys.h(101): warning:  #1-D: last line of file ends without a newline
  unsigned char Read_Backup_RTC_test(void);
../Inc/snortask.h(7): warning:  #1-D: last line of file ends without a newline
  #endif
../Inc/SpiFlashFileSys.h(101): warning:  #1-D: last line of file ends without a newline
  unsigned char Read_Backup_RTC_test(void);
..\Src\position.c(943): warning:  #167-D: argument of type "unsigned char *" is incompatible with parameter of type "char *restrict"
  		 offset += sprintf(SendData+offset,"%6d ",MIC_data_MAX[0]);
..\Src\position.c(944): warning:  #167-D: argument of type "unsigned char *" is incompatible with parameter of type "char *restrict"
  	   offset += sprintf(SendData+offset,"%6d ",MIC_data_Min[0]);
..\Src\position.c(945): warning:  #167-D: argument of type "unsigned char *" is incompatible with parameter of type "char *restrict"
  	   offset += sprintf(SendData+offset,"%6d ",MIC_data_MAX[1]);
..\Src\position.c(946): warning:  #167-D: argument of type "unsigned char *" is incompatible with parameter of type "char *restrict"
  	   offset += sprintf(SendData+offset,"%6d ",MIC_data_Min[1]);
..\Src\position.c(948): warning:  #167-D: argument of type "unsigned char *" is incompatible with parameter of type "char *restrict"
  	   offset += sprintf(SendData+offset,"%6d ",Walve_poweron_time);
..\Src\position.c(949): warning:  #167-D: argument of type "unsigned char *" is incompatible with parameter of type "char *restrict"
  	   offset += sprintf(SendData+offset,"%6d ",Walve_poweroff_time);
..\Src\position.c(953): warning:  #167-D: argument of type "unsigned char *" is incompatible with parameter of type "char *restrict"
  		 offset += sprintf(SendData+offset,"|\n");
..\Src\position.c(956): warning:  #223-D: function "strlen" declared implicitly
  	   uart_send(SendData, strlen(SendData));
..\Src\position.c(964): warning:  #167-D: argument of type "unsigned char *" is incompatible with parameter of type "char *restrict"
  	offset += sprintf(SendData+offset,"\nSystem Power ON or Software Reset Error! Error_Code=%3d\n\n",Error_Code);	 
..\Src\position.c(965): warning:  #223-D: function "strlen" declared implicitly
  	uart_send(SendData, strlen(SendData));	
..\Src\position.c(975): warning:  #167-D: argument of type "unsigned char *" is incompatible with parameter of type "char *restrict"
  	 offset += sprintf(SendData+offset,"System Power ON or Software Restart!\n");	 
..\Src\position.c(976): warning:  #223-D: function "strlen" declared implicitly
  	 uart_send(SendData, strlen(SendData));	
..\Src\position.c(988): warning:  #167-D: argument of type "unsigned char *" is incompatible with parameter of type "char *restrict"
  			offset += sprintf(SendData+offset,"1");
..\Src\position.c(990): warning:  #167-D: argument of type "unsigned char *" is incompatible with parameter of type "char *restrict"
  			offset += sprintf(SendData+offset,"0");
..\Src\position.c(992): warning:  #167-D: argument of type "unsigned char *" is incompatible with parameter of type "char *restrict"
  		 offset += sprintf(SendData+offset,"|");
..\Src\position.c(996): warning:  #167-D: argument of type "unsigned char *" is incompatible with parameter of type "char *restrict"
  		 offset += sprintf(SendData+offset,"%4d ",Airsensor.AirSensor_Avgvalue);
..\Src\position.c(997): warning:  #167-D: argument of type "unsigned char *" is incompatible with parameter of type "char *restrict"
  		 offset += sprintf(SendData+offset,"%4d",Airsensor.AirSensor_pressure_sample_avg);
..\Src\position.c(1003): warning:  #167-D: argument of type "unsigned char *" is incompatible with parameter of type "char *restrict"
  		 offset += sprintf(SendData+offset,"|");
..\Src\position.c(1008): warning:  #167-D: argument of type "unsigned char *" is incompatible with parameter of type "char *restrict"
  		 offset += sprintf(SendData+offset,"%d",Airsensor.AirSensor_step_stable_flag);
..\Src\position.c(1009): warning:  #167-D: argument of type "unsigned char *" is incompatible with parameter of type "char *restrict"
  		 offset += sprintf(SendData+offset,"| ");
..\Src\position.c(1019): warning:  #167-D: argument of type "unsigned char *" is incompatible with parameter of type "char *restrict"
  		 offset += sprintf(SendData+offset,"%4d ",Airsensor.pressure_stable_value_diff_between_now_before);
..\Src\position.c(1021): warning:  #167-D: argument of type "unsigned char *" is incompatible with parameter of type "char *restrict"
  		 offset += sprintf(SendData+offset,"%4d",Airsensor.AirSensor_stepnum_between_twostablestate);	 
..\Src\position.c(1029): warning:  #167-D: argument of type "unsigned char *" is incompatible with parameter of type "char *restrict"
  		 offset += sprintf(SendData+offset,"|");
..\Src\position.c(1044): warning:  #167-D: argument of type "unsigned char *" is incompatible with parameter of type "char *restrict"
  		 offset += sprintf(SendData+offset,"%1d",Airsensor.personon_by_positioncheck_flag);
..\Src\position.c(1045): warning:  #167-D: argument of type "unsigned char *" is incompatible with parameter of type "char *restrict"
  		 offset += sprintf(SendData+offset,"|");
..\Src\position.c(1047): warning:  #167-D: argument of type "unsigned char *" is incompatible with parameter of type "char *restrict"
  		 offset += sprintf(SendData+offset,"%3d",PVEvol8*2);     //real音量
..\Src\position.c(1048): warning:  #167-D: argument of type "unsigned char *" is incompatible with parameter of type "char *restrict"
  		 offset += sprintf(SendData+offset,"%2d",PillowControl.SnoreOn);
..\Src\position.c(1059): warning:  #167-D: argument of type "unsigned char *" is incompatible with parameter of type "char *restrict"
  		 offset += sprintf(SendData+offset,"|");
..\Src\position.c(1061): warning:  #167-D: argument of type "unsigned char *" is incompatible with parameter of type "char *restrict"
  		 offset += sprintf(SendData+offset,"%1d",ActionSteps);		 
..\Src\position.c(1062): warning:  #167-D: argument of type "unsigned char *" is incompatible with parameter of type "char *restrict"
  		 offset += sprintf(SendData+offset,"%2d",AppCtrlBag.enable);
..\Src\position.c(1064): warning:  #167-D: argument of type "unsigned char *" is incompatible with parameter of type "char *restrict"
  		 offset += sprintf(SendData+offset,"|");
..\Src\position.c(1067): warning:  #167-D: argument of type "unsigned char *" is incompatible with parameter of type "char *restrict"
       offset += sprintf(SendData+offset,"%4d",sdatestructure.Year);
..\Src\position.c(1068): warning:  #167-D: argument of type "unsigned char *" is incompatible with parameter of type "char *restrict"
  		 offset += sprintf(SendData+offset,"/");
..\Src\position.c(1069): warning:  #167-D: argument of type "unsigned char *" is incompatible with parameter of type "char *restrict"
  		 offset += sprintf(SendData+offset,"%2d",sdatestructure.Month);
..\Src\position.c(1070): warning:  #167-D: argument of type "unsigned char *" is incompatible with parameter of type "char *restrict"
  		 offset += sprintf(SendData+offset,"/");
..\Src\position.c(1071): warning:  #167-D: argument of type "unsigned char *" is incompatible with parameter of type "char *restrict"
  		 offset += sprintf(SendData+offset,"%2d",sdatestructure.Date);
..\Src\position.c(1072): warning:  #167-D: argument of type "unsigned char *" is incompatible with parameter of type "char *restrict"
  		 offset += sprintf(SendData+offset," ");
..\Src\position.c(1073): warning:  #167-D: argument of type "unsigned char *" is incompatible with parameter of type "char *restrict"
       offset += sprintf(SendData+offset,"%2d",stimestructure.Hours); 
..\Src\position.c(1074): warning:  #167-D: argument of type "unsigned char *" is incompatible with parameter of type "char *restrict"
       offset += sprintf(SendData+offset,":"); 		 
..\Src\position.c(1075): warning:  #167-D: argument of type "unsigned char *" is incompatible with parameter of type "char *restrict"
       offset += sprintf(SendData+offset,"%2d",stimestructure.Minutes);
..\Src\position.c(1076): warning:  #167-D: argument of type "unsigned char *" is incompatible with parameter of type "char *restrict"
  		 offset += sprintf(SendData+offset,":");
..\Src\position.c(1077): warning:  #167-D: argument of type "unsigned char *" is incompatible with parameter of type "char *restrict"
  		 offset += sprintf(SendData+offset,"%2d",stimestructure.Seconds);
..\Src\position.c(1079): warning:  #167-D: argument of type "unsigned char *" is incompatible with parameter of type "char *restrict"
  		 offset += sprintf(SendData+offset,"|");
..\Src\position.c(1081): warning:  #167-D: argument of type "unsigned char *" is incompatible with parameter of type "char *restrict"
       offset += sprintf(SendData+offset,"%1d ",gStorageData.SensorLevel); 
..\Src\position.c(1082): warning:  #167-D: argument of type "unsigned char *" is incompatible with parameter of type "char *restrict"
       offset += sprintf(SendData+offset,"%1d",gStorageData.HeadpositionLevel);		 
..\Src\position.c(1086): warning:  #167-D: argument of type "unsigned char *" is incompatible with parameter of type "char *restrict"
  		 offset += sprintf(SendData+offset,"|");
..\Src\position.c(1092): warning:  #167-D: argument of type "unsigned char *" is incompatible with parameter of type "char *restrict"
         offset += sprintf(SendData+offset,"%5d",gStorageData.SPIFlashAddress-gStorageData.SPIFlashOutAddress);
..\Src\position.c(1096): warning:  #167-D: argument of type "unsigned char *" is incompatible with parameter of type "char *restrict"
         offset += sprintf(SendData+offset,"%5d",gStorageData.SPIFlashAddress+
NORE_DATA_CNT-gStorageData.SPIFlashOutAddress);
..\Src\position.c(1098): warning:  #167-D: argument of type "unsigned char *" is incompatible with parameter of type "char *restrict"
  		 offset += sprintf(SendData+offset,"|");
..\Src\position.c(1111): warning:  #167-D: argument of type "unsigned char *" is incompatible with parameter of type "char *restrict"
  		 offset += sprintf(SendData+offset,"%2d",study_hour_start);
..\Src\position.c(1112): warning:  #167-D: argument of type "unsigned char *" is incompatible with parameter of type "char *restrict"
  		 offset += sprintf(SendData+offset,":");
..\Src\position.c(1113): warning:  #167-D: argument of type "unsigned char *" is incompatible with parameter of type "char *restrict"
  		 offset += sprintf(SendData+offset,"%2d ",study_min_start);
..\Src\position.c(1114): warning:  #167-D: argument of type "unsigned char *" is incompatible with parameter of type "char *restrict"
  		 offset += sprintf(SendData+offset,"%2d",study_hour_end);
..\Src\position.c(1115): warning:  #167-D: argument of type "unsigned char *" is incompatible with parameter of type "char *restrict"
  		 offset += sprintf(SendData+offset,":");
..\Src\position.c(1116): warning:  #167-D: argument of type "unsigned char *" is incompatible with parameter of type "char *restrict"
  		 offset += sprintf(SendData+offset,"%2d ",study_min_end);
..\Src\position.c(1118): warning:  #167-D: argument of type "unsigned char *" is incompatible with parameter of type "char *restrict"
  		 offset += sprintf(SendData+offset,"%2d ",Airsensor.Sleep_snore_study_flag);
..\Src\position.c(1124): warning:  #167-D: argument of type "unsigned char *" is incompatible with parameter of type "char *restrict"
  		 offset += sprintf(SendData+offset,"|");
..\Src\position.c(1151): warning:  #167-D: argument of type "unsigned char *" is incompatible with parameter of type "char *restrict"
  		 offset += sprintf(SendData+offset,"%2d ",vectors_num_temp);
..\Src\position.c(1152): warning:  #167-D: argument of type "unsigned char *" is incompatible with parameter of type "char *restrict"
  		 offset += sprintf(SendData+offset,"%2d",valid_vcetors_num_temp);
..\Src\position.c(1153): warning:  #167-D: argument of type "unsigned char *" is incompatible with parameter of type "char *restrict"
  		 offset += sprintf(SendData+offset,"|");
..\Src\position.c(1154): warning:  #167-D: argument of type "unsigned char *" is incompatible with parameter of type "char *restrict"
  		 offset += sprintf(SendData+offset,"%5d",snore_times_every_sleep);
..\Src\position.c(1155): warning:  #167-D: argument of type "unsigned char *" is incompatible with parameter of type "char *restrict"
  		 offset += sprintf(SendData+offset,"|");
..\Src\position.c(1156): warning:  #167-D: argument of type "unsigned char *" is incompatible with parameter of type "char *restrict"
  		 offset += sprintf(SendData+offset,"%1d ",Config.autostudy);
..\Src\position.c(1157): warning:  #167-D: argument of type "unsigned char *" is incompatible with parameter of type "char *restrict"
  		 offset += sprintf(SendData+offset,"%5d ",max_vectorweight_inLIB);
..\Src\position.c(1158): warning:  #167-D: argument of type "unsigned char *" is incompatible with parameter of type "char *restrict"
  		 offset += sprintf(SendData+offset,"%4d ",dynamic_weight);
..\Src\position.c(1159): warning:  #167-D: argument of type "unsigned char *" is incompatible with parameter of type "char *restrict"
  		 offset += sprintf(SendData+offset,"%3d",Snore_MaxDB_Detected);
..\Src\position.c(1163): warning:  #167-D: argument of type "unsigned char *" is incompatible with parameter of type "char *restrict"
  		 offset += sprintf(SendData+offset,"|");
..\Src\position.c(1164): warning:  #167-D: argument of type "unsigned char *" is incompatible with parameter of type "char *restrict"
  		 offset += sprintf(SendData+offset,"%3d ",gStorageData.Snore.SSnoreTimes);
..\Src\position.c(1165): warning:  #167-D: argument of type "unsigned char *" is incompatible with parameter of type "char *restrict"
  		 offset += sprintf(SendData+offset,"%3d ",gStorageData.Snore.MSnoreTimes);
..\Src\position.c(1166): warning:  #167-D: argument of type "unsigned char *" is incompatible with parameter of type "char *restrict"
  		 offset += sprintf(SendData+offset,"%3d",gStorageData.Snore.LSnoreTimes);
..\Src\position.c(1167): warning:  #167-D: argument of type "unsigned char *" is incompatible with parameter of type "char *restrict"
  		 offset += sprintf(SendData+offset,"|");
..\Src\position.c(1168): warning:  #167-D: argument of type "unsigned char *" is incompatible with parameter of type "char *restrict"
  		 offset += sprintf(SendData+offset,"%1d",gStorageData.StudyMode);
..\Src\position.c(1169): warning:  #167-D: argument of type "unsigned char *" is incompatible with parameter of type "char *restrict"
  		 offset += sprintf(SendData+offset,"|");
..\Src\position.c(1170): warning:  #167-D: argument of type "unsigned char *" is incompatible with parameter of type "char *restrict"
  		 offset += sprintf(SendData+offset,"%3d ",gStorageData.Snore.Airbag1Times);
..\Src\position.c(1171): warning:  #167-D: argument of type "unsigned char *" is incompatible with parameter of type "char *restrict"
  		 offset += sprintf(SendData+offset,"%3d ",gStorageData.Snore.Airbag2Times);
..\Src\position.c(1172): warning:  #167-D: argument of type "unsigned char *" is incompatible with parameter of type "char *restrict"
  		 offset += sprintf(SendData+offset,"%3d ",gStorageData.Snore.Airbag3Times);
..\Src\position.c(1173): warning:  #167-D: argument of type "unsigned char *" is incompatible with parameter of type "char *restrict"
  		 offset += sprintf(SendData+offset,"%3d",gStorageData.Snore.Airbag4Times);
..\Src\position.c(1174): warning:  #167-D: argument of type "unsigned char *" is incompatible with parameter of type "char *restrict"
  		 offset += sprintf(SendData+offset,"|");
..\Src\position.c(1175): warning:  #167-D: argument of type "unsigned char *" is incompatible with parameter of type "char *restrict"
  		 offset += sprintf(SendData+offset,"%4d ",snore_times_for_antisnore);
..\Src\position.c(1176): warning:  #167-D: argument of type "unsigned char *" is incompatible with parameter of type "char *restrict"
  		 offset += sprintf(SendData+offset,"%4d ",snore_times_for_snore);
..\Src\position.c(1177): warning:  #167-D: argument of type "unsigned char *" is incompatible with parameter of type "char *restrict"
       offset += sprintf(SendData+offset,"%3d ",gStorageData.PositionValue_Onebag);	
..\Src\position.c(1178): warning:  #167-D: argument of type "unsigned char *" is incompatible with parameter of type "char *restrict"
       offset += sprintf(SendData+offset,"%3d ",gStorageData.PositionValue_Twobag);
..\Src\position.c(1179): warning:  #167-D: argument of type "unsigned char *" is incompatible with parameter of type "char *restrict"
  		 offset += sprintf(SendData+offset,"%3d ",gStorageData.Body_detect_on_threshold);
..\Src\position.c(1180): warning:  #167-D: argument of type "unsigned char *" is incompatible with parameter of type "char *restrict"
       offset += sprintf(SendData+offset,"%3d ",gStorageData.Body_detect_off_threshold);
..\Src\position.c(1181): warning:  #167-D: argument of type "unsigned char *" is incompatible with parameter of type "char *restrict"
  		 offset += sprintf(SendData+offset,"%2d ",gStorageData.MinSnoredB);
..\Src\position.c(1183): warning:  #167-D: argument of type "unsigned char *" is incompatible with parameter of type "char *restrict"
  			 offset += sprintf(SendData+offset,"0 ");
..\Src\position.c(1185): warning:  #167-D: argument of type "unsigned char *" is incompatible with parameter of type "char *restrict"
  			 offset += sprintf(SendData+offset,"1 ");
..\Src\position.c(1187): warning:  #167-D: argument of type "unsigned char *" is incompatible with parameter of type "char *restrict"
  			 offset += sprintf(SendData+offset,"2 ");
..\Src\position.c(1188): warning:  #167-D: argument of type "unsigned char *" is incompatible with parameter of type "char *restrict"
  		 offset += sprintf(SendData+offset,"%1d ",Airsensor.period_snore_checkposition_counter);
..\Src\position.c(1194): warning:  #167-D: argument of type "unsigned char *" is incompatible with parameter of type "char *restrict"
  		 offset += sprintf(SendData+offset,"%2d",gStorageData.UserSleepTime[0]);
..\Src\position.c(1195): warning:  #167-D: argument of type "unsigned char *" is incompatible with parameter of type "char *restrict"
  		 offset += sprintf(SendData+offset,":");
..\Src\position.c(1196): warning:  #167-D: argument of type "unsigned char *" is incompatible with parameter of type "char *restrict"
  		 offset += sprintf(SendData+offset,"%2d ",gStorageData.UserSleepTime[1]);
..\Src\position.c(1197): warning:  #167-D: argument of type "unsigned char *" is incompatible with parameter of type "char *restrict"
  		 offset += sprintf(SendData+offset,"%2d",gStorageData.UserSleepTime[2]);
..\Src\position.c(1198): warning:  #167-D: argument of type "unsigned char *" is incompatible with parameter of type "char *restrict"
  		 offset += sprintf(SendData+offset,":");
..\Src\position.c(1199): warning:  #167-D: argument of type "unsigned char *" is incompatible with parameter of type "char *restrict"
  		 offset += sprintf(SendData+offset,"%2d ",gStorageData.UserSleepTime[3]);
..\Src\position.c(1200): warning:  #167-D: argument of type "unsigned char *" is incompatible with parameter of type "char *restrict"
  		 offset += sprintf(SendData+offset,"V");
..\Src\position.c(1201): warning:  #167-D: argument of type "unsigned char *" is incompatible with parameter of type "char *restrict"
  		 offset += sprintf(SendData+offset,"%1d",
OARD_VERSION);
..\Src\position.c(1202): warning:  #167-D: argument of type "unsigned char *" is incompatible with parameter of type "char *restrict"
  		 offset += sprintf(SendData+offset,".");
..\Src\position.c(1203): warning:  #167-D: argument of type "unsigned char *" is incompatible with parameter of type "char *restrict"
  		 offset += sprintf(SendData+offset,"%1d",
ASTER_VERSION);
..\Src\position.c(1204): warning:  #167-D: argument of type "unsigned char *" is incompatible with parameter of type "char *restrict"
  		 offset += sprintf(SendData+offset,"."); 
..\Src\position.c(1205): warning:  #167-D: argument of type "unsigned char *" is incompatible with parameter of type "char *restrict"
  		 offset += sprintf(SendData+offset,"%2d",
OFTWARE_VERSION);
..\Src\position.c(1206): warning:  #167-D: argument of type "unsigned char *" is incompatible with parameter of type "char *restrict"
  		 offset += sprintf(SendData+offset,"\n");
..\Src\position.c(1214): warning:  #167-D: argument of type "unsigned char *" is incompatible with parameter of type "char *restrict"
  			 offset += sprintf(SendData+offset,"\n");
..\Src\position.c(1226): warning:  #167-D: argument of type "unsigned char *" is incompatible with parameter of type "char *restrict"
  						 offset += sprintf(SendData+offset,"  (R)\n");
..\Src\position.c(1231): warning:  #167-D: argument of type "unsigned char *" is incompatible with parameter of type "char *restrict"
  				 offset += sprintf(SendData+offset,"%3x",BT_Recieved_Data_From_App_Buffer[i]);
..\Src\position.c(1234): warning:  #167-D: argument of type "unsigned char *" is incompatible with parameter of type "char *restrict"
  			 offset += sprintf(SendData+offset,"  (R)\n\n");
..\Src\position.c(1240): warning:  #167-D: argument of type "unsigned char *" is incompatible with parameter of type "char *restrict"
  			 offset += sprintf(SendData+offset,"\n");
..\Src\position.c(1252): warning:  #167-D: argument of type "unsigned char *" is incompatible with parameter of type "char *restrict"
  						 offset += sprintf(SendData+offset,"  (S)\n");
..\Src\position.c(1257): warning:  #167-D: argument of type "unsigned char *" is incompatible with parameter of type "char *restrict"
  				 offset += sprintf(SendData+offset,"%3x",BT_Sent_Data_To_App_Buffer[i]);
..\Src\position.c(1260): warning:  #167-D: argument of type "unsigned char *" is incompatible with parameter of type "char *restrict"
  			 offset += sprintf(SendData+offset,"  (S)\n\n");
..\Src\position.c(1285): warning:  #167-D: argument of type "unsigned char *" is incompatible with parameter of type "char *restrict"
  		    offset += sprintf(SendData+offset,"%2d ",PillowMaxOne_Willbesend);
..\Src\position.c(1286): warning:  #167-D: argument of type "unsigned char *" is incompatible with parameter of type "char *restrict"
  		    offset += sprintf(SendData+offset,"%2d ",Pillow2ndMaxOne_Willbesend);
..\Src\position.c(1288): warning:  #167-D: argument of type "unsigned char *" is incompatible with parameter of type "char *restrict"
  		    offset += sprintf(SendData+offset,"%d ",secondtest);
..\Src\position.c(1289): warning:  #167-D: argument of type "unsigned char *" is incompatible with parameter of type "char *restrict"
  		    offset += sprintf(SendData+offset,"# ");
..\Src\position.c(1290): warning:  #167-D: argument of type "unsigned char *" is incompatible with parameter of type "char *restrict"
  		    offset += sprintf(SendData+offset,"%4d ",Airsensor.AirSensor_PressureValueAvg[0]);
..\Src\position.c(1291): warning:  #167-D: argument of type "unsigned char *" is incompatible with parameter of type "char *restrict"
  		    offset += sprintf(SendData+offset,"%4d ",Airsensor.AirSensor_PressureValueAvg[1]);
..\Src\position.c(1292): warning:  #167-D: argument of type "unsigned char *" is incompatible with parameter of type "char *restrict"
  		    offset += sprintf(SendData+offset,"%4d ",Airsensor.AirSensor_PressureValueAvg[2]);
..\Src\position.c(1293): warning:  #167-D: argument of type "unsigned char *" is incompatible with parameter of type "char *restrict"
  		    offset += sprintf(SendData+offset,"%4d ",Airsensor.AirSensor_PressureValueAvg[3]);
..\Src\position.c(1294): warning:  #167-D: argument of type "unsigned char *" is incompatible with parameter of type "char *restrict"
  		    offset += sprintf(SendData+offset,"# ");
..\Src\position.c(1295): warning:  #167-D: argument of type "unsigned char *" is incompatible with parameter of type "char *restrict"
  		    offset += sprintf(SendData+offset,"%4d ",Airsensor.AirSensor_PressureValue_Diff[0]);
..\Src\position.c(1296): warning:  #167-D: argument of type "unsigned char *" is incompatible with parameter of type "char *restrict"
  	      offset += sprintf(SendData+offset,"%4d ",Airsensor.AirSensor_PressureValue_Diff[1]);
..\Src\position.c(1297): warning:  #167-D: argument of type "unsigned char *" is incompatible with parameter of type "char *restrict"
  		    offset += sprintf(SendData+offset,"%4d ",Airsensor.AirSensor_PressureValue_Diff[2]);
..\Src\position.c(1298): warning:  #167-D: argument of type "unsigned char *" is incompatible with parameter of type "char *restrict"
  		    offset += sprintf(SendData+offset,"%4d ",Airsensor.AirSensor_PressureValue_Diff[3]);
..\Src\position.c(1299): warning:  #167-D: argument of type "unsigned char *" is incompatible with parameter of type "char *restrict"
  	      offset += sprintf(SendData+offset,"| ");
..\Src\position.c(1313): warning:  #167-D: argument of type "unsigned char *" is incompatible with parameter of type "char *restrict"
  	      offset += sprintf(SendData+offset,"%4d ",Airsensor.AirSensor_PressureValue_Diff_filtered[0]);
..\Src\position.c(1314): warning:  #167-D: argument of type "unsigned char *" is incompatible with parameter of type "char *restrict"
  	      offset += sprintf(SendData+offset,"%4d ",Airsensor.AirSensor_PressureValue_Diff_filtered[1]);
..\Src\position.c(1315): warning:  #167-D: argument of type "unsigned char *" is incompatible with parameter of type "char *restrict"
  	      offset += sprintf(SendData+offset,"%4d ",Airsensor.AirSensor_PressureValue_Diff_filtered[2]);
..\Src\position.c(1316): warning:  #167-D: argument of type "unsigned char *" is incompatible with parameter of type "char *restrict"
  				offset += sprintf(SendData+offset,"%4d ",Airsensor.AirSensor_PressureValue_Diff_filtered[3]);	
..\Src\position.c(1317): warning:  #167-D: argument of type "unsigned char *" is incompatible with parameter of type "char *restrict"
  	      offset += sprintf(SendData+offset,"| ");
..\Src\position.c(1318): warning:  #167-D: argument of type "unsigned char *" is incompatible with parameter of type "char *restrict"
  		    offset += sprintf(SendData+offset,"%4d ",Airsensor.AvgDiff);
..\Src\position.c(1319): warning:  #167-D: argument of type "unsigned char *" is incompatible with parameter of type "char *restrict"
  		    offset += sprintf(SendData+offset,"%4d ",Airsensor.AvgDiff1);
..\Src\position.c(1320): warning:  #167-D: argument of type "unsigned char *" is incompatible with parameter of type "char *restrict"
  		    offset += sprintf(SendData+offset,"%4d ",Airsensor.AvgDiff_Total);
..\Src\position.c(1321): warning:  #167-D: argument of type "unsigned char *" is incompatible with parameter of type "char *restrict"
  		    offset += sprintf(SendData+offset,"# ");	
..\Src\position.c(1323): warning:  #167-D: argument of type "unsigned char *" is incompatible with parameter of type "char *restrict"
  		    offset += sprintf(SendData+offset,"%4d ",Airsensor.AirSensor_fast_check_mode);
..\Src\position.c(1325): warning:  #167-D: argument of type "unsigned char *" is incompatible with parameter of type "char *restrict"
          offset += sprintf(SendData+offset,"%4d ",PVEvol8);     //real音量
..\Src\position.c(1327): warning:  #167-D: argument of type "unsigned char *" is incompatible with parameter of type "char *restrict"
          offset += sprintf(SendData+offset,"%2d ",Airsensor.personon_by_positioncheck_flag);
..\Src\position.c(1329): warning:  #167-D: argument of type "unsigned char *" is incompatible with parameter of type "char *restrict"
  				offset += sprintf(SendData+offset,"$*#\n");		 
..\Src\position.c(1332): warning:  #223-D: function "strlen" declared implicitly
  	      uart_send(SendData, strlen(SendData)); //总共106个ASCII字节
..\Src\position.c(1342): warning:  #177-D: variable "tt"  was declared but never referenced
        uint8_t tt;
..\Src\position.c(1419): warning:  #177-D: variable "j"  was declared but never referenced
  	uint16_t i,j;
..\Src\position.c(2289): warning:  #177-D: variable "i"  was declared but never referenced
      uint8_t i;
..\Src\position.c(2290): warning:  #177-D: variable "sum"  was declared but never referenced
  	  uint16_t sum=0;
..\Src\position.c(2417): warning:  #177-D: variable "tt"  was declared but never referenced
  	  uint8_t tt=0;
..\Src\position.c(2575): warning:  #167-D: argument of type "unsigned char *" is incompatible with parameter of type "char *restrict"
  	   offset += sprintf(SendData+offset,"BLE S/N:"); 
..\Src\position.c(2583): warning:  #167-D: argument of type "unsigned char *" is incompatible with parameter of type "char *restrict"
  		 offset += sprintf(SendData+offset,"\n");
..\Src\position.c(2585): warning:  #167-D: argument of type "unsigned char *" is incompatible with parameter of type "char *restrict"
  		 offset += sprintf(SendData+offset,"BLE S/N NAME Set OK!\n");
..\Src\position.c(2587): warning:  #223-D: function "strlen" declared implicitly
  	   uart_send(SendData, strlen(SendData));
..\Src\position.c(2596): warning:  #167-D: argument of type "unsigned char *" is incompatible with parameter of type "char *restrict"
  	   offset += sprintf(SendData+offset,"BLE S/N:"); 
..\Src\position.c(2604): warning:  #167-D: argument of type "unsigned char *" is incompatible with parameter of type "char *restrict"
  		 offset += sprintf(SendData+offset,"\n");
..\Src\position.c(2606): warning:  #167-D: argument of type "unsigned char *" is incompatible with parameter of type "char *restrict"
  		 offset += sprintf(SendData+offset,"BLE S/N NAME Set NG!\n");
..\Src\position.c(2608): warning:  #223-D: function "strlen" declared implicitly
  	   uart_send(SendData, strlen(SendData));
..\Src\position.c(2614): warning:  #550-D: variable "d"  was set but never used
  	unsigned short a,b,c,d,e;
..\Src\position.c(2614): warning:  #550-D: variable "e"  was set but never used
  	unsigned short a,b,c,d,e;
..\Src\position.c(3029): warning:  #223-D: function "memset" declared implicitly
  					memset(&gStorageData.Snore,0,sizeof(SnoreData_def));
..\Src\position.c(3068): warning:  #177-D: variable "hourtemp"  was declared but never referenced
  					uint16_t hourtemp=0,mintemp=0;
..\Src\position.c(2630): warning:  #177-D: variable "i"  was declared but never referenced
  	  uint8_t i,j;
..\Src\position.c(2630): warning:  #177-D: variable "j"  was declared but never referenced
  	  uint8_t i,j;
..\Src\position.c(2631): warning:  #177-D: variable "pump_record_process_repaet_flag"  was declared but never referenced
  	  uint8_t pump_record_process_repaet_flag=0;
..\Src\position.c(2632): warning:  #177-D: variable "pump_time_read_temp"  was declared but never referenced
  	  uint8_t pump_time_read_temp;
..\Src\position.c(2633): warning:  #177-D: variable "no_snore_recently_flag1"  was declared but never referenced
  	  uint8_t no_snore_recently_flag1=0;
..\Src\position.c(3443): warning:  #167-D: argument of type "unsigned char *" is incompatible with parameter of type "char *restrict"
  	      offset += sprintf(SendData+offset,"\n\n");
..\Src\position.c(3444): warning:  #167-D: argument of type "unsigned char *" is incompatible with parameter of type "char *restrict"
  		    offset += sprintf(SendData+offset,"%2d ",snoreData_temp.StartTime[0]);
..\Src\position.c(3445): warning:  #167-D: argument of type "unsigned char *" is incompatible with parameter of type "char *restrict"
  		    offset += sprintf(SendData+offset,"%2d ",snoreData_temp.StartTime[1]);	
..\Src\position.c(3446): warning:  #167-D: argument of type "unsigned char *" is incompatible with parameter of type "char *restrict"
  		    offset += sprintf(SendData+offset,"%2d ",snoreData_temp.StartTime[2]);
..\Src\position.c(3447): warning:  #167-D: argument of type "unsigned char *" is incompatible with parameter of type "char *restrict"
  	      offset += sprintf(SendData+offset,"%2d ",snoreData_temp.StartTime[3]);
..\Src\position.c(3448): warning:  #167-D: argument of type "unsigned char *" is incompatible with parameter of type "char *restrict"
  		    offset += sprintf(SendData+offset,"%2d ",snoreData_temp.StartTime[4]);	
..\Src\position.c(3449): warning:  #167-D: argument of type "unsigned char *" is incompatible with parameter of type "char *restrict"
  		    offset += sprintf(SendData+offset,"%2d ",0);		    	
..\Src\position.c(3451): warning:  #223-D: function "strlen" declared implicitly
  	      uart_send(SendData, strlen(SendData));
..\Src\position.c(3461): warning:  #167-D: argument of type "unsigned char *" is incompatible with parameter of type "char *restrict"
  		    offset += sprintf(SendData+offset,"%2d ",snoreData_temp.StartTime[0]);
..\Src\position.c(3462): warning:  #167-D: argument of type "unsigned char *" is incompatible with parameter of type "char *restrict"
  		    offset += sprintf(SendData+offset,"%2d ",snoreData_temp.StartTime[1]);	
..\Src\position.c(3463): warning:  #167-D: argument of type "unsigned char *" is incompatible with parameter of type "char *restrict"
  		    offset += sprintf(SendData+offset,"%2d ",snoreData_temp.StartTime[2]);
..\Src\position.c(3464): warning:  #167-D: argument of type "unsigned char *" is incompatible with parameter of type "char *restrict"
  	      offset += sprintf(SendData+offset,"%2d ",snoreData_temp.StartTime[3]);
..\Src\position.c(3467): warning:  #167-D: argument of type "unsigned char *" is incompatible with parameter of type "char *restrict"
  					offset += sprintf(SendData+offset,"%2d ",snoreData_temp.StartTime[4]);
..\Src\position.c(3468): warning:  #167-D: argument of type "unsigned char *" is incompatible with parameter of type "char *restrict"
  		      offset += sprintf(SendData+offset,"%2d ",snoreData_temp.SSnoreTimes);	
..\Src\position.c(3469): warning:  #167-D: argument of type "unsigned char *" is incompatible with parameter of type "char *restrict"
  		      offset += sprintf(SendData+offset,"%2d ",snoreData_temp.MSnoreTimes);
..\Src\position.c(3470): warning:  #167-D: argument of type "unsigned char *" is incompatible with parameter of type "char *restrict"
  	        offset += sprintf(SendData+offset,"%2d ",snoreData_temp.LSnoreTimes);
..\Src\position.c(3473): warning:  #167-D: argument of type "unsigned char *" is incompatible with parameter of type "char *restrict"
  					  offset += sprintf(SendData+offset,"%2d ",snoreData_temp.Airbag1Times);
..\Src\position.c(3474): warning:  #167-D: argument of type "unsigned char *" is incompatible with parameter of type "char *restrict"
  		        offset += sprintf(SendData+offset,"%2d ",snoreData_temp.Airbag2Times);	
..\Src\position.c(3475): warning:  #167-D: argument of type "unsigned char *" is incompatible with parameter of type "char *restrict"
  		        offset += sprintf(SendData+offset,"%2d ",snoreData_temp.Airbag3Times);
..\Src\position.c(3476): warning:  #167-D: argument of type "unsigned char *" is incompatible with parameter of type "char *restrict"
  	          offset += sprintf(SendData+offset,"%2d ",snoreData_temp.Airbag4Times);			
..\Src\position.c(3479): warning:  #167-D: argument of type "unsigned char *" is incompatible with parameter of type "char *restrict"
  					    offset += sprintf(SendData+offset,"%2d ",snoreData_temp.person_on_minute);
..\Src\position.c(3480): warning:  #167-D: argument of type "unsigned char *" is incompatible with parameter of type "char *restrict"
  		          offset += sprintf(SendData+offset,"%2d ",snoreData_temp.person_on_second);	
..\Src\position.c(3481): warning:  #167-D: argument of type "unsigned char *" is incompatible with parameter of type "char *restrict"
  		          offset += sprintf(SendData+offset,"%2d ",snoreData_temp.person_off_minute);
..\Src\position.c(3482): warning:  #167-D: argument of type "unsigned char *" is incompatible with parameter of type "char *restrict"
  	            offset += sprintf(SendData+offset,"%2d ",snoreData_temp.person_off_second);
..\Src\position.c(3489): warning:  #223-D: function "strlen" declared implicitly
  	      uart_send(SendData, strlen(SendData));
..\Src\position.c(3498): warning:  #167-D: argument of type "unsigned char *" is incompatible with parameter of type "char *restrict"
  	      offset += sprintf(SendData+offset,"\n");		 
..\Src\position.c(3499): warning:  #223-D: function "strlen" declared implicitly
  	      uart_send(SendData, strlen(SendData));
..\Src\position.c(3510): warning:  #550-D: variable "tt"  was set but never used
  	   uint8_t tt=0;
..\Src\position.c(3624): warning:  #550-D: variable "tt"  was set but never used
  	      uint8_t tt;
..\Src\position.c(3638): warning:  #550-D: variable "tt"  was set but never used
  	      uint8_t tt;
..\Src\position.c: 194 warnings, 0 errors
compiling SnoreTask.c...
../Inc/config.h(6): warning:  #1-D: last line of file ends without a newline
  #endif
../Inc/SpiFlashFileSys.h(101): warning:  #1-D: last line of file ends without a newline
  unsigned char Read_Backup_RTC_test(void);
..\Src\SnoreTask.c: 2 warnings, 0 errors
compiling ActionTask.c...
../Inc/config.h(6): warning:  #1-D: last line of file ends without a newline
  #endif
../Inc/SpiFlashFileSys.h(101): warning:  #1-D: last line of file ends without a newline
  unsigned char Read_Backup_RTC_test(void);
..\Src\ActionTask.c(614): warning:  #177-D: variable "total"  was declared but never referenced
  	unsigned int total,time=0;
..\Src\ActionTask.c(734): warning:  #550-D: variable "total"  was set but never used
  	unsigned int total,time=0;
..\Src\ActionTask.c(1799): warning:  #167-D: argument of type "uint8_t *" is incompatible with parameter of type "char *restrict"
  		    offset += sprintf(SendData+offset,"%2d ",sdatestructure_snore.Year);
..\Src\ActionTask.c(1800): warning:  #167-D: argument of type "uint8_t *" is incompatible with parameter of type "char *restrict"
  		    offset += sprintf(SendData+offset,"%2d ",sdatestructure_snore.Month);	
..\Src\ActionTask.c(1801): warning:  #167-D: argument of type "uint8_t *" is incompatible with parameter of type "char *restrict"
  		    offset += sprintf(SendData+offset,"%2d ",sdatestructure_snore.Date);
..\Src\ActionTask.c(1802): warning:  #167-D: argument of type "uint8_t *" is incompatible with parameter of type "char *restrict"
  	      offset += sprintf(SendData+offset,"%2d ",stimestructure_snore.Hours);
..\Src\ActionTask.c(1803): warning:  #167-D: argument of type "uint8_t *" is incompatible with parameter of type "char *restrict"
  		    offset += sprintf(SendData+offset,"%2d ",stimestructure_snore.Minutes);	
..\Src\ActionTask.c(1804): warning:  #167-D: argument of type "uint8_t *" is incompatible with parameter of type "char *restrict"
  		    offset += sprintf(SendData+offset,"%2d ",stimestructure_snore.Seconds);		    	
..\Src\ActionTask.c(1805): warning:  #167-D: argument of type "uint8_t *" is incompatible with parameter of type "char *restrict"
  	      offset += sprintf(SendData+offset,"\n");		 
..\Src\ActionTask.c(1806): warning:  #167-D: argument of type "uint8_t *" is incompatible with parameter of type "const char *"
  	      uart_send(SendData, strlen(SendData));
..\Src\ActionTask.c(1813): warning:  #167-D: argument of type "uint8_t *" is incompatible with parameter of type "char *restrict"
  	      offset += sprintf(SendData+offset,"%2d ",sdatestructure_snore.Year);
..\Src\ActionTask.c(1814): warning:  #167-D: argument of type "uint8_t *" is incompatible with parameter of type "char *restrict"
  		    offset += sprintf(SendData+offset,"%2d ",sdatestructure_snore.Month);	
..\Src\ActionTask.c(1815): warning:  #167-D: argument of type "uint8_t *" is incompatible with parameter of type "char *restrict"
  		    offset += sprintf(SendData+offset,"%2d ",sdatestructure_snore.Date);
..\Src\ActionTask.c(1816): warning:  #167-D: argument of type "uint8_t *" is incompatible with parameter of type "char *restrict"
  	      offset += sprintf(SendData+offset,"%2d ",stimestructure_snore.Hours);
..\Src\ActionTask.c(1817): warning:  #167-D: argument of type "uint8_t *" is incompatible with parameter of type "char *restrict"
  		    offset += sprintf(SendData+offset,"%2d ",stimestructure_snore.Minutes);	
..\Src\ActionTask.c(1818): warning:  #167-D: argument of type "uint8_t *" is incompatible with parameter of type "char *restrict"
  		    offset += sprintf(SendData+offset,"%2d | ",stimestructure_snore.Seconds);	
..\Src\ActionTask.c(1821): warning:  #167-D: argument of type "uint8_t *" is incompatible with parameter of type "char *restrict"
  					offset += sprintf(SendData+offset,"%2d ",19);	
..\Src\ActionTask.c(1822): warning:  #167-D: argument of type "uint8_t *" is incompatible with parameter of type "char *restrict"
            offset += sprintf(SendData+offset,"%2d ",pump_operation_time[19][0]); 
..\Src\ActionTask.c(1826): warning:  #167-D: argument of type "uint8_t *" is incompatible with parameter of type "char *restrict"
  	       offset += sprintf(SendData+offset,"%2d ",pump_operation_time_write_pointer-1);	
..\Src\ActionTask.c(1827): warning:  #167-D: argument of type "uint8_t *" is incompatible with parameter of type "char *restrict"
           offset += sprintf(SendData+offset,"%2d ",pump_operation_time[pump_operation_time_write_pointer-1][0]); 
..\Src\ActionTask.c(1829): warning:  #167-D: argument of type "uint8_t *" is incompatible with parameter of type "char *restrict"
  	      offset += sprintf(SendData+offset,"\n\n");		 
..\Src\ActionTask.c(1830): warning:  #167-D: argument of type "uint8_t *" is incompatible with parameter of type "const char *"
  	      uart_send(SendData, strlen(SendData));
..\Src\ActionTask.c(2417): warning:  #177-D: variable "temp_flag"  was declared but never referenced
  								uint8_t temp_flag=0;
..\Src\ActionTask.c(2662): warning:  #177-D: variable "temp_flag"  was declared but never referenced
  									uint8_t temp_flag=0;
..\Src\ActionTask.c(2819): warning:  #550-D: variable "temp_flag"  was set but never used
  					uint8_t temp_flag=0;
..\Src\ActionTask.c(3004): warning:  #174-D: expression has no effect
  					   PillowControl.SnoreOn==
alse;
..\Src\ActionTask.c(3033): warning:  #174-D: expression has no effect
  				PillowControl.SnoreOn==
alse;
..\Src\ActionTask.c(1840): warning:  #177-D: variable "mode"  was declared but never referenced
  	unsigned char mode=0,headRunTime=0;
..\Src\ActionTask.c(1840): warning:  #177-D: variable "headRunTime"  was declared but never referenced
  	unsigned char mode=0,headRunTime=0;
..\Src\ActionTask.c(1841): warning:  #177-D: variable "t2"  was declared but never referenced
    	unsigned int t2=0,ti=0,temp,aTime=0;
..\Src\ActionTask.c(1841): warning:  #177-D: variable "ti"  was declared but never referenced
    	unsigned int t2=0,ti=0,temp,aTime=0;
..\Src\ActionTask.c(1841): warning:  #177-D: variable "aTime"  was declared but never referenced
    	unsigned int t2=0,ti=0,temp,aTime=0;
..\Src\ActionTask.c: 34 warnings, 0 errors
compiling SpiFlashFileSys.c...
../Inc/config.h(6): warning:  #1-D: last line of file ends without a newline
  #endif
../Inc/SpiFlashFileSys.h(101): warning:  #1-D: last line of file ends without a newline
  unsigned char Read_Backup_RTC_test(void);
..\Src\SpiFlashFileSys.c(643): warning:  #177-D: variable "i"  was declared but never referenced
  	int offset=0,i;
..\Src\SpiFlashFileSys.c: 3 warnings, 0 errors
compiling imageJump.c...
../Inc/config.h(6): warning:  #1-D: last line of file ends without a newline
  #endif
../Inc/SpiFlashFileSys.h(101): warning:  #1-D: last line of file ends without a newline
  unsigned char Read_Backup_RTC_test(void);
..\Src\imageJump.c: 2 warnings, 0 errors
compiling bluetooth.c...
../Inc/config.h(6): warning:  #1-D: last line of file ends without a newline
  #endif
../Inc/SpiFlashFileSys.h(101): warning:  #1-D: last line of file ends without a newline
  unsigned char Read_Backup_RTC_test(void);
..\Src\bluetooth.c(204): warning:  #550-D: variable "RetError"  was set but never used
      uint8_t RetError=0;
..\Src\bluetooth.c(373): warning:  #177-D: variable "RetError"  was declared but never referenced
  	  uint8_t RetError=0;
..\Src\bluetooth.c(374): warning:  #177-D: variable "len"  was declared but never referenced
  	  uint8_t len,i,j,temp,counter;
..\Src\bluetooth.c(374): warning:  #177-D: variable "i"  was declared but never referenced
  	  uint8_t len,i,j,temp,counter;
..\Src\bluetooth.c(374): warning:  #177-D: variable "temp"  was declared but never referenced
  	  uint8_t len,i,j,temp,counter;
..\Src\bluetooth.c(449): warning:  #177-D: variable "RetError"  was declared but never referenced
  	  uint8_t RetError=0;
..\Src\bluetooth.c(450): warning:  #177-D: variable "len"  was declared but never referenced
  	  uint8_t len,i,j,temp,counter;
..\Src\bluetooth.c(450): warning:  #177-D: variable "j"  was declared but never referenced
  	  uint8_t len,i,j,temp,counter;
..\Src\bluetooth.c: 10 warnings, 0 errors
assembling startup_stm32f405xx.s...
compiling heap_4.c...
compiling event_groups.c...
compiling cmsis_os.c...
compiling timers.c...
compiling list.c...
compiling croutine.c...
compiling queue.c...
compiling tasks.c...
compiling port.c...
compiling system_stm32f4xx.c...
linking...
Program Size: Code=71480 RO-data=18424 RW-data=1328 ZI-data=119336  
After Build - User command #1: fromelf.exe --bin -o "tuwan3g\tuwan3g.bin" "tuwan3g\tuwan3g.axf"
"tuwan3g\tuwan3g.axf" - 0 Error(s), 398 Warning(s).

<h2>Software Packages used:</h2>

Package Vendor: ARM
                http://www.keil.com/pack/ARM.CMSIS.5.9.0.pack
                ARM::CMSIS:CORE:5.6.0
                CMSIS (Common Microcontroller Software Interface Standard)
   * Component: CORE Version: 5.6.0

<h2>Collection of Component include folders:</h2>
  .\RTE\_tuwan3g
  D:\Arm\Packs\ARM\CMSIS\5.9.0\CMSIS\Core\Include
  D:\Arm\Packs\Keil\STM32F4xx_DFP\2.16.0\Drivers\CMSIS\Device\ST\STM32F4xx\Include

<h2>Collection of Component Files used:</h2>

   * Component: ARM::CMSIS:CORE:5.6.0
Build Time Elapsed:  00:01:21
</pre>
</body>
</html>
