Component: ARM Compiler 5.06 update 4 (build 422) Tool: armlink [4d35d2]

==============================================================================

Section Cross References

    stm32f4xx_hal_uart.o(i.HAL_HalfDuplex_Init) refers to stm32f4xx_hal_msp.o(i.HAL_UART_MspInit) for HAL_UART_MspInit
    stm32f4xx_hal_uart.o(i.HAL_HalfDuplex_Init) refers to stm32f4xx_hal_uart.o(i.UART_SetConfig) for UART_SetConfig
    stm32f4xx_hal_uart.o(i.HAL_LIN_Init) refers to stm32f4xx_hal_msp.o(i.HAL_UART_MspInit) for HAL_UART_MspInit
    stm32f4xx_hal_uart.o(i.HAL_LIN_Init) refers to stm32f4xx_hal_uart.o(i.UART_SetConfig) for UART_SetConfig
    stm32f4xx_hal_uart.o(i.HAL_MultiProcessor_Init) refers to stm32f4xx_hal_msp.o(i.HAL_UART_MspInit) for HAL_UART_MspInit
    stm32f4xx_hal_uart.o(i.HAL_MultiProcessor_Init) refers to stm32f4xx_hal_uart.o(i.UART_SetConfig) for UART_SetConfig
    stm32f4xx_hal_uart.o(i.HAL_UART_DMAStop) refers to stm32f4xx_hal_dma.o(i.HAL_DMA_Abort) for HAL_DMA_Abort
    stm32f4xx_hal_uart.o(i.HAL_UART_DMAStop) refers to stm32f4xx_hal_uart.o(i.UART_EndTxTransfer) for UART_EndTxTransfer
    stm32f4xx_hal_uart.o(i.HAL_UART_DMAStop) refers to stm32f4xx_hal_uart.o(i.UART_EndRxTransfer) for UART_EndRxTransfer
    stm32f4xx_hal_uart.o(i.HAL_UART_DeInit) refers to stm32f4xx_hal_msp.o(i.HAL_UART_MspDeInit) for HAL_UART_MspDeInit
    stm32f4xx_hal_uart.o(i.HAL_UART_IRQHandler) refers to stm32f4xx_hal_uart.o(i.UART_Receive_IT) for UART_Receive_IT
    stm32f4xx_hal_uart.o(i.HAL_UART_IRQHandler) refers to stm32f4xx_hal_uart.o(i.UART_EndRxTransfer) for UART_EndRxTransfer
    stm32f4xx_hal_uart.o(i.HAL_UART_IRQHandler) refers to stm32f4xx_hal_dma.o(i.HAL_DMA_Abort_IT) for HAL_DMA_Abort_IT
    stm32f4xx_hal_uart.o(i.HAL_UART_IRQHandler) refers to stm32f4xx_hal_uart.o(i.HAL_UART_ErrorCallback) for HAL_UART_ErrorCallback
    stm32f4xx_hal_uart.o(i.HAL_UART_IRQHandler) refers to stm32f4xx_hal_uart.o(i.UART_Transmit_IT) for UART_Transmit_IT
    stm32f4xx_hal_uart.o(i.HAL_UART_IRQHandler) refers to stm32f4xx_hal_uart.o(i.HAL_UART_TxCpltCallback) for HAL_UART_TxCpltCallback
    stm32f4xx_hal_uart.o(i.HAL_UART_IRQHandler) refers to stm32f4xx_hal_uart.o(i.UART_DMAAbortOnError) for UART_DMAAbortOnError
    stm32f4xx_hal_uart.o(i.HAL_UART_Init) refers to stm32f4xx_hal_msp.o(i.HAL_UART_MspInit) for HAL_UART_MspInit
    stm32f4xx_hal_uart.o(i.HAL_UART_Init) refers to stm32f4xx_hal_uart.o(i.UART_SetConfig) for UART_SetConfig
    stm32f4xx_hal_uart.o(i.HAL_UART_Receive) refers to stm32f4xx_hal.o(i.HAL_GetTick) for HAL_GetTick
    stm32f4xx_hal_uart.o(i.HAL_UART_Receive) refers to stm32f4xx_hal_uart.o(i.UART_WaitOnFlagUntilTimeout) for UART_WaitOnFlagUntilTimeout
    stm32f4xx_hal_uart.o(i.HAL_UART_Receive_DMA) refers to stm32f4xx_hal_dma.o(i.HAL_DMA_Start_IT) for HAL_DMA_Start_IT
    stm32f4xx_hal_uart.o(i.HAL_UART_Receive_DMA) refers to stm32f4xx_hal_uart.o(i.UART_DMAReceiveCplt) for UART_DMAReceiveCplt
    stm32f4xx_hal_uart.o(i.HAL_UART_Receive_DMA) refers to stm32f4xx_hal_uart.o(i.UART_DMARxHalfCplt) for UART_DMARxHalfCplt
    stm32f4xx_hal_uart.o(i.HAL_UART_Receive_DMA) refers to stm32f4xx_hal_uart.o(i.UART_DMAError) for UART_DMAError
    stm32f4xx_hal_uart.o(i.HAL_UART_Transmit) refers to stm32f4xx_hal.o(i.HAL_GetTick) for HAL_GetTick
    stm32f4xx_hal_uart.o(i.HAL_UART_Transmit) refers to stm32f4xx_hal_uart.o(i.UART_WaitOnFlagUntilTimeout) for UART_WaitOnFlagUntilTimeout
    stm32f4xx_hal_uart.o(i.HAL_UART_Transmit_DMA) refers to stm32f4xx_hal_dma.o(i.HAL_DMA_Start_IT) for HAL_DMA_Start_IT
    stm32f4xx_hal_uart.o(i.HAL_UART_Transmit_DMA) refers to stm32f4xx_hal_uart.o(i.UART_DMATransmitCplt) for UART_DMATransmitCplt
    stm32f4xx_hal_uart.o(i.HAL_UART_Transmit_DMA) refers to stm32f4xx_hal_uart.o(i.UART_DMATxHalfCplt) for UART_DMATxHalfCplt
    stm32f4xx_hal_uart.o(i.HAL_UART_Transmit_DMA) refers to stm32f4xx_hal_uart.o(i.UART_DMAError) for UART_DMAError
    stm32f4xx_hal_uart.o(i.UART_DMAAbortOnError) refers to stm32f4xx_hal_uart.o(i.HAL_UART_ErrorCallback) for HAL_UART_ErrorCallback
    stm32f4xx_hal_uart.o(i.UART_DMAError) refers to stm32f4xx_hal_uart.o(i.UART_EndTxTransfer) for UART_EndTxTransfer
    stm32f4xx_hal_uart.o(i.UART_DMAError) refers to stm32f4xx_hal_uart.o(i.UART_EndRxTransfer) for UART_EndRxTransfer
    stm32f4xx_hal_uart.o(i.UART_DMAError) refers to stm32f4xx_hal_uart.o(i.HAL_UART_ErrorCallback) for HAL_UART_ErrorCallback
    stm32f4xx_hal_uart.o(i.UART_DMAReceiveCplt) refers to tuwan.o(i.HAL_UART_RxCpltCallback) for HAL_UART_RxCpltCallback
    stm32f4xx_hal_uart.o(i.UART_DMARxHalfCplt) refers to stm32f4xx_hal_uart.o(i.HAL_UART_RxHalfCpltCallback) for HAL_UART_RxHalfCpltCallback
    stm32f4xx_hal_uart.o(i.UART_DMATransmitCplt) refers to stm32f4xx_hal_uart.o(i.HAL_UART_TxCpltCallback) for HAL_UART_TxCpltCallback
    stm32f4xx_hal_uart.o(i.UART_DMATxHalfCplt) refers to stm32f4xx_hal_uart.o(i.HAL_UART_TxHalfCpltCallback) for HAL_UART_TxHalfCpltCallback
[...]
    ProgramFlashBlock                        0x0808bf0d   Thumb Code    60  flash.o(i.ProgramFlashBlock)
    RTC_Bcd2ToByte                           0x0808bf49   Thumb Code    18  stm32f4xx_hal_rtc.o(i.RTC_Bcd2ToByte)
    RTC_ByteToBcd2                           0x0808bf5b   Thumb Code    22  stm32f4xx_hal_rtc.o(i.RTC_ByteToBcd2)
    RTC_EnterInitMode                        0x0808bf71   Thumb Code    58  stm32f4xx_hal_rtc.o(i.RTC_EnterInitMode)
    ReadFlash                                0x0808bfad   Thumb Code   100  w25q16.o(i.ReadFlash)
    ReadSnoreData                            0x0808c019   Thumb Code   116  spiflashfilesys.o(i.ReadSnoreData)
    ReadSysPara                              0x0808c095   Thumb Code   102  spiflashfilesys.o(i.ReadSysPara)
    ReadUniqueID                             0x0808c105   Thumb Code    80  w25q16.o(i.ReadUniqueID)
    ResetToFactory                           0x0808c159   Thumb Code    22  tuwan.o(i.ResetToFactory)
    ResetToFactory1                          0x0808c175   Thumb Code    22  tuwan.o(i.ResetToFactory1)
    RunLed                                   0x0808c191   Thumb Code    18  inputoutput.o(i.RunLed)
    SPI1_IRQHandler                          0x0808c1a9   Thumb Code     6  stm32f4xx_it.o(i.SPI1_IRQHandler)
    SPI2_IRQHandler                          0x0808c1b5   Thumb Code     6  stm32f4xx_it.o(i.SPI2_IRQHandler)
    SPIReceiveByte                           0x0808c1c1   Thumb Code     6  w25q16.o(i.SPIReceiveByte)
    SPISendByte                              0x0808c1c9   Thumb Code    38  w25q16.o(i.SPISendByte)
    SectorErase                              0x0808c2bd   Thumb Code    92  w25q16.o(i.SectorErase)
    SendATCommandToBLE                       0x0808c31d   Thumb Code    40  bluetooth.o(i.SendATCommandToBLE)
    SendDataToPCorSTM32                      0x0808c349   Thumb Code    28  position.o(i.SendDataToPCorSTM32)
    SetBLEINT                                0x0808c369   Thumb Code    20  bluetooth.o(i.SetBLEINT)
    SetBLERESET                              0x0808c381   Thumb Code    22  bluetooth.o(i.SetBLERESET)
    SetBLEWAKEUP                             0x0808c39d   Thumb Code    20  bluetooth.o(i.SetBLEWAKEUP)
    SetBleName                               0x0808c3b5   Thumb Code   220  bluetooth.o(i.SetBleName)
    SetINTinput                              0x0808c4a9   Thumb Code    26  bluetooth.o(i.SetINTinput)
    SetINToutput                             0x0808c4c9   Thumb Code    42  bluetooth.o(i.SetINToutput)
    SetValidVectorWeightThrehold             0x0808c4f9   Thumb Code   200  snore.o(i.SetValidVectorWeightThrehold)
    SnoreInit                                0x0808c5d9   Thumb Code   362  snore.o(i.SnoreInit)
    SnoreInit_personon                       0x0808c77d   Thumb Code   362  snore.o(i.SnoreInit_personon)
    SnoreLibWR                               0x0808c921   Thumb Code   138  spiflashfilesys.o(i.SnoreLibWR)
    SnoreTaskFunction                        0x0808c9b1   Thumb Code   172  snoretask.o(i.SnoreTaskFunction)
    SnoreTime                                0x0808ca91   Thumb Code   824  snore.o(i.SnoreTime)
    Snoring                                  0x0808cde5   Thumb Code   830  snore.o(i.Snoring)
    SoftWareReset                            0x0808d141   Thumb Code    28  tuwan.o(i.SoftWareReset)
    StartI2S_2                               0x0808d161   Thumb Code    10  i2s.o(i.StartI2S_2)
    StopAction                               0x0808d175   Thumb Code    20  actiontask.o(i.StopAction)
    SwitchInhale                             0x0808d189   Thumb Code   200  actiontask.o(i.SwitchInhale)
    SysTickIntHandler                        0x0808d251   Thumb Code    76  snoretask.o(i.SysTickIntHandler)
    SysTick_Handler                          0x0808d2a1   Thumb Code    14  stm32f4xx_it.o(i.SysTick_Handler)
    SystemClock_Config                       0x0808d2b1   Thumb Code   226  main.o(i.SystemClock_Config)
    SystemClock_Config_LSE                   0x0808d3a5   Thumb Code   222  main.o(i.SystemClock_Config_LSE)
    SystemClock_Config_LSI                   0x0808d495   Thumb Code   184  main.o(i.SystemClock_Config_LSI)
    SystemInit                               0x0808d559   Thumb Code    66  system_stm32f4xx.o(i.SystemInit)
    TIM6_DAC_IRQHandler                      0x0808d5b1   Thumb Code     6  stm32f4xx_it.o(i.TIM6_DAC_IRQHandler)
    TIM7_IRQHandler                          0x0808d5bd   Thumb Code     6  stm32f4xx_it.o(i.TIM7_IRQHandler)
    TIM_Base_SetConfig                       0x0808d5c9   Thumb Code   148  stm32f4xx_hal_tim.o(i.TIM_Base_SetConfig)
    Time20MSCheck                            0x0808d689   Thumb Code   274  position.o(i.Time20MSCheck)
    UART5_IRQHandler                         0x0808d7b1   Thumb Code     6  stm32f4xx_it.o(i.UART5_IRQHandler)
    USART3_IRQHandler                        0x0808dc19   Thumb Code     6  stm32f4xx_it.o(i.USART3_IRQHandler)
    Uart3InterruptOn                         0x0808dc25   Thumb Code    44  tuwan.o(i.Uart3InterruptOn)
    Uart5InterruptOn                         0x0808dc59   Thumb Code    42  tuwan.o(i.Uart5InterruptOn)
    Upgrade_Finish_LOG                       0x0808dc91   Thumb Code    28  tuwan.o(i.Upgrade_Finish_LOG)
    UsageFault_Handler                       0x0808dce5   Thumb Code     2  stm32f4xx_it.o(i.UsageFault_Handler)
    User_set_positionvalue                   0x0808dce9   Thumb Code    66  position.o(i.User_set_positionvalue)
    ValueDriver                              0x0808dd35   Thumb Code     4  inputoutput.o(i.ValueDriver)
    ValueDriver1                             0x0808dd39   Thumb Code    62  inputoutput.o(i.ValueDriver1)
    VectorDistance                           0x0808dd81   Thumb Code    54  snore.o(i.VectorDistance)
    VerifyBleName                            0x0808ddbd   Thumb Code   210  bluetooth.o(i.VerifyBleName)
    WriteEnable                              0x0808dea9   Thumb Code    40  w25q16.o(i.WriteEnable)
    WriteSnoreData                           0x0808ded5   Thumb Code   176  spiflashfilesys.o(i.WriteSnoreData)
    WrokingLed                               0x0808df8d   Thumb Code    94  inputoutput.o(i.WrokingLed)
    __0sprintf$8                             0x0808dff1   Thumb Code    34  printf8.o(i.__0sprintf$8)
    __1sprintf$8                             0x0808dff1   Thumb Code     0  printf8.o(i.__0sprintf$8)
    __2sprintf                               0x0808dff1   Thumb Code     0  printf8.o(i.__0sprintf$8)
    __ARM_fpclassify                         0x0808e019   Thumb Code    48  fpclassify.o(i.__ARM_fpclassify)
    __hardfp_log                             0x0808e049   Thumb Code   872  log.o(i.__hardfp_log)
    __hardfp_log10                           0x0808e411   Thumb Code   260  log10.o(i.__hardfp_log10)
    __hardfp_pow                             0x0808e541   Thumb Code  3072  pow.o(i.__hardfp_pow)
    __kernel_poly                            0x0808f191   Thumb Code   248  poly.o(i.__kernel_poly)
    __mathlib_dbl_divzero                    0x0808f289   Thumb Code    28  dunder.o(i.__mathlib_dbl_divzero)
    __mathlib_dbl_infnan                     0x0808f2b9   Thumb Code    20  dunder.o(i.__mathlib_dbl_infnan)
    __mathlib_dbl_infnan2                    0x0808f2cd   Thumb Code    20  dunder.o(i.__mathlib_dbl_infnan2)
    __mathlib_dbl_invalid                    0x0808f2e1   Thumb Code    24  dunder.o(i.__mathlib_dbl_invalid)
    __mathlib_dbl_overflow                   0x0808f301   Thumb Code    24  dunder.o(i.__mathlib_dbl_overflow)
    __mathlib_dbl_underflow                  0x0808f321   Thumb Code    24  dunder.o(i.__mathlib_dbl_underflow)
    __scatterload_copy                       0x0808f341   Thumb Code    14  handlers.o(i.__scatterload_copy)
    __scatterload_null                       0x0808f34f   Thumb Code     2  handlers.o(i.__scatterload_null)
    __scatterload_zeroinit                   0x0808f351   Thumb Code    14  handlers.o(i.__scatterload_zeroinit)
    __set_errno                              0x0808f361   Thumb Code     6  errno.o(i.__set_errno)
    debug_Formware_Version_LOG_1             0x0808f801   Thumb Code    60  tuwan.o(i.debug_Formware_Version_LOG_1)
    debug_Formware_Version_LOG_2             0x0808f88d   Thumb Code    60  tuwan.o(i.debug_Formware_Version_LOG_2)
    debug_Formware_Version_LOG_3             0x0808f915   Thumb Code    60  tuwan.o(i.debug_Formware_Version_LOG_3)
    fabs                                     0x0808f99d   Thumb Code    24  fabs.o(i.fabs)
    firstSnoreInit                           0x0808f9b5   Thumb Code   186  snore.o(i.firstSnoreInit)
    gStorageDataResetDefault                 0x0808fa8d   Thumb Code    88  tuwan.o(i.gStorageDataResetDefault)
    gStorageDataResetDefault1                0x0808faed   Thumb Code   112  tuwan.o(i.gStorageDataResetDefault1)
    iniConfig                                0x0808fb65   Thumb Code    86  snore.o(i.iniConfig)
    iniConfig1                               0x0808fbc1   Thumb Code    28  snore.o(i.iniConfig1)
    inputDataToQDef                          0x0808fbdd   Thumb Code   118  qstruct.o(i.inputDataToQDef)
    log                                      0x0808fc53   Thumb Code    16  log.o(i.log)
    main                                     0x0808fc65   Thumb Code   406  main.o(i.main)
    mfccCount                                0x0808fe1d   Thumb Code   600  snore.o(i.mfccCount)
    mfccFFTsub                               0x08090091   Thumb Code   664  snore.o(i.mfccFFTsub)
    mfcc_sub                                 0x08090349   Thumb Code   238  snore.o(i.mfcc_sub)
    osDelay                                  0x08090449   Thumb Code    14  cmsis_os.o(i.osDelay)
    osKernelStart                            0x08090457   Thumb Code    10  cmsis_os.o(i.osKernelStart)
    osMessageCreate                          0x08090461   Thumb Code     8  cmsis_os.o(i.osMessageCreate)
    osSystickHandler                         0x08090469   Thumb Code    20  cmsis_os.o(i.osSystickHandler)
    osThreadCreate                           0x0809047d   Thumb Code    56  cmsis_os.o(i.osThreadCreate)
    outputDataFromQDef                       0x080904b5   Thumb Code    80  qstruct.o(i.outputDataFromQDef)
    pvPortMalloc                             0x0809078d   Thumb Code   210  heap_4.o(i.pvPortMalloc)
    pvTaskIncrementMutexHeldCount            0x08090865   Thumb Code    18  tasks.o(i.pvTaskIncrementMutexHeldCount)
    pxPortInitialiseStack                    0x0809087d   Thumb Code    36  port.o(i.pxPortInitialiseStack)
    request_position_stop_work               0x080908a5   Thumb Code    30  actiontask.o(i.request_position_stop_work)
    snore_mindb_Init                         0x080908c9   Thumb Code    10  snore.o(i.snore_mindb_Init)
    sort                                     0x080908dd   Thumb Code    46  position.o(i.sort)
    sqrt                                     0x0809090b   Thumb Code   110  sqrt_full.o(i.sqrt)
    uart3Send                                0x08090979   Thumb Code    64  tuwan.o(i.uart3Send)
    uart_send                                0x080909c5   Thumb Code    10  tuwan.o(i.uart_send)
    userStart                                0x080909d5   Thumb Code    42  tuwan.o(i.userStart)
    uxListRemove                             0x08090a09   Thumb Code    36  list.o(i.uxListRemove)
    vListInitialise                          0x08090a2d   Thumb Code    22  list.o(i.vListInitialise)
    vListInitialiseItem                      0x08090a43   Thumb Code     6  list.o(i.vListInitialiseItem)
    vListInsert                              0x08090a49   Thumb Code    48  list.o(i.vListInsert)
    vListInsertEnd                           0x08090a79   Thumb Code    24  list.o(i.vListInsertEnd)
    vPortEnterCritical                       0x08090a91   Thumb Code    54  port.o(i.vPortEnterCritical)
    vPortExitCritical                        0x08090ad1   Thumb Code    34  port.o(i.vPortExitCritical)
    vPortFree                                0x08090af9   Thumb Code    88  heap_4.o(i.vPortFree)
    vPortSetupTimerInterrupt                 0x08090b55   Thumb Code    26  port.o(i.vPortSetupTimerInterrupt)
    vPortValidateInterruptPriority           0x08090b75   Thumb Code    74  port.o(i.vPortValidateInterruptPriority)
    vTaskDelay                               0x08090bc9   Thumb Code    94  tasks.o(i.vTaskDelay)
    vTaskMissedYield                         0x08090c31   Thumb Code     8  tasks.o(i.vTaskMissedYield)
    vTaskPlaceOnEventList                    0x08090c3d   Thumb Code    90  tasks.o(i.vTaskPlaceOnEventList)
    vTaskPriorityInherit                     0x08090ca1   Thumb Code   124  tasks.o(i.vTaskPriorityInherit)
    vTaskSetTimeOutState                     0x08090d25   Thumb Code    30  tasks.o(i.vTaskSetTimeOutState)
    vTaskStartScheduler                      0x08090d49   Thumb Code    88  tasks.o(i.vTaskStartScheduler)
    vTaskSuspendAll                          0x08090db1   Thumb Code    10  tasks.o(i.vTaskSuspendAll)
    vTaskSwitchContext                       0x08090dc1   Thumb Code    82  tasks.o(i.vTaskSwitchContext)
    xPortStartScheduler                      0x08090e1d   Thumb Code   202  port.o(i.xPortStartScheduler)
    xPortSysTickHandler                      0x08090efd   Thumb Code    38  port.o(i.xPortSysTickHandler)
    xQueueCreateMutex                        0x08090f29   Thumb Code    74  queue.o(i.xQueueCreateMutex)
    xQueueGenericCreate                      0x08090f73   Thumb Code   100  queue.o(i.xQueueGenericCreate)
    xQueueGenericReceive                     0x08090fd9   Thumb Code   358  queue.o(i.xQueueGenericReceive)
    xQueueGenericReset                       0x08091145   Thumb Code   126  queue.o(i.xQueueGenericReset)
    xQueueGenericSend                        0x080911c9   Thumb Code   348  queue.o(i.xQueueGenericSend)
    xQueueGenericSendFromISR                 0x08091329   Thumb Code   182  queue.o(i.xQueueGenericSendFromISR)
    xTaskCheckForTimeOut                     0x080913e1   Thumb Code   102  tasks.o(i.xTaskCheckForTimeOut)
    xTaskGenericCreate                       0x0809144d   Thumb Code   430  tasks.o(i.xTaskGenericCreate)
    xTaskGetSchedulerState                   0x08091609   Thumb Code    22  tasks.o(i.xTaskGetSchedulerState)
    xTaskIncrementTick                       0x08091625   Thumb Code   194  tasks.o(i.xTaskIncrementTick)
    xTaskPriorityDisinherit                  0x080916f1   Thumb Code   144  tasks.o(i.xTaskPriorityDisinherit)
    xTaskRemoveFromEventList                 0x08091789   Thumb Code   108  tasks.o(i.xTaskRemoveFromEventList)
    xTaskResumeAll                           0x080917fd   Thumb Code   182  tasks.o(i.xTaskResumeAll)
    APBAHBPrescTable                         0x080918c0   Data          16  stm32f4xx_hal_rcc.o(.constdata)
    arm_cfft_sR_f32_len256                   0x08095268   Data          16  arm_const_structs.o(.constdata)
    twiddleCoef_256                          0x08095278   Data        2048  arm_common_tables.o(.constdata)
    armBitRevIndexTable256                   0x08095a78   Data         880  arm_common_tables.o(.constdata)
    __mathlib_zero                           0x08095ea8   Data           8  qnan.o(.constdata)
    Region$$Table$$Base                      0x08095f10   Number         0  anon$$obj.o(Region$$Table)
    Region$$Table$$Limit                     0x08095f30   Number         0  anon$$obj.o(Region$$Table)
    uwTick                                   0x20000000   Data           4  stm32f4xx_hal.o(.data)
    LOGO_ON                                  0x20000004   Data           1  forthwords.o(.data)
    RTC_Clock_Selector                       0x20000008   Data           1  main.o(.data)
    Error_Code                               0x20000009   Data           1  main.o(.data)
    MainTaskHandle                           0x2000000c   Data           4  main.o(.data)
    ForthTemialTaskHandle                    0x20000010   Data           4  main.o(.data)
    PositionTaskHandle                       0x20000014   Data           4  main.o(.data)
    ActionTaskHandle                         0x20000018   Data           4  main.o(.data)
    SnoreTaskHandle                          0x2000001c   Data           4  main.o(.data)
    LedFlashTaskHandle                       0x20000020   Data           4  main.o(.data)
    UART5QHandle                             0x20000024   Data           4  main.o(.data)
    UART3QHandle                             0x20000028   Data           4  main.o(.data)
    ExhalAdcQHandle                          0x2000002c   Data           4  main.o(.data)
    InhalAdcQHandle                          0x20000030   Data           4  main.o(.data)
    SnoreDetectTime                          0x20000034   Data           1  i2s.o(.data)
    CntTime                                  0x20000036   Data           1  i2s.o(.data)
    volume                                   0x20000038   Data           2  i2s.o(.data)
    recordTick                               0x2000003c   Data           4  i2s.o(.data)
    log_newfcc_flag                          0x20000043   Data           1  snore.o(.data)
    log_weight_add1_flag                     0x20000044   Data           1  snore.o(.data)
    min_snore_db                             0x20000045   Data           1  snore.o(.data)
    test_flag3                               0x20000046   Data           1  snore.o(.data)
    test_flag1                               0x20000047   Data           1  snore.o(.data)
    test_flag2                               0x20000048   Data           1  snore.o(.data)
    study_hour_start                         0x20000049   Data           1  snore.o(.data)
    study_min_start                          0x2000004a   Data           1  snore.o(.data)
    study_hour_end                           0x2000004b   Data           1  snore.o(.data)
    study_min_end                            0x2000004c   Data           1  snore.o(.data)
    Snore_Time_Enable                        0x2000004d   Data           1  snore.o(.data)
    PVEvol8                                  0x2000004e   Data           1  snore.o(.data)
    Avol8                                    0x2000004f   Data           1  snore.o(.data)
    SnoreType                                0x20000050   Data           1  snore.o(.data)
    SnoreNose                                0x20000051   Data           1  snore.o(.data)
    SnoreNoseLow                             0x20000052   Data           1  snore.o(.data)
    SnoreNoseHigh                            0x20000053   Data           1  snore.o(.data)
    SnoreAver                                0x20000054   Data           1  snore.o(.data)
    dynamic_weight                           0x20000056   Data           2  snore.o(.data)
    PCMVol                                   0x20000058   Data           2  snore.o(.data)
    max_vectorweight_inLIB                   0x2000005a   Data           2  snore.o(.data)
    ContinueErrorTime                        0x20000084   Data           4  snore.o(.data)
    PVEvolBak                                0x2000008c   Data           4  snore.o(.data)
    NoseLow                                  0x20000090   Data           4  snore.o(.data)
    NoseHigh                                 0x20000094   Data           4  snore.o(.data)
    U3Interrupt                              0x20000098   Data           1  tuwan.o(.data)
    U5Interrupt                              0x20000099   Data           1  tuwan.o(.data)
    GetChar                                  0x2000009a   Data           1  tuwan.o(.data)
    AppTest                                  0x2000009b   Data           1  tuwan.o(.data)
    Upgrading_On                             0x2000009c   Data           1  tuwan.o(.data)
    KeyCnt                                   0x2000009d   Data           1  tuwan.o(.data)
    person_on_for_save_data_flag             0x2000009e   Data           1  tuwan.o(.data)
    buf_for_BLE_SN_modify_pointer            0x2000009f   Data           1  tuwan.o(.data)
    headerok_flag                            0x200000a0   Data           1  tuwan.o(.data)
    pump_record_process_repaet_flag          0x200000a1   Data           1  tuwan.o(.data)
    UserStopAtAutoOnTimeFlag                 0x200000a2   Data           1  tuwan.o(.data)
    UserStartAtAutoOffTimeFlag               0x200000a3   Data           1  tuwan.o(.data)
    Uart3Buffer                              0x200000a4   Data           1  tuwan.o(.data)
    tempAirBag                               0x200000a5   Data           1  tuwan.o(.data)
    vectors_num                              0x200000a6   Data           1  tuwan.o(.data)
    valid_vcetors_num                        0x200000a7   Data           1  tuwan.o(.data)
    udirdata                                 0x200000a8   Data           2  tuwan.o(.data)
    tick                                     0x200000aa   Data           2  tuwan.o(.data)
    StartLedCount                            0x200000ac   Data           4  tuwan.o(.data)
    BleSNHeader                              0x200000b0   Data           4  tuwan.o(.data)
    sdatestructure                           0x200000b8   Data           4  tuwan.o(.data)
    sdatestructure_temp                      0x200000bc   Data           4  tuwan.o(.data)
    mac_Code                                 0x200000c0   Data           4  tuwan.o(.data)
    ReadPos                                  0x200000c4   Data           8  tuwan.o(.data)
    Masaji                                   0x200000cc   Data           1  tuwan.o(.data)
    rechecktime_hour                         0x200000cd   Data           1  tuwan.o(.data)
    personontime_hour                        0x200000ce   Data           1  tuwan.o(.data)
    personontime_minute                      0x200000cf   Data           1  tuwan.o(.data)
    g_InhalePumpStatus                       0x200000d0   Data           1  inputoutput.o(.data)
    Ten_minutes_first_personon_event_flag    0x200000dc   Data           1  position.o(.data)
    person_on_hour                           0x200000dd   Data           1  position.o(.data)
    person_on_minute                         0x200000de   Data           1  position.o(.data)
    person_on_second                         0x200000df   Data           1  position.o(.data)
    person_off_hour                          0x200000e0   Data           1  position.o(.data)
    person_off_minute                        0x200000e1   Data           1  position.o(.data)
    person_off_second                        0x200000e2   Data           1  position.o(.data)
    debug_factoryreset_enable                0x200000e3   Data           1  position.o(.data)
    TIM7_operation_stepnum                   0x200000e4   Data           1  position.o(.data)
    TIM7_operation_finished_flag             0x200000e5   Data           1  position.o(.data)
    MIC_data_save_enable                     0x200000e6   Data           1  position.o(.data)
    MIC_data_stop_detect_flag                0x200000e7   Data           1  position.o(.data)
    AirSensor_Position_Checking              0x200000e8   Data           1  position.o(.data)
    Received_BLE_NAME_flag                   0x200000e9   Data           1  position.o(.data)
    app_settime_flag                         0x200000ea   Data           1  position.o(.data)
    debug_sleepdata_enable                   0x200000eb   Data           1  position.o(.data)
    PillowMaxOne_Willbesend                  0x200000ee   Data           1  position.o(.data)
    Snore_MaxDB_Detected                     0x200000ef   Data           1  position.o(.data)
    Pillow2ndMaxOne_Willbesend               0x200000f0   Data           1  position.o(.data)
    secondtest                               0x200000f1   Data           1  position.o(.data)
    Walve_poweron_time                       0x200000f2   Data           2  position.o(.data)
    Walve_poweroff_time                      0x200000f4   Data           2  position.o(.data)
    BT_Recieved_Data_From_App_Buffer_Pointer 0x200000f6   Data           2  position.o(.data)
    BT_Sent_Data_To_App_Buffer_Pointer       0x200000f8   Data           2  position.o(.data)
    Airsensor_readvalue_50ms                 0x200000fa   Data           2  position.o(.data)
    MIC_data_MAX                             0x200000fc   Data           2  position.o(.data)
    MIC_data_Min                             0x200000fe   Data           2  position.o(.data)
    PillowControl                            0x20000100   Data           4  position.o(.data)
    snore_times_every_sleep                  0x20000104   Data           4  position.o(.data)
    snore_times_for_antisnore                0x20000108   Data           4  position.o(.data)
    snore_times_for_snore                    0x2000010c   Data           4  position.o(.data)
    Antisnore_count_timer                    0x20000114   Data           4  position.o(.data)
    timer_test1                              0x20000118   Data           4  position.o(.data)
    timer_test2                              0x2000011c   Data           4  position.o(.data)
    HeadPosition                             0x20000120   Data           8  position.o(.data)
    position                                 0x20000128   Data           8  position.o(.data)
    AirSensor_checkposition_pumpon_time_everyone 0x20000130   Data           8  position.o(.data)
    LastPosition                             0x20000138   Data           8  position.o(.data)
    SensorLevelAutoSetData                   0x20000140   Data           8  position.o(.data)
    LastHeadPosition                         0x20000148   Data           8  position.o(.data)
    Side_Sleep                               0x20000150   Data           1  position.o(.data)
    MIC_data_for_Walve_debug_pointer         0x20000152   Data           2  position.o(.data)
    MIC_point_repeat_step                    0x20000154   Data           1  position.o(.data)
    Valve_State                              0x20000155   Data           4  position.o(.data)
    SensorLevelAutoSetData_timeout_flag      0x20000159   Data           1  position.o(.data)
    Snore_detected_type_flag                 0x2000015a   Data           1  position.o(.data)
    step                                     0x2000015c   Data           1  actiontask.o(.data)
    StartAllAction                           0x2000015d   Data           1  actiontask.o(.data)
    ADok2                                    0x2000015e   Data           1  actiontask.o(.data)
    ADok3                                    0x2000015f   Data           1  actiontask.o(.data)
    ADok1                                    0x20000160   Data           1  actiontask.o(.data)
    ActionSteps                              0x20000161   Data           1  actiontask.o(.data)
    StartCountAntSnoreTime                   0x20000162   Data           1  actiontask.o(.data)
    NeedReturnToDefault                      0x20000163   Data           1  actiontask.o(.data)
    pump_operation_time_write_pointer        0x20000164   Data           1  actiontask.o(.data)
    RequestControlValve                      0x20000165   Data           1  actiontask.o(.data)
    ACTION_TYPE                              0x20000166   Data           1  actiontask.o(.data)
    ErrorCode                                0x2000016a   Data           1  actiontask.o(.data)
    step4time                                0x2000016c   Data           2  actiontask.o(.data)
    ExhaleTime                               0x20000170   Data           4  actiontask.o(.data)
    InhaleTime                               0x20000174   Data           4  actiontask.o(.data)
    xTimeMute                                0x20000178   Data           4  actiontask.o(.data)
    xPositionMute                            0x2000017c   Data           4  actiontask.o(.data)
    baseADC                                  0x20000180   Data           4  actiontask.o(.data)
    sdatestructure_snore                     0x20000184   Data           4  actiontask.o(.data)
    ExMax                                    0x20000188   Data           4  actiontask.o(.data)
    ExMin                                    0x2000018c   Data           4  actiontask.o(.data)
    AppCtrlBag                               0x20000190   Data           8  actiontask.o(.data)
    xLogoMute                                0x20000198   Data           4  actiontask.o(.data)
    pump_operation_time_read_pointer         0x2000019c   Data           1  actiontask.o(.data)
    Timer20msOn                              0x200001a0   Data           1  snoretask.o(.data)
    LEDFlashTimer20msOn                      0x200001a1   Data           1  snoretask.o(.data)
    Timer10msOn                              0x200001a2   Data           1  snoretask.o(.data)
    TimerTick                                0x200001a4   Data           4  snoretask.o(.data)
    AirSensor_Personon_Timer                 0x200001a8   Data           4  snoretask.o(.data)
    Led_OnOff_Timer                          0x200001ac   Data           4  snoretask.o(.data)
    SnoreFlag                                0x200001b8   Data           4  snoretask.o(.data)
    xSemaphore                               0x200001bc   Data           4  spiflashfilesys.o(.data)
    BleNameVerifyOK_flag                     0x200001c0   Data           1  bluetooth.o(.data)
    CheckBLETask                             0x200001c1   Data           1  bluetooth.o(.data)
    usart3_rx_count                          0x200001c2   Data           1  bluetooth.o(.data)
    BleNameHeader                            0x200001c4   Data           4  bluetooth.o(.data)
    pxCurrentTCB                             0x200001e0   Data           4  tasks.o(.data)
    SystemCoreClock                          0x20000224   Data           4  system_stm32f4xx.o(.data)
    stm32_crc                                0x20000228   Data           4  pdm_filter.o(.data)
    T0                                       0x2000022c   Data         256  pdm_filter.o(.data)
    T1                                       0x2000032c   Data         256  pdm_filter.o(.data)
    T2                                       0x2000042c   Data         256  pdm_filter.o(.data)
    pFlash                                   0x20000530   Data          32  stm32f4xx_hal_flash.o(.bss)
    hadc1                                    0x20000550   Data          72  main.o(.bss)
    hadc2                                    0x20000598   Data          72  main.o(.bss)
    hadc3                                    0x200005e0   Data          72  main.o(.bss)
    hi2s2                                    0x20000628   Data          68  main.o(.bss)
    hrtc                                     0x2000066c   Data          32  main.o(.bss)
    hspi1                                    0x2000068c   Data          88  main.o(.bss)
    htim7                                    0x200006e4   Data          60  main.o(.bss)
    huart5                                   0x20000720   Data          64  main.o(.bss)
    huart3                                   0x20000760   Data          64  main.o(.bss)
    hdma_spi2_rx                             0x200007a0   Data          96  main.o(.bss)
    hdma_uart5_tx                            0x20000800   Data          96  main.o(.bss)
    hdma_usart3_tx                           0x20000860   Data          96  main.o(.bss)
    htim6                                    0x200008c0   Data          60  stm32f4xx_hal_timebase_tim.o(.bss)
    g_systemParameter                        0x200008fc   Data          16  flash.o(.bss)
    g_systemParameter1                       0x2000090c   Data          16  flash.o(.bss)
    SnoreQ                                   0x2000091c   Data        5164  i2s.o(.bss)
    InternalBuffer                           0x20001d48   Data         128  i2s.o(.bss)
    RecBuf                                   0x20001dc8   Data          32  i2s.o(.bss)
    RecTemp                                  0x20001de8   Data          16  i2s.o(.bss)
    Filter                                   0x20001df8   Data          52  i2s.o(.bss)
    SnoreBuf                                 0x20001e2c   Data         514  snore.o(.bss)
    Config                                   0x20002030   Data       52096  snore.o(.bss)
    TestTempWaveData                         0x2000ebb0   Data          48  snore.o(.bss)
    TestOkWaveData                           0x2000ebe0   Data          48  snore.o(.bss)
    stimestructure                           0x2000ec10   Data          20  tuwan.o(.bss)
    stimestructure_temp                      0x2000ec24   Data          20  tuwan.o(.bss)
    UpgradeCtrl                              0x2000ec38   Data         552  tuwan.o(.bss)
    Uart2Buffer                              0x2000ee60   Data          10  tuwan.o(.bss)
    Uart5RXBuffer                            0x2000ee6a   Data          10  tuwan.o(.bss)
    valid_vectors_weight                     0x2000ee74   Data          14  tuwan.o(.bss)
    NeedUpgradePara                          0x2000ee84   Data          28  tuwan.o(.bss)
    snoreData                                0x2000eea0   Data          28  tuwan.o(.bss)
    TestSendWaveData                         0x2000eebc   Data          48  tuwan.o(.bss)
    buf_for_BLE_SN_modify                    0x2000eeec   Data         100  tuwan.o(.bss)
    MIC_data_for_Walve_debug                 0x2000ef50   Data         160  position.o(.bss)
    BT_Recieved_Data_From_App_Buffer         0x2000eff0   Data        4000  position.o(.bss)
    BT_Sent_Data_To_App_Buffer               0x2000ff90   Data        3000  position.o(.bss)
    Airsensor                                0x20010b48   Data        1696  position.o(.bss)
    Valve_Control                            0x200111e8   Data          32  position.o(.bss)
    SendData                                 0x20011208   Data        4000  position.o(.bss)
    snoreData_temp                           0x200121a8   Data          28  position.o(.bss)
    DetailedSnoreData                        0x200121c4   Data          12  position.o(.bss)
    PressureADC_ConvertedValue               0x200121d0   Data          24  actiontask.o(.bss)
    InhaleADC_ConvertedValue                 0x200121e8   Data          24  actiontask.o(.bss)
    ExhaleADC_ConvertedValue                 0x20012200   Data          24  actiontask.o(.bss)
    ProcessControl                           0x20012218   Data          12  actiontask.o(.bss)
    stimestructure_snore                     0x20012224   Data          20  actiontask.o(.bss)
    pump_operation_time                      0x20012238   Data         260  actiontask.o(.bss)
    Exa                                      0x2001233c   Data          44  actiontask.o(.bss)
    ExaTemp                                  0x20012368   Data          44  actiontask.o(.bss)
    detailed_snore                           0x20012394   Data          28  actiontask.o(.bss)
    buf_snore                                0x200123b0   Data         512  snoretask.o(.bss)
    gStorageData                             0x200125b0   Data          64  spiflashfilesys.o(.bss)
    SetBleNameBuffer                         0x200125f0   Data          14  bluetooth.o(.bss)
    rcvbufdata                               0x200125fe   Data          50  bluetooth.o(.bss)
    usart3_rx_buf                            0x20012630   Data          50  bluetooth.o(.bss)
    __initial_sp                             0x2001d758   Data           0  startup_stm32f405xx.o(STACK)



==============================================================================

Memory Map of the image

  Image Entry point : 0x08080249

  Load Region LR_IROM1 (Base: 0x08080000, Size: 0x00016460, Max: 0x00060000, ABSOLUTE, COMPRESSED[0x00016180])

    Execution Region ER_IROM1 (Base: 0x08080000, Size: 0x00015f30, Max: 0x00060000, ABSOLUTE)

    Base Addr    Size         Type   Attr      Idx    E Section Name        Object

    0x08080000   0x00000188   Data   RO         6707    RESET               startup_stm32f405xx.o
    0x08080188   0x000000c0   Code   RO         8287    . text              Airsensor.lib(arm_bitreversal2.o)
    0x08080248   0x00000000   Code   RO         8413  * .ARM.Collect$$$$00000000  mc_w.l(entry.o)
    0x08080248   0x00000004   Code   RO         8750    .ARM.Collect$$$$00000001  mc_w.l(entry2.o)
    0x0808024c   0x00000004   Code   RO         8753    .ARM.Collect$$$$00000004  mc_w.l(entry5.o)
    0x08080250   0x00000000   Code   RO         8755    .ARM.Collect$$$$00000008  mc_w.l(entry7b.o)
    0x08080250   0x00000000   Code   RO         8757    .ARM.Collect$$$$0000000A  mc_w.l(entry8b.o)
    0x08080250   0x00000008   Code   RO         8758    .ARM.Collect$$$$0000000B  mc_w.l(entry9a.o)
    0x08080258   0x00000000   Code   RO         8760    .ARM.Collect$$$$0000000D  mc_w.l(entry10a.o)
    0x08080258   0x00000000   Code   RO         8762    .ARM.Collect$$$$0000000F  mc_w.l(entry11a.o)
    0x08080258   0x00000004   Code   RO         8751    .ARM.Collect$$$$00002712  mc_w.l(entry2.o)
    0x0808025c   0x000000ba   Code   RO         7674    .emb_text           port.o
    0x08080316   0x00000002   PAD
    0x08080318   0x00000024   Code   RO         6708    .text               startup_stm32f405xx.o
    0x0808033c   0x00000bfc   Code   RO         7773    .text               libPDMFilter_Keil.lib(pdm_filter.o)
    0x08080f38   0x00000104   Code   RO         8037    .text               Airsensor.lib(arm_dot_prod_f32.o)
    0x0808103c   0x000000d2   Code   RO         8089    .text               Airsensor.lib(arm_mult_f32.o)
    0x0808110e   0x00000002   PAD
    0x08081110   0x000000d2   Code   RO         8113    .text               Airsensor.lib(arm_sub_f32.o)
    0x080811e2   0x00000002   PAD
    0x080811e4   0x000000fc   Code   RO         8137    .text               Airsensor.lib(arm_cmplx_mag_f32.o)
    0x080812e0   0x00000722   Code   RO         8164    .text               Airsensor.lib(arm_cfft_f32.o)
    0x08081a02   0x00000002   PAD
    0x08081a04   0x000000cc   Code   RO         8192    .text               Airsensor.lib(arm_power_f32.o)
    0x08081ad0   0x000004dc   Code   RO         8266    .text               Airsensor.lib(arm_cfft_radix8_f32.o)
    0x08081fac   0x00000024   Code   RO         8416    .text               mc_w.l(memcpya.o)
    0x08081fd0   0x00000024   Code   RO         8418    .text               mc_w.l(memseta.o)
    0x08081ff4   0x0000000e   Code   RO         8422    .text               mc_w.l(strlen.o)
    0x08082002   0x00000018   Code   RO         8691    .text               mf_w.l(fscalb.o)
    0x0808201a   0x0000014e   Code   RO         8693    .text               mf_w.l(dadd.o)
    0x08082168   0x000000e4   Code   RO         8695    .text               mf_w.l(dmul.o)
    0x0808224c   0x000000de   Code   RO         8697    .text               mf_w.l(ddiv.o)
    0x0808232a   0x00000022   Code   RO         8699    .text               mf_w.l(dflti.o)
    0x0808234c   0x0000001a   Code   RO         8701    .text               mf_w.l(dfltui.o)
    0x08082366   0x0000003e   Code   RO         8703    .text               mf_w.l(dfixi.o)
    0x080823a4   0x00000032   Code   RO         8705    .text               mf_w.l(dfixui.o)
    0x080823d6   0x00000026   Code   RO         8707    .text               mf_w.l(f2d.o)
    0x080823fc   0x00000030   Code   RO         8709    .text               mf_w.l(cdrcmple.o)
    0x0808242c   0x00000038   Code   RO         8711    .text               mf_w.l(d2f.o)
    0x08082464   0x00000062   Code   RO         8769    .text               mc_w.l(uldiv.o)
    0x080824c6   0x0000001e   Code   RO         8771    .text               mc_w.l(llshl.o)
    0x080824e4   0x00000020   Code   RO         8773    .text               mc_w.l(llushr.o)
    0x08082504   0x00000024   Code   RO         8775    .text               mc_w.l(llsshr.o)
    0x08082528   0x00000000   Code   RO         8784    .text               mc_w.l(iusefp.o)
    0x08082528   0x0000006e   Code   RO         8785    .text               mf_w.l(fepilogue.o)
    0x08082596   0x000000ba   Code   RO         8787    .text               mf_w.l(depilogue.o)
    0x08082650   0x0000002e   Code   RO         8791    .text               mf_w.l(dscalb.o)
    0x0808267e   0x00000002   PAD
    0x08082680   0x00000030   Code   RO         8795    .text               mf_w.l(cdcmple.o)
    0x080826b0   0x00000024   Code   RO         8797    .text               mc_w.l(init.o)
    0x080826d4   0x000000a2   Code   RO         8801    .text               mf_w.l(dsqrt.o)
    0x08082776   0x00000056   Code   RO         8811    .text               mc_w.l(__dczerorl2.o)
    0x080827cc   0x00000024   Code   RO         4718    i.ADC_IRQHandler    stm32f4xx_it.o
    0x080827f0   0x00000134   Code   RO         3211    i.ADC_Init          stm32f4xx_hal_adc.o
    0x08082924   0x0000000c   Code   RO         5312    i.ADCstart2         tuwan.o
    0x08082930   0x0000000c   Code   RO         5313    i.ADCstart3         tuwan.o
    0x0808293c   0x00000048   Code   RO         6201    i.ActionAndCheckNoSnore  actiontask.o
    0x08082984   0x00000048   Code   RO         6202    i.ActionAndCheckSnore  actiontask.o
    0x080829cc   0x00000a18   Code   RO         6203    i.ActionTaskFunction  actiontask.o
    0x080833e4   0x00000024   Code   RO         5896    i.AirSensor_Reset_AirGate  position.o
    0x08083408   0x00000024   Code   RO         5897    i.AirSensor_Set_AirGate  position.o
    0x0808342c   0x0000003a   Code   RO         5898    i.AirSensor_check_position_init  position.o
    0x08083466   0x00000002   PAD
    0x08083468   0x00000290   Code   RO         7778    i.AirSensor_detect_person_onoff  Airsensor.lib(position.o)
    0x080836f8   0x00000168   Code   RO         5900    i.AirSensor_fast_check_person_poweron  position.o
    0x08083860   0x000001ec   Code   RO         5901    i.AirSensor_fast_check_position  position.o
    0x08083a4c   0x00000162   Code   RO         7782    i.AirSensor_monitor_Pressure_AvgValue  Airsensor.lib(position.o)
    0x08083bae   0x00000002   PAD
    0x08083bb0   0x000000be   Code   RO         7783    i.AirSensor_monitor_Pressure_AvgValue1  Airsensor.lib(position.o)
    0x08083c6e   0x00000002   PAD
    0x08083c70   0x000000ac   Code   RO         5902    i.AirSensor_monitor_airpressure  position.o
    0x08083d1c   0x000000ac   Code   RO         5903    i.AirSensor_person_detect_init  position.o
    0x08083dc8   0x0000035c   Code   RO         7784    i.AirSensor_position_process  Airsensor.lib(position.o)
    0x08084124   0x00000124   Code   RO         5316    i.Airsensor_Print_Tuwan_Time  tuwan.o
    0x08084248   0x000006ac   Code   RO         5909    i.Airsensor_SendlogtoPC  position.o
    0x080848f4   0x0000019c   Code   RO         5910    i.Airsensor_SendlogtoPC_CheckPosition  position.o
    0x08084a90   0x000003f8   Code   RO         6206    i.AppControlAirBag  actiontask.o
    0x08084e88   0x0000005c   Code   RO         5158    i.Autovol           snore.o
    0x08084ee4   0x000000a4   Code   RO         6612    i.BLEInit           bluetooth.o
    0x08084f88   0x00000074   Code   RO         5911    i.BLE_SendlogtoPC_NG  position.o
    0x08084ffc   0x00000074   Code   RO         5912    i.BLE_SendlogtoPC_OK  position.o
    0x08085070   0x00000098   Code   RO         6486    i.BackupSysPara     spiflashfilesys.o
    0x08085108   0x00000020   Code   RO         4998    i.BackupSystemParameter  flash.o
    0x08085128   0x00000020   Code   RO         4999    i.BackupSystemParameter1  flash.o
    0x08085148   0x00000068   Code   RO         5802    i.BlockErase32K     w25q16.o
    0x080851b0   0x00000030   Code   RO         5676    i.BlueToolthEnabled  inputoutput.o
    0x080851e0   0x0000001c   Code   RO         5913    i.Body_Detect_Init  position.o
    0x080851fc   0x00000002   Code   RO         4719    i.BusFault_Handler  stm32f4xx_it.o
    0x080851fe   0x00000002   PAD
    0x08085200   0x00000120   Code   RO         5098    i.CalculatePCM      i2s.o
    0x08085320   0x00000044   Code   RO         6613    i.ChangeBLEToCommandMode  bluetooth.o
    0x08085364   0x00000094   Code   RO         5319    i.ChangeToTestWav   tuwan.o
    0x080853f8   0x0000003c   Code   RO         5320    i.CheckKeyPressState  tuwan.o
    0x08085434   0x000003f0   Code   RO         5159    i.CheckSnoreSub     snore.o
    0x08085824   0x00000174   Code   RO         5321    i.CheckSystemParameter  tuwan.o
    0x08085998   0x00000060   Code   RO         5322    i.CheckSystemPoweronParameter  tuwan.o
    0x080859f8   0x00000038   Code   RO         5804    i.Check_Flash_Busy  w25q16.o
    0x08085a30   0x0000003c   Code   RO         5805    i.Check_Flash_WEL   w25q16.o
    0x08085a6c   0x0000000c   Code   RO         4720    i.DMA1_Stream3_IRQHandler  stm32f4xx_it.o
    0x08085a78   0x0000000c   Code   RO         4721    i.DMA1_Stream4_IRQHandler  stm32f4xx_it.o
    0x08085a84   0x0000000c   Code   RO         4722    i.DMA1_Stream7_IRQHandler  stm32f4xx_it.o
    0x08085a90   0x00000028   Code   RO         1511    i.DMA_CalcBaseAndBitshift  stm32f4xx_hal_dma.o
    0x08085ab8   0x00000054   Code   RO         1512    i.DMA_CheckFifoParam  stm32f4xx_hal_dma.o
    0x08085b0c   0x00000028   Code   RO         1513    i.DMA_SetConfig     stm32f4xx_hal_dma.o
    0x08085b34   0x00000002   Code   RO         4723    i.DebugMon_Handler  stm32f4xx_it.o
    0x08085b36   0x00000002   PAD
    0x08085b38   0x00000010   Code   RO         5679    i.ERP_ON            inputoutput.o
    0x08085b48   0x00000016   Code   RO         5324    i.ERROR_Command     tuwan.o
    0x08085b5e   0x00000006   Code   RO         4724    i.EXTI0_IRQHandler  stm32f4xx_it.o
    0x08085b64   0x00000008   Code   RO         5000    i.EraseImageAFlash  flash.o
    0x08085b6c   0x00000008   Code   RO         5001    i.EraseImageBFlash  flash.o
    0x08085b74   0x00000028   Code   RO         5002    i.EraseSector       flash.o
    0x08085b9c   0x000000ac   Code   RO         4534    i.Error_Handler     main.o
    0x08085c48   0x00000002   Code   RO         5680    i.ExhalePump        inputoutput.o
    0x08085c4a   0x00000002   PAD
    0x08085c4c   0x00000058   Code   RO         3148    i.FLASH_Erase_Sector  stm32f4xx_hal_flash_ex.o
    0x08085ca4   0x00000054   Code   RO         3149    i.FLASH_FlushCaches  stm32f4xx_hal_flash_ex.o
    0x08085cf8   0x00000028   Code   RO         3150    i.FLASH_MassErase   stm32f4xx_hal_flash_ex.o
    0x08085d20   0x00000020   Code   RO         2886    i.FLASH_Program_Byte  stm32f4xx_hal_flash.o
    0x08085d40   0x00000028   Code   RO         2887    i.FLASH_Program_DoubleWord  stm32f4xx_hal_flash.o
    0x08085d68   0x00000024   Code   RO         2888    i.FLASH_Program_HalfWord  stm32f4xx_hal_flash.o
    0x08085d8c   0x00000024   Code   RO         2889    i.FLASH_Program_Word  stm32f4xx_hal_flash.o
    0x08085db0   0x00000088   Code   RO         2890    i.FLASH_SetErrorCode  stm32f4xx_hal_flash.o
    0x08085e38   0x00000058   Code   RO         2891    i.FLASH_WaitForLastOperation  stm32f4xx_hal_flash.o
    0x08085e90   0x00000094   Code   RO         5807    i.FlashProgram      w25q16.o
    0x08085f24   0x00000110   Code   RO         5326    i.Formware_Version_LOG  tuwan.o
    0x08086034   0x0000039c   Code   RO         5327    i.ForthTemialFunction  tuwan.o
    0x080863d0   0x000000c4   Code   RO         5160    i.GetEnableStudy    snore.o
    0x08086494   0x0000002c   Code   RO         5330    i.GetNeedUpgradeImageType  tuwan.o
    0x080864c0   0x0000000c   Code   RO         5682    i.GetPowerKey       inputoutput.o
    0x080864cc   0x00000064   Code   RO         6488    i.GetSnoreDataCnt   spiflashfilesys.o
    0x08086530   0x00000044   Code   RO         5003    i.GetSystemParameter  flash.o
    0x08086574   0x00000044   Code   RO         5004    i.GetSystemParameter1  flash.o
    0x080865b8   0x0000000c   Code   RO         5331    i.Get_ChipSeriesID  tuwan.o
    0x080865c4   0x00000028   Code   RO         5332    i.Get_F407ChipID    tuwan.o
    0x080865ec   0x00000002   Code   RO         3382    i.HAL_ADCEx_InjectedConvCpltCallback  stm32f4xx_hal_adc_ex.o
    0x080865ee   0x00000002   PAD
    0x080865f0   0x00000150   Code   RO         3213    i.HAL_ADC_ConfigChannel  stm32f4xx_hal_adc.o
    0x08086740   0x0000009c   Code   RO         6220    i.HAL_ADC_ConvCpltCallback  actiontask.o
    0x080867dc   0x00000002   Code   RO         3217    i.HAL_ADC_ErrorCallback  stm32f4xx_hal_adc.o
    0x080867de   0x0000013c   Code   RO         3221    i.HAL_ADC_IRQHandler  stm32f4xx_hal_adc.o
    0x0808691a   0x00000054   Code   RO         3222    i.HAL_ADC_Init      stm32f4xx_hal_adc.o
    0x0808696e   0x00000002   Code   RO         3223    i.HAL_ADC_LevelOutOfWindowCallback  stm32f4xx_hal_adc.o
    0x08086970   0x00000090   Code   RO         4849    i.HAL_ADC_MspInit   stm32f4xx_hal_msp.o
    0x08086a00   0x000000c4   Code   RO         3230    i.HAL_ADC_Start_IT  stm32f4xx_hal_adc.o
    0x08086ac4   0x00000024   Code   RO         1515    i.HAL_DMA_Abort_IT  stm32f4xx_hal_dma.o
    0x08086ae8   0x000001a8   Code   RO         1519    i.HAL_DMA_IRQHandler  stm32f4xx_hal_dma.o
    0x08086c90   0x000000d0   Code   RO         1520    i.HAL_DMA_Init      stm32f4xx_hal_dma.o
    0x08086d60   0x00000078   Code   RO         1524    i.HAL_DMA_Start_IT  stm32f4xx_hal_dma.o
    0x08086dd8   0x00000016   Code   RO          632    i.HAL_Delay         stm32f4xx_hal.o
    0x08086dee   0x00000002   PAD
    0x08086df0   0x00000098   Code   RO         3151    i.HAL_FLASHEx_Erase  stm32f4xx_hal_flash_ex.o
    0x08086e88   0x00000014   Code   RO         2895    i.HAL_FLASH_Lock    stm32f4xx_hal_flash.o
    0x08086e9c   0x00000014   Code   RO         2897    i.HAL_FLASH_OB_Lock  stm32f4xx_hal_flash.o
    0x08086eb0   0x00000028   Code   RO         2898    i.HAL_FLASH_OB_Unlock  stm32f4xx_hal_flash.o
    0x08086ed8   0x0000007c   Code   RO         2900    i.HAL_FLASH_Program  stm32f4xx_hal_flash.o
    0x08086f54   0x00000028   Code   RO         2902    i.HAL_FLASH_Unlock  stm32f4xx_hal_flash.o
    0x08086f7c   0x00000024   Code   RO         5333    i.HAL_GPIO_EXTI_Callback  tuwan.o
    0x08086fa0   0x00000018   Code   RO         1172    i.HAL_GPIO_EXTI_IRQHandler  stm32f4xx_hal_gpio.o
    0x08086fb8   0x000001b0   Code   RO         1173    i.HAL_GPIO_Init     stm32f4xx_hal_gpio.o
    0x08087168   0x0000000a   Code   RO         1175    i.HAL_GPIO_ReadPin  stm32f4xx_hal_gpio.o
    0x08087172   0x0000000a   Code   RO         1177    i.HAL_GPIO_WritePin  stm32f4xx_hal_gpio.o
    0x0808717c   0x0000000c   Code   RO          638    i.HAL_GetTick       stm32f4xx_hal.o
    0x08087188   0x00000002   Code   RO         1299    i.HAL_I2S_ErrorCallback  stm32f4xx_hal_i2s.o
    0x0808718a   0x00000002   PAD
    0x0808718c   0x000001f8   Code   RO         3064    i.HAL_I2S_IRQHandler  stm32f4xx_hal_i2s_ex.o
    0x08087384   0x00000164   Code   RO         3065    i.HAL_I2S_Init      stm32f4xx_hal_i2s_ex.o
    0x080874e8   0x000000b0   Code   RO         4853    i.HAL_I2S_MspInit   stm32f4xx_hal_msp.o
    0x08087598   0x000000c0   Code   RO         1307    i.HAL_I2S_Receive_DMA  stm32f4xx_hal_i2s.o
    0x08087658   0x0000002c   Code   RO         5099    i.HAL_I2S_RxCpltCallback  i2s.o
    0x08087684   0x00000002   Code   RO         1310    i.HAL_I2S_RxHalfCpltCallback  stm32f4xx_hal_i2s.o
    0x08087686   0x00000002   Code   RO         1314    i.HAL_I2S_TxCpltCallback  stm32f4xx_hal_i2s.o
    0x08087688   0x00000010   Code   RO          639    i.HAL_IncTick       stm32f4xx_hal.o
    0x08087698   0x00000034   Code   RO          640    i.HAL_Init          stm32f4xx_hal.o
    0x080876cc   0x00000074   Code   RO         4957    i.HAL_InitTick      stm32f4xx_hal_timebase_tim.o
    0x08087740   0x00000058   Code   RO         4854    i.HAL_MspInit       stm32f4xx_hal_msp.o
    0x08087798   0x00000016   Code   RO          400    i.HAL_NVIC_EnableIRQ  stm32f4xx_hal_cortex.o
    0x080877ae   0x00000002   PAD
    0x080877b0   0x00000040   Code   RO          406    i.HAL_NVIC_SetPriority  stm32f4xx_hal_cortex.o
    0x080877f0   0x00000024   Code   RO          407    i.HAL_NVIC_SetPriorityGrouping  stm32f4xx_hal_cortex.o
    0x08087814   0x00000024   Code   RO          408    i.HAL_NVIC_SystemReset  stm32f4xx_hal_cortex.o
    0x08087838   0x0000004c   Code   RO         3005    i.HAL_PWREx_DisableBkUpReg  stm32f4xx_hal_pwr_ex.o
    0x08087884   0x00000150   Code   RO         1476    i.HAL_RCCEx_PeriphCLKConfig  stm32f4xx_hal_rcc_ex.o
    0x080879d4   0x0000017c   Code   RO          521    i.HAL_RCC_ClockConfig  stm32f4xx_hal_rcc.o
    0x08087b50   0x00000040   Code   RO          525    i.HAL_RCC_GetClockConfig  stm32f4xx_hal_rcc.o
    0x08087b90   0x0000000c   Code   RO          526    i.HAL_RCC_GetHCLKFreq  stm32f4xx_hal_rcc.o
    0x08087b9c   0x00000030   Code   RO          528    i.HAL_RCC_GetPCLK1Freq  stm32f4xx_hal_rcc.o
    0x08087bcc   0x00000030   Code   RO          529    i.HAL_RCC_GetPCLK2Freq  stm32f4xx_hal_rcc.o
    0x08087bfc   0x00000074   Code   RO          530    i.HAL_RCC_GetSysClockFreq  stm32f4xx_hal_rcc.o
    0x08087c70   0x000002e0   Code   RO          533    i.HAL_RCC_OscConfig  stm32f4xx_hal_rcc.o
    0x08087f50   0x00000044   Code   RO         3716    i.HAL_RTC_GetDate   stm32f4xx_hal_rtc.o
    0x08087f94   0x00000058   Code   RO         3718    i.HAL_RTC_GetTime   stm32f4xx_hal_rtc.o
    0x08087fec   0x0000009c   Code   RO         3719    i.HAL_RTC_Init      stm32f4xx_hal_rtc.o
    0x08088088   0x00000018   Code   RO         4856    i.HAL_RTC_MspInit   stm32f4xx_hal_msp.o
    0x080880a0   0x000000d0   Code   RO         3725    i.HAL_RTC_SetDate   stm32f4xx_hal_rtc.o
    0x08088170   0x000000f0   Code   RO         3726    i.HAL_RTC_SetTime   stm32f4xx_hal_rtc.o
    0x08088260   0x00000036   Code   RO         3727    i.HAL_RTC_WaitForSynchro  stm32f4xx_hal_rtc.o
    0x08088296   0x00000002   Code   RO         2372    i.HAL_SPI_ErrorCallback  stm32f4xx_hal_spi.o
    0x08088298   0x000000d4   Code   RO         2375    i.HAL_SPI_IRQHandler  stm32f4xx_hal_spi.o
    0x0808836c   0x00000080   Code   RO         2376    i.HAL_SPI_Init      stm32f4xx_hal_spi.o
    0x080883ec   0x00000058   Code   RO         4858    i.HAL_SPI_MspInit   stm32f4xx_hal_msp.o
    0x08088444   0x000001d8   Code   RO         2385    i.HAL_SPI_TransmitReceive  stm32f4xx_hal_spi.o
    0x0808861c   0x00000018   Code   RO          409    i.HAL_SYSTICK_CLKSourceConfig  stm32f4xx_hal_cortex.o
    0x08088634   0x00000028   Code   RO          411    i.HAL_SYSTICK_Config  stm32f4xx_hal_cortex.o
    0x0808865c   0x00000002   Code   RO         2647    i.HAL_TIMEx_BreakCallback  stm32f4xx_hal_tim_ex.o
    0x0808865e   0x00000002   Code   RO         2648    i.HAL_TIMEx_CommutationCallback  stm32f4xx_hal_tim_ex.o
    0x08088660   0x00000050   Code   RO         2664    i.HAL_TIMEx_MasterConfigSynchronization  stm32f4xx_hal_tim_ex.o
    0x080886b0   0x00000036   Code   RO         1739    i.HAL_TIM_Base_Init  stm32f4xx_hal_tim.o
    0x080886e6   0x00000002   PAD
    0x080886e8   0x0000003c   Code   RO         4860    i.HAL_TIM_Base_MspInit  stm32f4xx_hal_msp.o
    0x08088724   0x00000018   Code   RO         1744    i.HAL_TIM_Base_Start_IT  stm32f4xx_hal_tim.o
    0x0808873c   0x0000002a   Code   RO         1747    i.HAL_TIM_Base_Stop_IT  stm32f4xx_hal_tim.o
    0x08088766   0x00000002   Code   RO         1768    i.HAL_TIM_IC_CaptureCallback  stm32f4xx_hal_tim.o
    0x08088768   0x00000166   Code   RO         1781    i.HAL_TIM_IRQHandler  stm32f4xx_hal_tim.o
    0x080888ce   0x00000002   Code   RO         1784    i.HAL_TIM_OC_DelayElapsedCallback  stm32f4xx_hal_tim.o
    0x080888d0   0x00000002   Code   RO         1811    i.HAL_TIM_PWM_PulseFinishedCallback  stm32f4xx_hal_tim.o
    0x080888d2   0x00000002   PAD
    0x080888d4   0x00000020   Code   RO         4536    i.HAL_TIM_PeriodElapsedCallback  main.o
    0x080888f4   0x00000002   Code   RO         1822    i.HAL_TIM_TriggerCallback  stm32f4xx_hal_tim.o
    0x080888f6   0x00000002   Code   RO          157    i.HAL_UART_ErrorCallback  stm32f4xx_hal_uart.o
    0x080888f8   0x00000110   Code   RO          160    i.HAL_UART_IRQHandler  stm32f4xx_hal_uart.o
    0x08088a08   0x00000062   Code   RO          161    i.HAL_UART_Init     stm32f4xx_hal_uart.o
    0x08088a6a   0x00000002   PAD
    0x08088a6c   0x00000130   Code   RO         4862    i.HAL_UART_MspInit  stm32f4xx_hal_msp.o
    0x08088b9c   0x00000048   Code   RO          166    i.HAL_UART_Receive_IT  stm32f4xx_hal_uart.o
    0x08088be4   0x00000258   Code   RO         5335    i.HAL_UART_RxCpltCallback  tuwan.o
    0x08088e3c   0x00000080   Code   RO          170    i.HAL_UART_Transmit_DMA  stm32f4xx_hal_uart.o
    0x08088ebc   0x00000002   Code   RO          172    i.HAL_UART_TxCpltCallback  stm32f4xx_hal_uart.o
    0x08088ebe   0x00000002   Code   RO          173    i.HAL_UART_TxHalfCpltCallback  stm32f4xx_hal_uart.o
    0x08088ec0   0x00000006   Code   RO         4725    i.HardFault_Handler  stm32f4xx_it.o
    0x08088ec6   0x00000002   PAD
    0x08088ec8   0x00000188   Code   RO         3066    i.I2SEx_TransmitReceive_IT  stm32f4xx_hal_i2s_ex.o
    0x08089050   0x0000001e   Code   RO         1316    i.I2S_DMAError      stm32f4xx_hal_i2s.o
    0x0808906e   0x00000002   PAD
    0x08089070   0x00000078   Code   RO         3067    i.I2S_DMARxCplt     stm32f4xx_hal_i2s_ex.o
    0x080890e8   0x0000000a   Code   RO         1317    i.I2S_DMARxHalfCplt  stm32f4xx_hal_i2s.o
    0x080890f2   0x00000002   PAD
    0x080890f4   0x0000004c   Code   RO         3069    i.I2S_GetInputClock  stm32f4xx_hal_i2s_ex.o
    0x08089140   0x00000064   Code   RO         1319    i.I2S_Receive_IT    stm32f4xx_hal_i2s.o
    0x080891a4   0x00000054   Code   RO         1320    i.I2S_Transmit_IT   stm32f4xx_hal_i2s.o
    0x080891f8   0x00000060   Code   RO         5917    i.INT_TIM7_Service_Code  position.o
    0x08089258   0x00000028   Code   RO         5685    i.InhalePump        inputoutput.o
    0x08089280   0x00000044   Code   RO         5100    i.InitPDMLib        i2s.o
    0x080892c4   0x0000007c   Code   RO         5337    i.InitStorage       tuwan.o
    0x08089340   0x00000064   Code   RO         5919    i.LOGO_system_error  position.o
    0x080893a4   0x0000005c   Code   RO         5920    i.LedFlashTaskFunction  position.o
    0x08089400   0x0000005c   Code   RO         4538    i.MX_ADC1_Init      main.o
    0x0808945c   0x0000005c   Code   RO         4539    i.MX_ADC2_Init      main.o
    0x080894b8   0x0000005c   Code   RO         4540    i.MX_ADC3_Init      main.o
    0x08089514   0x00000154   Code   RO         4541    i.MX_GPIO_Init      main.o
    0x08089668   0x00000044   Code   RO         4542    i.MX_I2S2_Init      main.o
    0x080896ac   0x0000004c   Code   RO         4543    i.MX_RTC_Init       main.o
    0x080896f8   0x00000048   Code   RO         4544    i.MX_RTC_Init_Again  main.o
    0x08089740   0x00000050   Code   RO         4545    i.MX_SPI1_Init      main.o
    0x08089790   0x00000048   Code   RO         4546    i.MX_TIM7_Init      main.o
    0x080897d8   0x00000040   Code   RO         4547    i.MX_UART5_Init     main.o
    0x08089818   0x00000040   Code   RO         5339    i.MX_UART5_Init_Baudrate  tuwan.o
    0x08089858   0x00000040   Code   RO         4548    i.MX_USART3_UART_Init  main.o
    0x08089898   0x00001b7c   Code   RO         5340    i.MainTaskFunction  tuwan.o
    0x0808b414   0x0000021c   Code   RO         6224    i.MasajiControlAirBag  actiontask.o
    0x0808b630   0x00000002   Code   RO         4726    i.MemManage_Handler  stm32f4xx_it.o
    0x0808b632   0x00000002   Code   RO         4727    i.NMI_Handler       stm32f4xx_it.o
    0x0808b634   0x00000020   Code   RO          413    i.NVIC_SetPriority  stm32f4xx_hal_cortex.o
    0x0808b654   0x00000016   Code   RO         5341    i.OK_Command        tuwan.o
    0x0808b66a   0x00000002   PAD
    0x0808b66c   0x000001d8   Code   RO         5161    i.OTSU              snore.o
    0x0808b844   0x00000018   Code   RO         5686    i.OnOffLed          inputoutput.o
    0x0808b85c   0x000000a4   Code   RO         5162    i.PVE               snore.o
    0x0808b900   0x00000594   Code   RO         5921    i.PositionTaskFunction  position.o
    0x0808be94   0x00000060   Code   RO         5922    i.Position_Init     position.o
    0x0808bef4   0x00000018   Code   RO         5687    i.PowerLed          inputoutput.o
    0x0808bf0c   0x0000003c   Code   RO         5005    i.ProgramFlashBlock  flash.o
    0x0808bf48   0x00000012   Code   RO         3728    i.RTC_Bcd2ToByte    stm32f4xx_hal_rtc.o
    0x0808bf5a   0x00000016   Code   RO         3729    i.RTC_ByteToBcd2    stm32f4xx_hal_rtc.o
    0x0808bf70   0x0000003a   Code   RO         3730    i.RTC_EnterInitMode  stm32f4xx_hal_rtc.o
    0x0808bfaa   0x00000002   PAD
    0x0808bfac   0x0000006c   Code   RO         5808    i.ReadFlash         w25q16.o
    0x0808c018   0x0000007c   Code   RO         6490    i.ReadSnoreData     spiflashfilesys.o
    0x0808c094   0x00000070   Code   RO         6491    i.ReadSysPara       spiflashfilesys.o
    0x0808c104   0x00000054   Code   RO         5809    i.ReadUniqueID      w25q16.o
    0x0808c158   0x0000001c   Code   RO         5344    i.ResetToFactory    tuwan.o
    0x0808c174   0x0000001c   Code   RO         5345    i.ResetToFactory1   tuwan.o
    0x0808c190   0x00000018   Code   RO         5688    i.RunLed            inputoutput.o
    0x0808c1a8   0x0000000c   Code   RO         4728    i.SPI1_IRQHandler   stm32f4xx_it.o
    0x0808c1b4   0x0000000c   Code   RO         4729    i.SPI2_IRQHandler   stm32f4xx_it.o
    0x0808c1c0   0x00000006   Code   RO         5810    i.SPIReceiveByte    w25q16.o
    0x0808c1c6   0x00000002   PAD
    0x0808c1c8   0x0000002c   Code   RO         5811    i.SPISendByte       w25q16.o
    0x0808c1f4   0x00000020   Code   RO         2398    i.SPI_CheckFlag_BSY  stm32f4xx_hal_spi.o
    0x0808c214   0x00000010   Code   RO         2402    i.SPI_DMAAbortOnError  stm32f4xx_hal_spi.o
    0x0808c224   0x00000096   Code   RO         2414    i.SPI_WaitFlagStateUntilTimeout  stm32f4xx_hal_spi.o
    0x0808c2ba   0x00000002   PAD
    0x0808c2bc   0x00000060   Code   RO         5812    i.SectorErase       w25q16.o
    0x0808c31c   0x0000002c   Code   RO         6616    i.SendATCommandToBLE  bluetooth.o
    0x0808c348   0x00000020   Code   RO         5924    i.SendDataToPCorSTM32  position.o
    0x0808c368   0x00000018   Code   RO         6617    i.SetBLEINT         bluetooth.o
    0x0808c380   0x0000001c   Code   RO         6618    i.SetBLERESET       bluetooth.o
    0x0808c39c   0x00000018   Code   RO         6619    i.SetBLEWAKEUP      bluetooth.o
    0x0808c3b4   0x000000f4   Code   RO         6620    i.SetBleName        bluetooth.o
    0x0808c4a8   0x00000020   Code   RO         6621    i.SetINTinput       bluetooth.o
    0x0808c4c8   0x00000030   Code   RO         6622    i.SetINToutput      bluetooth.o
    0x0808c4f8   0x000000e0   Code   RO         5163    i.SetValidVectorWeightThrehold  snore.o
    0x0808c5d8   0x000001a4   Code   RO         5164    i.SnoreInit         snore.o
    0x0808c77c   0x000001a4   Code   RO         5165    i.SnoreInit_personon  snore.o
    0x0808c920   0x00000090   Code   RO         6493    i.SnoreLibWR        spiflashfilesys.o
    0x0808c9b0   0x000000e0   Code   RO         6447    i.SnoreTaskFunction  snoretask.o
    0x0808ca90   0x00000354   Code   RO         5166    i.SnoreTime         snore.o
    0x0808cde4   0x0000035c   Code   RO         5167    i.Snoring           snore.o
    0x0808d140   0x00000020   Code   RO         5346    i.SoftWareReset     tuwan.o
    0x0808d160   0x00000014   Code   RO         5101    i.StartI2S_2        i2s.o
    0x0808d174   0x00000014   Code   RO         6227    i.StopAction        actiontask.o
    0x0808d188   0x000000c8   Code   RO         6229    i.SwitchInhale      actiontask.o
    0x0808d250   0x00000050   Code   RO         6448    i.SysTickIntHandler  snoretask.o
    0x0808d2a0   0x0000000e   Code   RO         4730    i.SysTick_Handler   stm32f4xx_it.o
    0x0808d2ae   0x00000002   PAD
    0x0808d2b0   0x000000f4   Code   RO         4552    i.SystemClock_Config  main.o
    0x0808d3a4   0x000000f0   Code   RO         4554    i.SystemClock_Config_LSE  main.o
    0x0808d494   0x000000c4   Code   RO         4555    i.SystemClock_Config_LSI  main.o
    0x0808d558   0x00000058   Code   RO         7743    i.SystemInit        system_stm32f4xx.o
    0x0808d5b0   0x0000000c   Code   RO         4731    i.TIM6_DAC_IRQHandler  stm32f4xx_it.o
    0x0808d5bc   0x0000000c   Code   RO         4732    i.TIM7_IRQHandler   stm32f4xx_it.o
    0x0808d5c8   0x000000c0   Code   RO         1823    i.TIM_Base_SetConfig  stm32f4xx_hal_tim.o
    0x0808d688   0x00000128   Code   RO         5928    i.Time20MSCheck     position.o
    0x0808d7b0   0x0000000c   Code   RO         4733    i.UART5_IRQHandler  stm32f4xx_it.o
    0x0808d7bc   0x00000010   Code   RO          174    i.UART_DMAAbortOnError  stm32f4xx_hal_uart.o
    0x0808d7cc   0x0000004a   Code   RO          175    i.UART_DMAError     stm32f4xx_hal_uart.o
    0x0808d816   0x0000002e   Code   RO          178    i.UART_DMATransmitCplt  stm32f4xx_hal_uart.o
    0x0808d844   0x0000000a   Code   RO          179    i.UART_DMATxHalfCplt  stm32f4xx_hal_uart.o
    0x0808d84e   0x0000001c   Code   RO          180    i.UART_EndRxTransfer  stm32f4xx_hal_uart.o
    0x0808d86a   0x00000012   Code   RO          181    i.UART_EndTxTransfer  stm32f4xx_hal_uart.o
    0x0808d87c   0x0000008c   Code   RO          182    i.UART_Receive_IT   stm32f4xx_hal_uart.o
    0x0808d908   0x000002ac   Code   RO          183    i.UART_SetConfig    stm32f4xx_hal_uart.o
    0x0808dbb4   0x00000062   Code   RO          184    i.UART_Transmit_IT  stm32f4xx_hal_uart.o
    0x0808dc16   0x00000002   PAD
    0x0808dc18   0x0000000c   Code   RO         4734    i.USART3_IRQHandler  stm32f4xx_it.o
    0x0808dc24   0x00000034   Code   RO         5347    i.Uart3InterruptOn  tuwan.o
    0x0808dc58   0x00000038   Code   RO         5348    i.Uart5InterruptOn  tuwan.o
    0x0808dc90   0x00000054   Code   RO         5350    i.Upgrade_Finish_LOG  tuwan.o
    0x0808dce4   0x00000002   Code   RO         4735    i.UsageFault_Handler  stm32f4xx_it.o
    0x0808dce6   0x00000002   PAD
    0x0808dce8   0x0000004c   Code   RO         5929    i.User_set_positionvalue  position.o
    0x0808dd34   0x00000004   Code   RO         5689    i.ValueDriver       inputoutput.o
    0x0808dd38   0x00000048   Code   RO         5690    i.ValueDriver1      inputoutput.o
    0x0808dd80   0x0000003c   Code   RO         5168    i.VectorDistance    snore.o
    0x0808ddbc   0x000000ec   Code   RO         6623    i.VerifyBleName     bluetooth.o
    0x0808dea8   0x0000002c   Code   RO         5813    i.WriteEnable       w25q16.o
    0x0808ded4   0x000000b8   Code   RO         6494    i.WriteSnoreData    spiflashfilesys.o
    0x0808df8c   0x00000064   Code   RO         5691    i.WrokingLed        inputoutput.o
    0x0808dff0   0x00000028   Code   RO         8639    i.__0sprintf$8      mc_w.l(printf8.o)
    0x0808e018   0x00000030   Code   RO         8733    i.__ARM_fpclassify  m_wm.l(fpclassify.o)
    0x0808e048   0x000003c4   Code   RO         8373    i.__hardfp_log      m_wm.l(log.o)
    0x0808e40c   0x00000004   PAD
    0x0808e410   0x00000130   Code   RO         8387    i.__hardfp_log10    m_wm.l(log10.o)
    0x0808e540   0x00000c50   Code   RO         8399    i.__hardfp_pow      m_wm.l(pow.o)
    0x0808f190   0x000000f8   Code   RO         8735    i.__kernel_poly     m_wm.l(poly.o)
    0x0808f288   0x00000030   Code   RO         8713    i.__mathlib_dbl_divzero  m_wm.l(dunder.o)
    0x0808f2b8   0x00000014   Code   RO         8714    i.__mathlib_dbl_infnan  m_wm.l(dunder.o)
    0x0808f2cc   0x00000014   Code   RO         8715    i.__mathlib_dbl_infnan2  m_wm.l(dunder.o)
    0x0808f2e0   0x00000020   Code   RO         8716    i.__mathlib_dbl_invalid  m_wm.l(dunder.o)
    0x0808f300   0x00000020   Code   RO         8717    i.__mathlib_dbl_overflow  m_wm.l(dunder.o)
    0x0808f320   0x00000020   Code   RO         8719    i.__mathlib_dbl_underflow  m_wm.l(dunder.o)
    0x0808f340   0x0000000e   Code   RO         8805    i.__scatterload_copy  mc_w.l(handlers.o)
    0x0808f34e   0x00000002   Code   RO         8806    i.__scatterload_null  mc_w.l(handlers.o)
    0x0808f350   0x0000000e   Code   RO         8807    i.__scatterload_zeroinit  mc_w.l(handlers.o)
    0x0808f35e   0x00000002   PAD
    0x0808f360   0x0000000c   Code   RO         8779    i.__set_errno       mc_w.l(errno.o)
    0x0808f36c   0x00000410   Code   RO         8644    i._printf_core      mc_w.l(printf8.o)
    0x0808f77c   0x00000024   Code   RO         8645    i._printf_post_padding  mc_w.l(printf8.o)
    0x0808f7a0   0x0000002e   Code   RO         8646    i._printf_pre_padding  mc_w.l(printf8.o)
    0x0808f7ce   0x0000000a   Code   RO         8648    i._sputc            mc_w.l(printf8.o)
    0x0808f7d8   0x00000028   Code   RO         5169    i.arm_sqrt_f32      snore.o
    0x0808f800   0x0000008c   Code   RO         5352    i.debug_Formware_Version_LOG_1  tuwan.o
    0x0808f88c   0x00000088   Code   RO         5353    i.debug_Formware_Version_LOG_2  tuwan.o
    0x0808f914   0x00000088   Code   RO         5354    i.debug_Formware_Version_LOG_3  tuwan.o
    0x0808f99c   0x00000018   Code   RO         8729    i.fabs              m_wm.l(fabs.o)
    0x0808f9b4   0x000000d8   Code   RO         5170    i.firstSnoreInit    snore.o
    0x0808fa8c   0x00000060   Code   RO         5355    i.gStorageDataResetDefault  tuwan.o
    0x0808faec   0x00000078   Code   RO         5356    i.gStorageDataResetDefault1  tuwan.o
    0x0808fb64   0x0000005c   Code   RO         5171    i.iniConfig         snore.o
    0x0808fbc0   0x0000001c   Code   RO         5172    i.iniConfig1        snore.o
    0x0808fbdc   0x00000076   Code   RO         6421    i.inputDataToQDef   qstruct.o
    0x0808fc52   0x00000010   Code   RO         8375    i.log               m_wm.l(log.o)
    0x0808fc62   0x00000002   PAD
    0x0808fc64   0x000001ac   Code   RO         4556    i.main              main.o
    0x0808fe10   0x0000000c   Code   RO         6716    i.makeFreeRtosPriority  cmsis_os.o
    0x0808fe1c   0x00000274   Code   RO         5173    i.mfccCount         snore.o
    0x08090090   0x000002b8   Code   RO         5174    i.mfccFFTsub        snore.o
    0x08090348   0x00000100   Code   RO         5175    i.mfcc_sub          snore.o
    0x08090448   0x0000000e   Code   RO         6717    i.osDelay           cmsis_os.o
    0x08090456   0x0000000a   Code   RO         6720    i.osKernelStart     cmsis_os.o
    0x08090460   0x00000008   Code   RO         6728    i.osMessageCreate   cmsis_os.o
    0x08090468   0x00000014   Code   RO         6749    i.osSystickHandler  cmsis_os.o
    0x0809047c   0x00000038   Code   RO         6750    i.osThreadCreate    cmsis_os.o
    0x080904b4   0x00000050   Code   RO         6422    i.outputDataFromQDef  qstruct.o
    0x08090504   0x00000034   Code   RO         7239    i.prvAddCurrentTaskToDelayedList  tasks.o
    0x08090538   0x00000054   Code   RO         7240    i.prvCheckTasksWaitingTermination  tasks.o
    0x0809058c   0x00000026   Code   RO         7521    i.prvCopyDataFromQueue  queue.o
    0x080905b2   0x0000006e   Code   RO         7522    i.prvCopyDataToQueue  queue.o
    0x08090620   0x0000004c   Code   RO         7050    i.prvHeapInit       heap_4.o
    0x0809066c   0x00000028   Code   RO         7241    i.prvIdleTask       tasks.o
    0x08090694   0x0000004c   Code   RO         7051    i.prvInsertBlockIntoFreeList  heap_4.o
    0x080906e0   0x00000020   Code   RO         7243    i.prvResetNextTaskUnblockTime  tasks.o
    0x08090700   0x00000028   Code   RO         7675    i.prvTaskExitError  port.o
    0x08090728   0x00000064   Code   RO         7523    i.prvUnlockQueue    queue.o
    0x0809078c   0x000000d8   Code   RO         7052    i.pvPortMalloc      heap_4.o
    0x08090864   0x00000018   Code   RO         7245    i.pvTaskIncrementMutexHeldCount  tasks.o
    0x0809087c   0x00000028   Code   RO         7676    i.pxPortInitialiseStack  port.o
    0x080908a4   0x00000024   Code   RO         6231    i.request_position_stop_work  actiontask.o
    0x080908c8   0x00000014   Code   RO         5176    i.snore_mindb_Init  snore.o
    0x080908dc   0x0000002e   Code   RO         5931    i.sort              position.o
    0x0809090a   0x0000006e   Code   RO         8740    i.sqrt              m_wm.l(sqrt_full.o)
    0x08090978   0x0000004c   Code   RO         5358    i.uart3Send         tuwan.o
    0x080909c4   0x00000010   Code   RO         5360    i.uart_send         tuwan.o
    0x080909d4   0x00000034   Code   RO         5361    i.userStart         tuwan.o
    0x08090a08   0x00000024   Code   RO         7203    i.uxListRemove      list.o
    0x08090a2c   0x00000016   Code   RO         7204    i.vListInitialise   list.o
    0x08090a42   0x00000006   Code   RO         7205    i.vListInitialiseItem  list.o
    0x08090a48   0x00000030   Code   RO         7206    i.vListInsert       list.o
    0x08090a78   0x00000018   Code   RO         7207    i.vListInsertEnd    list.o
    0x08090a90   0x00000040   Code   RO         7678    i.vPortEnterCritical  port.o
    0x08090ad0   0x00000028   Code   RO         7679    i.vPortExitCritical  port.o
    0x08090af8   0x0000005c   Code   RO         7053    i.vPortFree         heap_4.o
    0x08090b54   0x00000020   Code   RO         7680    i.vPortSetupTimerInterrupt  port.o
    0x08090b74   0x00000054   Code   RO         7681    i.vPortValidateInterruptPriority  port.o
    0x08090bc8   0x00000068   Code   RO         7253    i.vTaskDelay        tasks.o
    0x08090c30   0x0000000c   Code   RO         7256    i.vTaskMissedYield  tasks.o
    0x08090c3c   0x00000064   Code   RO         7258    i.vTaskPlaceOnEventList  tasks.o
    0x08090ca0   0x00000084   Code   RO         7260    i.vTaskPriorityInherit  tasks.o
    0x08090d24   0x00000024   Code   RO         7264    i.vTaskSetTimeOutState  tasks.o
    0x08090d48   0x00000068   Code   RO         7265    i.vTaskStartScheduler  tasks.o
    0x08090db0   0x00000010   Code   RO         7267    i.vTaskSuspendAll   tasks.o
    0x08090dc0   0x0000005c   Code   RO         7268    i.vTaskSwitchContext  tasks.o
    0x08090e1c   0x000000e0   Code   RO         7682    i.xPortStartScheduler  port.o
    0x08090efc   0x0000002c   Code   RO         7683    i.xPortSysTickHandler  port.o
    0x08090f28   0x0000004a   Code   RO         7533    i.xQueueCreateMutex  queue.o
    0x08090f72   0x00000064   Code   RO         7534    i.xQueueGenericCreate  queue.o
    0x08090fd6   0x00000002   PAD
    0x08090fd8   0x0000016c   Code   RO         7535    i.xQueueGenericReceive  queue.o
    0x08091144   0x00000084   Code   RO         7536    i.xQueueGenericReset  queue.o
    0x080911c8   0x00000160   Code   RO         7537    i.xQueueGenericSend  queue.o
    0x08091328   0x000000b6   Code   RO         7538    i.xQueueGenericSendFromISR  queue.o
    0x080913de   0x00000002   PAD
    0x080913e0   0x0000006c   Code   RO         7269    i.xTaskCheckForTimeOut  tasks.o
    0x0809144c   0x000001bc   Code   RO         7270    i.xTaskGenericCreate  tasks.o
    0x08091608   0x0000001c   Code   RO         7274    i.xTaskGetSchedulerState  tasks.o
    0x08091624   0x000000cc   Code   RO         7277    i.xTaskIncrementTick  tasks.o
    0x080916f0   0x00000098   Code   RO         7280    i.xTaskPriorityDisinherit  tasks.o
    0x08091788   0x00000074   Code   RO         7281    i.xTaskRemoveFromEventList  tasks.o
    0x080917fc   0x000000c4   Code   RO         7283    i.xTaskResumeAll    tasks.o
    0x080918c0   0x00000010   Data   RO          534    .constdata          stm32f4xx_hal_rcc.o
    0x080918d0   0x00000008   Data   RO         1526    .constdata          stm32f4xx_hal_dma.o
    0x080918d8   0x00000080   Data   RO         4562    .constdata          main.o
    0x08091958   0x00003910   Data   RO         5178    .constdata          snore.o
    0x08095268   0x00000010   Data   RO         8220    .constdata          Airsensor.lib(arm_const_structs.o)
    0x08095278   0x00000800   Data   RO         8299    .constdata          Airsensor.lib(arm_common_tables.o)
    0x08095a78   0x00000370   Data   RO         8328    .constdata          Airsensor.lib(arm_common_tables.o)
    0x08095de8   0x00000038   Data   RO         8376    .constdata          m_wm.l(log.o)
    0x08095e20   0x00000088   Data   RO         8402    .constdata          m_wm.l(pow.o)
    0x08095ea8   0x00000008   Data   RO         8737    .constdata          m_wm.l(qnan.o)
    0x08095eb0   0x00000051   Data   RO         4563    .conststring        main.o
    0x08095f01   0x00000003   PAD
    0x08095f04   0x00000005   Data   RO         5366    .conststring        tuwan.o
    0x08095f09   0x00000003   PAD
    0x08095f0c   0x00000004   Data   RO         6626    .conststring        bluetooth.o
    0x08095f10   0x00000020   Data   RO         8803    Region$$Table       anon$$obj.o


    Execution Region RW_IRAM1 (Base: 0x20000000, Size: 0x0001d758, Max: 0x00020000, ABSOLUTE, COMPRESSED[0x00000250])

    Base Addr    Size         Type   Attr      Idx    E Section Name        Object

    0x20000000   0x00000004   Data   RW          646    .data               stm32f4xx_hal.o
    0x20000004   0x00000001   Data   RW         4177    .data               forthwords.o
    0x20000005   0x00000003   PAD
    0x20000008   0x0000002c   Data   RW         4564    .data               main.o
    0x20000034   0x00000001   Data   RW         5105    .data               i2s.o
    0x20000035   0x00000001   PAD
    0x20000036   0x00000004   Data   RW         5106    .data               i2s.o
    0x2000003a   0x00000002   PAD
    0x2000003c   0x00000004   Data   RW         5108    .data               i2s.o
    0x20000040   0x00000058   Data   RW         5179    .data               snore.o
    0x20000098   0x00000034   Data   RW         5368    .data               tuwan.o
    0x200000cc   0x00000001   Data   RW         5371    .data               tuwan.o
    0x200000cd   0x00000001   Data   RW         5372    .data               tuwan.o
    0x200000ce   0x00000001   Data   RW         5374    .data               tuwan.o
    0x200000cf   0x00000001   Data   RW         5377    .data               tuwan.o
    0x200000d0   0x00000001   Data   RW         5692    .data               inputoutput.o
    0x200000d1   0x00000003   PAD
    0x200000d4   0x00000008   Data   RW         5815    .data               w25q16.o
    0x200000dc   0x0000006c   Data   RW         5937    .data               position.o
    0x20000148   0x00000008   Data   RW         5938    .data               position.o
    0x20000150   0x00000001   Data   RW         5940    .data               position.o
    0x20000151   0x00000001   PAD
    0x20000152   0x00000002   Data   RW         5943    .data               position.o
    0x20000154   0x00000001   Data   RW         5944    .data               position.o
    0x20000155   0x00000004   Data   RW         5946    .data               position.o
    0x20000159   0x00000001   Data   RW         5950    .data               position.o
    0x2000015a   0x00000001   Data   RW         5955    .data               position.o
    0x2000015b   0x00000001   PAD
    0x2000015c   0x0000003c   Data   RW         6237    .data               actiontask.o
    0x20000198   0x00000004   Data   RW         6242    .data               actiontask.o
    0x2000019c   0x00000001   Data   RW         6243    .data               actiontask.o
    0x2000019d   0x00000003   PAD
    0x200001a0   0x0000001c   Data   RW         6450    .data               snoretask.o
    0x200001bc   0x00000004   Data   RW         6498    .data               spiflashfilesys.o
    0x200001c0   0x00000008   Data   RW         6627    .data               bluetooth.o
    0x200001c8   0x00000018   Data   RW         7058    .data               heap_4.o
    0x200001e0   0x00000038   Data   RW         7286    .data               tasks.o
    0x20000218   0x0000000c   Data   RW         7684    .data               port.o
    0x20000224   0x00000004   Data   RW         7745    .data               system_stm32f4xx.o
    0x20000228   0x00000304   Data   RW         7774    .data               libPDMFilter_Keil.lib(pdm_filter.o)
    0x2000052c   0x00000004   Data   RW         8780    .data               mc_w.l(errno.o)
    0x20000530   0x00000020   Zero   RW         2903    .bss                stm32f4xx_hal_flash.o
    0x20000550   0x00000250   Zero   RW         4557    .bss                main.o
    0x200007a0   0x00000060   Zero   RW         4559    .bss                main.o
    0x20000800   0x00000060   Zero   RW         4560    .bss                main.o
    0x20000860   0x00000060   Zero   RW         4561    .bss                main.o
    0x200008c0   0x0000003c   Zero   RW         4960    .bss                stm32f4xx_hal_timebase_tim.o
    0x200008fc   0x00000020   Zero   RW         5008    .bss                flash.o
    0x2000091c   0x00001510   Zero   RW         5102    .bss                i2s.o
    0x20001e2c   0x0000cde4   Zero   RW         5177    .bss                snore.o
    0x2000ec10   0x00000340   Zero   RW         5363    .bss                tuwan.o
    0x2000ef50   0x000000a0   Zero   RW         5935    .bss                position.o
    0x2000eff0   0x000031e0   Zero   RW         5936    .bss                position.o
    0x200121d0   0x000001c4   Zero   RW         6232    .bss                actiontask.o
    0x20012394   0x0000001c   Zero   RW         6233    .bss                actiontask.o
    0x200123b0   0x00000200   Zero   RW         6449    .bss                snoretask.o
    0x200125b0   0x00000040   Zero   RW         6497    .bss                spiflashfilesys.o
    0x200125f0   0x00000072   Zero   RW         6625    .bss                bluetooth.o
    0x20012662   0x00009000   Zero   RW         7057    .bss                heap_4.o
    0x2001b662   0x00000002   PAD
    0x2001b664   0x000000f0   Zero   RW         7285    .bss                tasks.o
    0x2001b754   0x00000004   PAD
    0x2001b758   0x00002000   Zero   RW         6705    STACK               startup_stm32f405xx.o


==============================================================================

Image component sizes


      Code (inc. data)   RO Data    RW Data    ZI Data      Debug   Object Name

      4696        210          0         65        480      18291   actiontask.o
       912        116          4          8        114       7379   bluetooth.o
       120          0          0          0          0      14690   cmsis_os.o
         0          0          0          0          0       8452   event_groups.o
       316         44          0          0         32       7098   flash.o
         0          0          0          0          0      25279   forthdecode.o
         0          0          0          0          0       1472   forthteminal.o
         0          0          0          1          0        254   forthwords.o
       460         24          0         24      36864       7459   heap_4.o
       420         86          0          9       5392       9762   i2s.o
       366         56          0          1          0       7220   inputoutput.o
       136          0          0          0          0       3754   list.o
      2424        244        209         44        880      21199   main.o
       754         84          0         12          0       9657   port.o
      5968        738          0        126      12928      31848   position.o
       198          0          0          0          0       2039   qstruct.o
      1452         16          0          0          0      12353   queue.o
      6744        470      14608         88      52708      38011   snore.o
       304         56          0         28        512       2980   snoretask.o
       816         52          0          4         64       7341   spiflashfilesys.o
        36          8        392          0       8192        828   startup_stm32f405xx.o
       102         16          0          4          0       3780   stm32f4xx_hal.o
      1244         38          0          0          0       5874   stm32f4xx_hal_adc.o
         2          0          0          0          0       1049   stm32f4xx_hal_adc_ex.o
       254         24          0          0          0      31920   stm32f4xx_hal_cortex.o
       952         22          8          0          0       6762   stm32f4xx_hal_dma.o
       612         84          0          0         32       8276   stm32f4xx_hal_flash.o
       364         22          0          0          0       4182   stm32f4xx_hal_flash_ex.o
       476         50          0          0          0       3986   stm32f4xx_hal_gpio.o
         0          0          0          0          0     355248   stm32f4xx_hal_i2c_ex.o
       422         12          0          0          0       6050   stm32f4xx_hal_i2s.o
      1448         56          0          0          0       5671   stm32f4xx_hal_i2s_ex.o
       884        116          0          0          0       5571   stm32f4xx_hal_msp.o
        76         10          0          0          0        759   stm32f4xx_hal_pwr_ex.o
      1404         90         16          0          0       6880   stm32f4xx_hal_rcc.o
       336         20          0          0          0       1444   stm32f4xx_hal_rcc_ex.o
       912         26          0          0          0       7836   stm32f4xx_hal_rtc.o
      1012          4          0          0          0       6942   stm32f4xx_hal_spi.o
       678         44          0          0          0       7466   stm32f4xx_hal_tim.o
        84          0          0          0          0       2554   stm32f4xx_hal_tim_ex.o
       116         16          0          0         60       1548   stm32f4xx_hal_timebase_tim.o
      1690         28          0          0          0      12045   stm32f4xx_hal_uart.o
       180         66          0          0          0       8976   stm32f4xx_it.o
        88         22          0          4          0       1453   system_stm32f4xx.o
      2076        170          0         56        240      21452   tasks.o
     11240       1096          5         56        832      48477   tuwan.o
       750         52          0          8          0       8422   w25q16.o

    ----------------------------------------------------------------------
     53572       4288      15280        552     119336     811989   Object Totals
         0          0         32          0          0          0   (incl. Generated)
        48          0          6         14          6          0   (incl. Padding)

    ----------------------------------------------------------------------

      Code (inc. data)   RO Data    RW Data    ZI Data      Debug   Library Member Name

       192          0          0          0          0        528   arm_bitreversal2.o
      1826          0          0          0          0       3953   arm_cfft_f32.o
      1244          4          0          0          0       3087   arm_cfft_radix8_f32.o
       252          6          0          0          0      14464   arm_cmplx_mag_f32.o
         0          0       2928          0          0       4636   arm_common_tables.o
         0          0         16          0          0       2191   arm_const_structs.o
       260          4          0          0          0      17475   arm_dot_prod_f32.o
       210          0          0          0          0       1163   arm_mult_f32.o
       204          6          0          0          0       1088   arm_power_f32.o
       210          0          0          0          0       1102   arm_sub_f32.o
      2060         20          0          0          0      12952   position.o
      3068         54          0        772          0        268   pdm_filter.o
       184         44          0          0          0        744   dunder.o
        24          0          0          0          0        124   fabs.o
        48          0          0          0          0        124   fpclassify.o
       980         92         56          0          0        440   log.o
       304         44          0          0          0        200   log10.o
       248          0          0          0          0        152   poly.o
      3152        296        136          0          0        352   pow.o
         0          0          8          0          0          0   qnan.o
       110          0          0          0          0        148   sqrt_full.o
        86          0          0          0          0          0   __dczerorl2.o
         0          0          0          0          0          0   entry.o
         0          0          0          0          0          0   entry10a.o
         0          0          0          0          0          0   entry11a.o
         8          4          0          0          0          0   entry2.o
         4          0          0          0          0          0   entry5.o
         0          0          0          0          0          0   entry7b.o
         0          0          0          0          0          0   entry8b.o
         8          4          0          0          0          0   entry9a.o
        12          6          0          4          0         68   errno.o
        30          0          0          0          0          0   handlers.o
        36          8          0          0          0         68   init.o
         0          0          0          0          0          0   iusefp.o
        30          0          0          0          0         68   llshl.o
        36          0          0          0          0         68   llsshr.o
        32          0          0          0          0         68   llushr.o
        36          0          0          0          0         68   memcpya.o
        36          0          0          0          0        108   memseta.o
      1172         50          0          0          0        420   printf8.o
        14          0          0          0          0         68   strlen.o
        98          0          0          0          0         92   uldiv.o
        48          0          0          0          0         68   cdcmple.o
        48          0          0          0          0         68   cdrcmple.o
        56          0          0          0          0         88   d2f.o
       334          0          0          0          0        148   dadd.o
       222          0          0          0          0        100   ddiv.o
       186          0          0          0          0        176   depilogue.o
        62          0          0          0          0         80   dfixi.o
        50          0          0          0          0         76   dfixui.o
        34          0          0          0          0         76   dflti.o
        26          0          0          0          0         76   dfltui.o
       228          0          0          0          0         96   dmul.o
        46          0          0          0          0         80   dscalb.o
       162          0          0          0          0        100   dsqrt.o
        38          0          0          0          0         68   f2d.o
       110          0          0          0          0        168   fepilogue.o
        24          0          0          0          0         68   fscalb.o

    ----------------------------------------------------------------------
     17908        646       3144        776          0      67823   Library Totals
        20          4          0          0          0          0   (incl. Padding)

    ----------------------------------------------------------------------

      Code (inc. data)   RO Data    RW Data    ZI Data      Debug   Library Name

      6458         40       2944          0          0      62639   Airsensor.lib
      3068         54          0        772          0        268   libPDMFilter_Keil.lib
      5050        476        200          0          0       2284   m_wm.l
      1638         72          0          4          0       1096   mc_w.l
      1674          0          0          0          0       1536   mf_w.l

    ----------------------------------------------------------------------
     17908        646       3144        776          0      67823   Library Totals

    ----------------------------------------------------------------------

==============================================================================


      Code (inc. data)   RO Data    RW Data    ZI Data      Debug   

     71480       4934      18424       1328     119336     842940   Grand Totals
     71480       4934      18424        592     119336     842940   ELF Image Totals (compressed)
     71480       4934      18424        592          0          0   ROM Totals

==============================================================================

    Total RO  Size (Code + RO Data)                89904 (  87.80kB)
    Total RW  Size (RW Data + ZI Data)            120664 ( 117.84kB)
    Total ROM Size (Code + RO Data + RW Data)      90496 (  88.38kB)

==============================================================================

